02-15 10:34:29.045 7430  7556  D MiuiDecorationBase: updateSampling_BottomCaption: taskId = 22526 scale = 1.0 mTaskBounds = Rect(0, 0 - 1080, 2400) mCaptionVisibility = true mIsFsgestureEntered = false isRunningAnim = false isDraggingRecent = false isFreeformElude = false isDecorationShowing = false shouldEnableSampling = false
02-15 10:34:29.037 4350  4350  W .ddplaytv.debug: type=1400 audit(0.0:4538877): avc:  denied  { read } for  name="u:object_r:vendor_display_prop:s0" dev="tmpfs" ino=534 scontext=u:r:untrusted_app:s0:c76,c258,c512,c768 tcontext=u:object_r:vendor_display_prop:s0 tclass=file permissive=0 app=com.okamihoro.ddplaytv.debug
02-15 10:34:29.041 4350  4350  W .ddplaytv.debug: type=1400 audit(0.0:4538878): avc:  denied  { read } for  name="u:object_r:vendor_display_prop:s0" dev="tmpfs" ino=534 scontext=u:r:untrusted_app:s0:c76,c258,c512,c768 tcontext=u:object_r:vendor_display_prop:s0 tclass=file permissive=0 app=com.okamihoro.ddplaytv.debug
02-15 10:34:29.045 2870  8428  E TransitionChain: Mismatch between current collecting (TransitionRecord{372a06b id=9084 type=OPEN flags=0x0 c=[
   ChangeInfo{d626137 container=ActivityRecord{8258296 u0 com.okamihoro.ddplaytv.debug/com.xyoye.player_component.ui.activities.player.PlayerActivity t22580} flags=0x0}
   ChangeInfo{cd9a99 container=ActivityRecord{40966088 u0 com.okamihoro.ddplaytv.debug/com.xyoye.player_component.ui.activities.player_interceptor.PlayerInterceptorActivity t22580 f}} flags=0x0}
   ChangeInfo{61d5c09 container=ActivityRecord{157219382 u0 com.okamihoro.ddplaytv.debug/com.xyoye.storage_component.ui.activities.storage_file.StorageFileActivity t22580} flags=0x0}
   ChangeInfo{7fba15e container=Task{a08106c #22580 type=standard A=10588:com.okamihoro.ddplaytv.debug} flags=0x0}
   ChangeInfo{e02893f container=DefaultTaskDisplayArea@177495980 flags=0x0}
   ChangeInfo{29fd20c container=Display{#0 state=ON size=1080x2400 ROTATION_0} flags=0x0}
]
}) and chain (TransitionRecord{372a06b id=9084 type=OPEN flags=0x0 c=[
   ChangeInfo{d626137 container=ActivityRecord{8258296 u0 com.okamihoro.ddplaytv.debug/com.xyoye.player_component.ui.activities.player.PlayerActivity t22580} flags=0x0}
   ChangeInfo{cd9a99 container=ActivityRecord{40966088 u0 com.okamihoro.ddplaytv.debug/com.xyoye.player_component.ui.activities.player_interceptor.PlayerInterceptorActivity t22580 f}} flags=0x0}
   ChangeInfo{61d5c09 container=ActivityRecord{157219382 u0 com.okamihoro.ddplaytv.debug/com.xyoye.storage_component.ui.activities.storage_file.StorageFileActivity t22580} flags=0x0}
   ChangeInfo{7fba15e container=Task{a08106c #22580 type=standard A=10588:com.okamihoro.ddplaytv.debug} flags=0x0}
   ChangeInfo{e02893f container=DefaultTaskDisplayArea@177495980 flags=0x0}
   ChangeInfo{29fd20c container=Display{#0 state=ON size=1080x2400 ROTATION_0} flags=0x0}
]
})
02-15 10:34:29.045 2870  8428  D ActivityTaskManager:  setSkipCaptureLayers tr: Task{a08106c #22580 type=standard A=10588:com.okamihoro.ddplaytv.debug}
02-15 10:34:29.046 12128 15553 W ContextImpl: Calling a method in the system process without a qualified user: android.app.ContextImpl.sendStickyBroadcast:1670 android.content.ContextWrapper.sendStickyBroadcast:714 com.miui.powerkeeper.statemachine.FullScreenHandler.sendBroadcast:21 com.miui.powerkeeper.statemachine.PowerStateMachine.handleMessage:379 android.os.Handler.dispatchMessage:114
02-15 10:34:29.046 20509 21004 W RecentsModel: getRunningTask   taskInfo=TaskInfo{userId=0 taskId=22580 effectiveUid=10588 displayId=0 isRunning=true baseIntent=Intent { act=android.intent.action.MAIN cat=[android.intent.category.LAUNCHER] flg=0x10300000 cmp=com.okamihoro.ddplaytv.debug/com.okamihoro.ddplaytv.ui.splash.SplashActivity } baseActivity=ComponentInfo{com.okamihoro.ddplaytv.debug/com.okamihoro.ddplaytv.ui.main.MainActivity} topActivity=ComponentInfo{com.okamihoro.ddplaytv.debug/com.xyoye.player_component.ui.activities.player.PlayerActivity} origActivity=null realActivity=ComponentInfo{com.okamihoro.ddplaytv.debug/com.okamihoro.ddplaytv.ui.splash.SplashActivity} numActivities=3 lastActiveTime=840455945 supportsSplitScreenMultiWindow=true mSoScDisplayMode=-1 supportsMultiWindow=true resizeMode=1 isResizeable=true minWidth=-1 minHeight=-1 defaultMinSize=200 token=WCT{android.window.IWindowContainerToken$Stub$Proxy@43aa155} topActivityType=1 pictureInPictureParams=null shouldDockBigOverlays=false launchIntoPipHostTaskId=-1 lastParentTaskIdBeforePip=-1 displayCutoutSafeInsets=Rect(0, 0 - 0, 1320) topActivityInfo=ActivityInfo{6dcc76a com.xyoye.player_component.ui.activities.player.PlayerActivity} launchCookies=[] positionInParent=Point(0, 0) parentTaskId=-1 isFocused=true isVisible=true isVisibleRequested=true isTopActivityNoDisplay=false isSleeping=false locusId=null displayAreaFeatureId=1 isTopActivityTransparent=false isActivityStackTransparent=false lastNonFullscreenBounds=Rect(282, 691 - 799, 1771) capturedLink=null capturedLinkTimestamp=0 requestedVisibleTypes=-16 topActivityRequestOpenInBrowserEducationTimestamp=0 appCompatTaskInfo=AppCompatTaskInfo { topActivityInSizeCompat=false eligibleForLetterboxEducation= false topActivityInMiuiSizeCompat=false isLetterboxEducationEnabled= false isLetterboxDoubleTapEnabled= false eligibleForUserAspectRatioButton= false topActivityBoundsLetterboxed= false isFromLetterboxDoubleTap= false topActivityLetterboxVerticalPosition= -1 topActivityLetterboxHorizontalPosition= -1 topActivityLetterboxWidth=-1 topActivityLetterboxHeight=-1 topActivityAppBounds=Rect(0, 0 - 2400, 1080) isUserFullscreenOverrideEnabled=false isSystemFullscreenOverrideEnabled=false hasMinAspectRatioOverride=false topActivityLetterboxBounds=null cameraCompatTaskInfo=CameraCompatTaskInfo { freeformCameraCompatMode=inactive}} isImmersive=true mTopActivityRequestOrientation=0 mStatusBarParent=null mNavBarParent=null mBehindAppLockPkg=null mOriginatingUid=0 isEmbedded=false shouldBeVisible=true isCreatedByOrganizer=false mIsCastMode=false mTopActivityMediaSize=null mTopActivityRecordName=ActivityRecord{8258296 u0 com.okamihoro.ddplaytv.debug/com.xyoye.player_component.ui.activities.player.PlayerActivity t22580} mTopActivityOrientation=0 topActivityMainWindowFrame=null}
02-15 10:34:29.046 20509 21004 E ActivityManagerWrapper: get all recent tasks force including 22580 userId =0
02-15 10:34:29.046 31018 31194 I travelService_ActivityObserverUtils: activityResumed ComponentInfo{com.okamihoro.ddplaytv.debug/com.xyoye.player_component.ui.activities.player.PlayerActivity}
02-15 10:34:29.046 7430  7430  D NavigationBar: insetsHeight: 42
02-15 10:34:29.046 7430  7430  D NavigationBar: insetsHeight: 42
02-15 10:34:29.046 7430  7430  D NavigationBar: insetsHeight: 42
02-15 10:34:29.046 2870  8428  W ActivityManagerServiceImpl: Sending non-protected broadcast com.miui.powerKeeper.THERMAL_FULLSCREEN_STATE_CHANGED from system 12128:com.miui.powerkeeper/1000 pkg com.miui.powerkeeper. Callers=
02-15 10:34:29.046 7430  7430  D NavigationBar: insetsHeight: 42
02-15 10:34:29.046 7430  7430  D NavigationBar: insetsHeight: 42
02-15 10:34:29.047 7430  7430  D PrivacyNewController: handleMessage:11
02-15 10:34:29.047 7430  7430  E BoostHelper: increaseMainAndRenderThreadPriority current, don't increase
02-15 10:34:29.047 7430  7430  D CommandQueueCallback: onSystemBarAttributesChanged (16777216, 0)
02-15 10:34:29.047 7430  7601  I MiuiDecorationSamplingHelper: CompositionSamplingListener.unregister mAttached=true, mSamplingEnabled=false, mSamplingRect=Rect(351, 2373 - 729, 2383), mView=MiuiBottomBarView#20430319
02-15 10:34:29.047 2391  2597  I BpBinder: onLastStrongRef automatically unlinking death recipients:
02-15 10:34:29.048 2870  5375  D AppResurrectionServiceImpl: keepTaskInRecent ret false, task.getChildCount():4 > allow:3, tv.danmaku.bili
02-15 10:34:29.048 7924  25375 E SystemUtils: appIsTopAndXSpace: package com.okamihoro.ddplaytv.debug, result false
02-15 10:34:29.049 4350  4350  D VRI[PlayerActivity]: vri.reportNextDraw 0 Rect(0, 0 - 2400, 1080) android.view.ViewRootImpl.performTraversals:5618 android.view.ViewRootImpl.doTraversal:4165 android.view.ViewRootImpl$TraversalRunnable.run:12567 android.view.Choreographer$CallbackRecord.run:2040 android.view.Choreographer$CallbackRecord.run:2049
02-15 10:34:29.049 4350  4350  D SurfaceView: UPDATE null, mIsCastMode = false
02-15 10:34:29.050 4350  4350  D ViewRootImplStubImpl: onSurfaceViewAttached:
, vri:android.view.ViewRootImpl@d2c8ba5, com.okamihoro.ddplaytv.debug/com.xyoye.player_component.ui.activities.player.PlayerActivity
, vri size:2400x1080
, surfaceView:com.xyoye.player.surface.RenderMpvSurfaceView{a6e5b62 V.E...... ......ID 0,0-2400,1080}, SurfaceView[com.okamihoro.ddplaytv.debug/com.xyoye.player_component.ui.activities.player.PlayerActivity]
, surfaceView size:2400x1080
, surfaceControl:Surface(name=a6e5b62 SurfaceView[com.okamihoro.ddplaytv.debug/com.xyoye.player_component.ui.activities.player.PlayerActivity](BLAST)#140848)/@0x521eb7a
02-15 10:34:29.050 2130  5577  D SDM: HWCSession::NotifyCWBStatus: Notify the client about buffer status 0. Display: 0
02-15 10:34:29.050 2130  5577  I SDM: HWCSession::ProcessCWBStatus: CWB queue is empty. display_index: 0
02-15 10:34:29.045 4350  4350  W .ddplaytv.debug: type=1400 audit(0.0:4538879): avc:  denied  { read } for  name="u:object_r:vendor_display_prop:s0" dev="tmpfs" ino=534 scontext=u:r:untrusted_app:s0:c76,c258,c512,c768 tcontext=u:object_r:vendor_display_prop:s0 tclass=file permissive=0 app=com.okamihoro.ddplaytv.debug
02-15 10:34:29.050 4350  4350  W libc: Access denied finding property "vendor.display.enable_optimal_refresh_rate"
02-15 10:34:29.045 4350  4350  W .ddplaytv.debug: type=1400 audit(0.0:4538880): avc:  denied  { read } for  name="u:object_r:vendor_display_prop:s0" dev="tmpfs" ino=534 scontext=u:r:untrusted_app:s0:c76,c258,c512,c768 tcontext=u:object_r:vendor_display_prop:s0 tclass=file permissive=0 app=com.okamihoro.ddplaytv.debug
02-15 10:34:29.051 4350  4350  W libc: Access denied finding property "vendor.display.enable_optimal_refresh_rate"
02-15 10:34:29.051 4350  32479 I mpv_bridge: mpv[cplayer][v] Set property: vo="mediacodec_embed" -> 1
02-15 10:34:29.049 4350  4350  W .ddplaytv.debug: type=1400 audit(0.0:4538881): avc:  denied  { read } for  name="u:object_r:vendor_display_prop:s0" dev="tmpfs" ino=534 scontext=u:r:untrusted_app:s0:c76,c258,c512,c768 tcontext=u:object_r:vendor_display_prop:s0 tclass=file permissive=0 app=com.okamihoro.ddplaytv.debug
02-15 10:34:29.051 4350  32479 I mpv_bridge: mpv[cplayer][v] Set property: force-window="yes" -> 1
02-15 10:34:29.051 4350  4350  D mpv_bridge: nativeSetSurface updated Surface(wid ref): 0x3b2e
02-15 10:34:29.051 4350  32479 I mpv_bridge: mpv[cplayer][v] Set property: android-surface-size="2400x1080" -> 1
02-15 10:34:29.051 4350  32479 I mpv_bridge: mpv[cplayer][v] Set property: glsl-shaders -> 1
02-15 10:34:29.052 4350  32479 I mpv_bridge: mpv[cplayer][v] Set property: android-surface-size="2400x1080" -> 1
02-15 10:34:29.052 4350  32479 I mpv_bridge: mpv[cplayer][v] Set property: android-surface-size="2400x1080" -> 1
02-15 10:34:29.052 4350  4350  D SurfaceView: UPDATE null, mIsCastMode = false
02-15 10:34:29.052 7430  7430  D VRI[NavigationBar0]: getMiuiFreeformStackInfo mTmpFrames.miuiFreeFormStackInfo: null
02-15 10:34:29.052 4350  4350  D ViewRootImplStubImpl: onSurfaceViewAttached:
, vri:android.view.ViewRootImpl@d2c8ba5, com.okamihoro.ddplaytv.debug/com.xyoye.player_component.ui.activities.player.PlayerActivity
, vri size:2400x1080
, surfaceView:com.xyoye.player.subtitle.ui.SubtitleSurfaceOverlay{a0f4f3 V.E...... ......ID 0,0-2400,1080}, SurfaceView[com.okamihoro.ddplaytv.debug/com.xyoye.player_component.ui.activities.player.PlayerActivity]
, surfaceView size:2400x1080
, surfaceControl:Surface(name=a0f4f3 SurfaceView[com.okamihoro.ddplaytv.debug/com.xyoye.player_component.ui.activities.player.PlayerActivity](BLAST)#140851)/@0xda10f88
02-15 10:34:29.053 4350  4350  W libc: Access denied finding property "vendor.display.enable_optimal_refresh_rate"
02-15 10:34:29.053 20509 20509 W NavStubView_Touch: onComputeInternalInsets  bounds=Rect(0, 0 - 1080, 68)   mHideGestureLine=false   mIsShowNavBar=false   mKeepHidden=false   mDisableTouch=false   mUseEmptyTouchableRegion=false
02-15 10:34:29.053 20509 20509 D NavStubView: Hot Area Rect: Rect(334, 2332 - 746, 2400)
02-15 10:34:29.053 4350  4350  W libc: Access denied finding property "vendor.display.enable_optimal_refresh_rate"
02-15 10:34:29.053 20509 20509 W NavStubView_Touch:   onComputeInternalInsets  empty
02-15 10:34:29.053 20509 20509 W NavStubView_Touch:   onComputeInternalInsets  path.addRect: NavStubTraggeRange=NavStubTraggeRange{mLeftRange=RectF(0.0, 0.0, 0.0, 0.0), mCenterRange=RectF(0.0, 0.0, 0.0, 0.0), mRightRange=RectF(0.0, 0.0, 0.0, 0.0)}
02-15 10:34:29.054 2870  8428  D BarFollowAnimation: pairAppearanceRegionAndWin win=Window{fb16f41 u0 com.okamihoro.ddplaytv.debug/com.xyoye.storage_component.ui.activities.storage_file.StorageFileActivity} 0
02-15 10:34:29.054 3436  5560  D libsensor-parseRGB: the value of RGB [50.418860 48.407297 41.687256]
02-15 10:34:29.054 4350  19131 I DDLog-subtitle-SUB-FALL: INFO/subtitle [subtitle:SUB-FALLBACK] #580: recovery target=GPU_GL success=true reason=SURFACE_LOST surface=null
02-15 10:34:29.054 2870  8428  D BarFollowAnimation: isAppTaskBarOnTop win:Window{29ff704 u0 com.okamihoro.ddplaytv.debug/com.xyoye.player_component.ui.activities.player.PlayerActivity} (mCurrentTopTask:Task{a08106c #22580 type=standard A=10588:com.okamihoro.ddplaytv.debug} : true); (mAssociatedTask:Task{a08106c #22580 type=standard A=10588:com.okamihoro.ddplaytv.debug} : true); (mHomeTask:Task{24c4b17 #22534 type=home} : false); mReparentToOriginParent:false mLastAppBarVisible:true mLastHomeBarVisible:false
02-15 10:34:29.054 4350  4350  D VRI[PlayerActivity]: vri.Setup new sync=wmsSync-VRI[PlayerActivity]#70
02-15 10:34:29.055 2870  8428  D MiuiRefreshRatePolicy: reset
02-15 10:34:29.055 4350  32480 I AssGpuBridge: GPU surface attached
02-15 10:34:29.055 7430  7430  D KeyguardEditorHelper: onTopActivityMayChanged, topActivity=ComponentInfo{com.okamihoro.ddplaytv.debug/com.xyoye.player_component.ui.activities.player.PlayerActivity}; mState=IDEL
02-15 10:34:29.056 2870  8428  I BLASTSyncEngine: SyncGroup 9084:  Unfinished container:ActivityRecord{8258296 u0 com.okamihoro.ddplaytv.debug/com.xyoye.player_component.ui.activities.player.PlayerActivity t22580}
02-15 10:34:29.056 2870  8428  I BLASTSyncEngine: isActivitySyncFinished isSyncFinished false ActivityRecord{8258296 u0 com.okamihoro.ddplaytv.debug/com.xyoye.player_component.ui.activities.player.PlayerActivity t22580}
02-15 10:34:29.056 4350  32480 W .ddplaytv.debug: Binder 0xb4000075550d1720 destroyed after setInheritRt before being parceled.
02-15 10:34:29.056 20509 21004 E ActivityManagerWrapper: getRecentTasksForceIncludingTaskIdIfValid: getRecentTasks: size=13
 mainTaskId=22580   userId=0   windowMode=1   isExcludedFromRecents=false   baseIntent=Intent { act=android.intent.action.MAIN flag=271581184 cmp=ComponentInfo{com.okamihoro.ddplaytv.debug/com.okamihoro.ddplaytv.ui.splash.SplashActivity} }
 mainTaskId=22583   userId=0   windowMode=1   isExcludedFromRecents=false   baseIntent=Intent { act=android.intent.action.MAIN flag=270532608 cmp=ComponentInfo{com.ylmf.androidclient/com.main.partner.user.activity.LogActivity} }
 mainTaskId=22525   userId=0   windowMode=1   isExcludedFromRecents=false   baseIntent=Intent { act=android.intent.action.MAIN flag=270532608 cmp=ComponentInfo{tv.danmaku.bili/tv.danmaku.bili.MainActivityV2} }
 mainTaskId=22561   userId=0   windowMode=1   isExcludedFromRecents=false   baseIntent=Intent { act=null flag=469762048 cmp=ComponentInfo{com.tencent.mm/com.tencent.mm.ui.chatting.variants.ChattingMainUI} }
 mainTaskId=22554   userId=0   windowMode=1   isExcludedFromRecents=false   baseIntent=Intent { act=android.intent.action.MAIN flag=270532608 cmp=ComponentInfo{com.android.calendar/com.android.calendar.homepage.AllInOneActivity} }
 mainTaskId=22574   userId=0   windowMode=1   isExcludedFromRecents=false   baseIntent=Intent { act=android.intent.action.MAIN flag=270532608 cmp=ComponentInfo{com.taobao.taobao/com.taobao.tao.welcome.Welcome} }
 mainTaskId=22526   userId=0   windowMode=1   isExcludedFromRecents=false   baseIntent=Intent { act=android.intent.action.MAIN flag=270532608 cmp=ComponentInfo{com.yaya.zone/cn.me.android.splash.activity.SplashActivity} }
 mainTaskId=22570   userId=0   windowMode=1   isExcludedFromRecents=false   baseIntent=Intent { act=android.intent.action.MAIN flag=270532608 cmp=ComponentInfo{com.miui.weather2/com.miui.weather2.ActivityWeatherMain} }
 mainTaskId=22568   userId=0   windowMode=1   isExcludedFromRecents=false   baseIntent=Intent { act=android.intent.action.MAIN flag=270532608 cmp=ComponentInfo{com.eg.android.AlipayGphone/com.eg.android.AlipayGphone.AlipayLogin} }
 mainTaskId=22565   userId=0   windowMode=1   isExcludedFromRecents=false   baseIntent=Intent { act=android.intent.action.MAIN flag=270532608 cmp=ComponentInfo{com.jingdong.app.mall/com.jingdong.app.mall.MainFrameActivity} }
 mainTaskId=22564   userId=0   windowMode=1   isExcludedFromRecents=false   baseIntent=Intent { act=android.intent.action.MAIN flag=270532608 cmp=ComponentInfo{com.taobao.idlefish/com.taobao.fleamarket.home.activity.InitActivity} }
 mainTaskId=22557   userId=0   windowMode=1   isExcludedFromRecents=false   baseIntent=Intent { act=android.intent.action.MAIN flag=270532608 cmp=ComponentInfo{com.xunmeng.pinduoduo/com.xunmeng.pinduoduo.ui.activity.MainFrameActivity} }
 mainTaskId=22562   userId=0   windowMode=1   isExcludedFromRecents=false   baseIntent=Intent { act=android.intent.action.MAIN flag=270532608 cmp=ComponentInfo{com.microsoft.emmx/com.microsoft.ruby.Main} }
02-15 10:34:29.056 2870  6327  D InetDiagMessage: Destroyed 0 sockets, proto=IPPROTO_TCP, family=AF_INET, states=14
02-15 10:34:29.057 2870  5375  D BarFollowAnimation: pairAppearanceRegionAndWin win=Window{fb16f41 u0 com.okamihoro.ddplaytv.debug/com.xyoye.storage_component.ui.activities.storage_file.StorageFileActivity} 0
02-15 10:34:29.057 2870  5375  D BarFollowAnimation: isAppTaskBarOnTop win:Window{29ff704 u0 com.okamihoro.ddplaytv.debug/com.xyoye.player_component.ui.activities.player.PlayerActivity} (mCurrentTopTask:Task{a08106c #22580 type=standard A=10588:com.okamihoro.ddplaytv.debug} : true); (mAssociatedTask:Task{a08106c #22580 type=standard A=10588:com.okamihoro.ddplaytv.debug} : true); (mHomeTask:Task{24c4b17 #22534 type=home} : false); mReparentToOriginParent:false mLastAppBarVisible:true mLastHomeBarVisible:false
02-15 10:34:29.057 2870  5375  D MiuiRefreshRatePolicy: reset
02-15 10:34:29.058 2870  5375  I BLASTSyncEngine: SyncGroup 9084:  Unfinished container:ActivityRecord{8258296 u0 com.okamihoro.ddplaytv.debug/com.xyoye.player_component.ui.activities.player.PlayerActivity t22580}
02-15 10:34:29.058 2870  5375  I BLASTSyncEngine: isActivitySyncFinished isSyncFinished false ActivityRecord{8258296 u0 com.okamihoro.ddplaytv.debug/com.xyoye.player_component.ui.activities.player.PlayerActivity t22580}
02-15 10:34:29.058 2870  6327  D InetDiagMessage: Destroyed 0 sockets, proto=IPPROTO_TCP, family=AF_INET6, states=14
02-15 10:34:29.058 2870  6327  D InetDiagMessage: Destroyed live tcp sockets for uids={10470} in 4ms
02-15 10:34:29.058 20509 21004 D RecentsTaskLoader: reloadTasksData [TaskKey{id=22580, stackId=0, baseIntent=Intent { act=android.intent.action.MAIN cat=[android.intent.category.LAUNCHER] flg=0x10300000 cmp=com.okamihoro.ddplaytv.debug/com.okamihoro.ddplaytv.ui.splash.SplashActivity }, userId=0, lastActiveTime=840455818, windowingMode=1, isThumbnailBlur=false, isAccessLocked=false, isScreening=false, topActivity=ComponentInfo{com.okamihoro.ddplaytv.debug/com.xyoye.player_component.ui.activities.player.PlayerActivity}, mHashCode=673604332}, title=DDPlayTV (Debug), titleDescription=DDPlayTV (Debug), bounds=null, isLaunchTarget=true, isStackTask=true, isSystemApp=false, isDockable=true, baseActivity=ComponentInfo{com.okamihoro.ddplaytv.debug/com.okamihoro.ddplaytv.ui.main.MainActivity}, isLocked=false, mNeedHide=false, hasMultipleTasks=false, cti1Key=, cti2Key=, cti1Task=, cti2Task=]
02-15 10:34:29.058 2870  6327  D ActionExecute: frozen uid = 10470 reason=check binder
02-15 10:34:29.059 2391  2391  D RefreshRateSelector: Touch Boost
02-15 10:34:29.059 7430  7751  I BoostHelper: restore Mainthread priority to 0,RenderThread to-4
02-15 10:34:29.059 7430  7751  D BoostHelper: thread tid=7430, priority is set to 0
02-15 10:34:29.059 7430  7751  D BoostHelper: thread tid=7819, priority is set to -4
02-15 10:34:29.059 20509 21004 W IconCustomizer: Density abnormal: context density=440 systemDensity=420
02-15 10:34:29.059 20509 21004 W IconCustomizer: Density abnormal: context density=440 systemDensity=420
02-15 10:34:29.060 2870  3069  I DisplayPolicyStubImpl: com.android.server.wm.WindowState hide ime, enable touchboost
02-15 10:34:29.060 2870  6327  D ExternalInterface: setUidState, uid = 10470 allow = false
02-15 10:34:29.060 2870  3069  I DisplayPolicyStubImpl: com.android.server.wm.WindowState hide ime, enable touchboost
02-15 10:34:29.060 2870  3069  D BarFollowAnimation: updateVisibility currentVisible = false
02-15 10:34:29.061 20509 21004 W IconCustomizer: Density abnormal: context density=440 systemDensity=420
02-15 10:34:29.061 2870  3069  D BarFollowAnimation:  isSameOrientation  task = Task{a08106c #22580 type=standard A=10588:com.okamihoro.ddplaytv.debug} activityRecord = ActivityRecord{8258296 u0 com.okamihoro.ddplaytv.debug/com.xyoye.player_component.ui.activities.player.PlayerActivity t22580} task.orientation = 1 activityRecord.orientation = 2
java.lang.Throwable
	at com.android.server.wm.MiuiNavigationBarController.isSameOrientation(MiuiNavigationBarController.java:1137)
	at com.android.server.wm.MiuiNavigationBarController.hideCurNavBar(MiuiNavigationBarController.java:988)
	at com.android.server.wm.BarFollowAnimationImpl.hideMiuiNavigationBar(BarFollowAnimationImpl.java:1251)
	at com.android.server.wm.InsetsSourceProvider.updateVisibility(InsetsSourceProvider.java:707)
	at com.android.server.wm.InsetsSourceProvider.setClientVisible(InsetsSourceProvider.java:682)
	at com.android.server.wm.InsetsSourceProvider.updateClientVisibility(InsetsSourceProvider.java:673)
	at com.android.server.wm.InsetsStateController.onRequestedVisibleTypesChanged(InsetsStateController.java:241)
	at com.android.server.wm.InsetsStateController.lambda$notifyPendingInsetsControlChanged$4(InsetsStateController.java:484)
	at com.android.server.wm.InsetsStateController.$r8$lambda$a0HV9ad2Wd_wQT3ba_TprluaiHw(Unknown Source:0)
	at com.android.server.wm.InsetsStateController$$ExternalSyntheticLambda1.run(D8$$SyntheticClass:0)
	at com.android.server.wm.WindowAnimator.lambda$animate$2(WindowAnimator.java:224)
	at com.android.server.wm.WindowAnimator.$r8$lambda$YA-_zT1Nyp9vmAAkWN_rtDVYlnE(Unknown Source:0)
	at com.android.server.wm.WindowAnimator$$ExternalSyntheticLambda2.onTransactionCommitted(D8$$SyntheticClass:0)
	at android.view.SurfaceControl$Transaction$$ExternalSyntheticLambda4.run(D8$$SyntheticClass:0)
	at android.os.Handler.handleCallback(Handler.java:1029)
	at android.os.Handler.dispatchMessage(Handler.java:107)
	at android.os.Looper.loopOnce(Looper.java:267)
	at android.os.Looper.loop(Looper.java:360)
	at android.os.HandlerThread.run(HandlerThread.java:85)
	at com.android.server.ServiceThread.run(ServiceThread.java:49)
02-15 10:34:29.061 2870  3069  D BarFollowAnimation: hideMiuiNavigationBar: package=com.okamihoro.ddplaytv.debug
02-15 10:34:29.061 2870  6327  D MiSensorServiceImpl: PowerKeeperSensor stop iUid:10470 but app has Controlled
02-15 10:34:29.061 2870  3069  D BarFollowAnimation: isAppTaskBarOnTop win:Window{29ff704 u0 com.okamihoro.ddplaytv.debug/com.xyoye.player_component.ui.activities.player.PlayerActivity} (mCurrentTopTask:Task{a08106c #22580 type=standard A=10588:com.okamihoro.ddplaytv.debug} : true); (mAssociatedTask:Task{a08106c #22580 type=standard A=10588:com.okamihoro.ddplaytv.debug} : true); (mHomeTask:Task{24c4b17 #22534 type=home} : false); mReparentToOriginParent:false mLastAppBarVisible:true mLastHomeBarVisible:false
02-15 10:34:29.061 20509 21004 D IconCustomizer: findBetterDrawable, enable AI Icon=false, resId: 2131755028, appicon: 2131755028, is same: true
02-15 10:34:29.061 20509 21004 D HWUI: ImageDecoder_nDecodeBitmap: width = 144, height = 144, encodedFormat = 4
02-15 10:34:29.062 2870  3068  D BarFollowAnimation: pairAppearanceRegionAndWin win=Window{fb16f41 u0 com.okamihoro.ddplaytv.debug/com.xyoye.storage_component.ui.activities.storage_file.StorageFileActivity} 0
02-15 10:34:29.062 4350  32480 I AssGpuBridge: GPU surface attached
02-15 10:34:29.062 7430  7556  D MiuiFreeformModeController: avoidForInsetsBottomChangedIfNeed newMovableBottom: 2358
02-15 10:34:29.062 2870  3068  D BarFollowAnimation: isAppTaskBarOnTop win:Window{29ff704 u0 com.okamihoro.ddplaytv.debug/com.xyoye.player_component.ui.activities.player.PlayerActivity} (mCurrentTopTask:Task{a08106c #22580 type=standard A=10588:com.okamihoro.ddplaytv.debug} : true); (mAssociatedTask:Task{a08106c #22580 type=standard A=10588:com.okamihoro.ddplaytv.debug} : true); (mHomeTask:Task{24c4b17 #22534 type=home} : false); mReparentToOriginParent:false mLastAppBarVisible:true mLastHomeBarVisible:false
02-15 10:34:29.063 2870  3068  D MiuiRefreshRatePolicy: reset
02-15 10:34:29.063 20509 21004 W HWUI: Image decoding logging dropped!
02-15 10:34:29.063 20509 21004 I IconCustomizer: find better bitmap : 144px, for com.okamihoro.ddplaytv.debugat density :480dpi, the device is : 440dpi
02-15 10:34:29.064 2870  3068  I BLASTSyncEngine: SyncGroup 9084:  Unfinished container:ActivityRecord{8258296 u0 com.okamihoro.ddplaytv.debug/com.xyoye.player_component.ui.activities.player.PlayerActivity t22580}
02-15 10:34:29.064 2870  3068  I BLASTSyncEngine: isActivitySyncFinished isSyncFinished false ActivityRecord{8258296 u0 com.okamihoro.ddplaytv.debug/com.xyoye.player_component.ui.activities.player.PlayerActivity t22580}
02-15 10:34:29.064 20509 21004 D IconCustomizer: Content Ratio = 1.0
02-15 10:34:29.064 20509 21004 D IconCustomizer: drawableToBitmap: sourceWidth=144, sourceHeight=144, ratio=1.0
02-15 10:34:29.065 2870  3069  D BarFollowAnimation: pairAppearanceRegionAndWin win=Window{fb16f41 u0 com.okamihoro.ddplaytv.debug/com.xyoye.storage_component.ui.activities.storage_file.StorageFileActivity} 0
02-15 10:34:29.065 2870  3069  D BarFollowAnimation: isAppTaskBarOnTop win:Window{29ff704 u0 com.okamihoro.ddplaytv.debug/com.xyoye.player_component.ui.activities.player.PlayerActivity} (mCurrentTopTask:Task{a08106c #22580 type=standard A=10588:com.okamihoro.ddplaytv.debug} : true); (mAssociatedTask:Task{a08106c #22580 type=standard A=10588:com.okamihoro.ddplaytv.debug} : true); (mHomeTask:Task{24c4b17 #22534 type=home} : false); mReparentToOriginParent:false mLastAppBarVisible:true mLastHomeBarVisible:false
02-15 10:34:29.065 20509 21004 D IconCustomizer: Generate customized icon for com.okamihoro.ddplaytv.debug.png, false
02-15 10:34:29.065 2870  3069  D MiuiRefreshRatePolicy: reset
02-15 10:34:29.065 4350  32480 W .ddplaytv.debug: Binder 0xb4000075550a26e0 destroyed after setInheritRt before being parceled.
02-15 10:34:29.065 2870  3069  I BLASTSyncEngine: SyncGroup 9084:  Unfinished container:ActivityRecord{8258296 u0 com.okamihoro.ddplaytv.debug/com.xyoye.player_component.ui.activities.player.PlayerActivity t22580}
02-15 10:34:29.065 2870  3069  I BLASTSyncEngine: isActivitySyncFinished isSyncFinished false ActivityRecord{8258296 u0 com.okamihoro.ddplaytv.debug/com.xyoye.player_component.ui.activities.player.PlayerActivity t22580}
02-15 10:34:29.066 4350  32480 I AssGpuBridge: GPU surface attached
02-15 10:34:29.067 20509 21004 W HWUI: Image decoding logging dropped!
02-15 10:34:29.068 4350  4350  D VRI[PlayerActivity]: vri.reportDrawFinished 0 0 Rect(0, 0 - 2400, 1080)
02-15 10:34:29.069 20509 21004 W HWUI: Image decoding logging dropped!
02-15 10:34:29.069 2870  5375  D WindowManager: wms.finishDrawingLocked: mDrawState=COMMIT_DRAW_PENDING Window{29ff704 u0 com.okamihoro.ddplaytv.debug/com.xyoye.player_component.ui.activities.player.PlayerActivity} in Surface(name=com.okamihoro.ddplaytv.debug/com.xyoye.player_component.ui.activities.player.PlayerActivity#140842)/@0x18bb6e
02-15 10:34:29.069 2870  3069  D BarFollowAnimation: pairAppearanceRegionAndWin win=Window{fb16f41 u0 com.okamihoro.ddplaytv.debug/com.xyoye.storage_component.ui.activities.storage_file.StorageFileActivity} 0
02-15 10:34:29.070 4350  19131 D DDLog-player-mpv_bridge: DEBUG/player [player:mpv_bridge] #581: cplayer[v] Set property: msg-level="all=v,ffmpeg=trace,stream=trace,network=trace" -> 1
02-15 10:34:29.070 2870  3069  D BarFollowAnimation: isAppTaskBarOnTop win:Window{29ff704 u0 com.okamihoro.ddplaytv.debug/com.xyoye.player_component.ui.activities.player.PlayerActivity} (mCurrentTopTask:Task{a08106c #22580 type=standard A=10588:com.okamihoro.ddplaytv.debug} : true); (mAssociatedTask:Task{a08106c #22580 type=standard A=10588:com.okamihoro.ddplaytv.debug} : true); (mHomeTask:Task{24c4b17 #22534 type=home} : false); mReparentToOriginParent:false mLastAppBarVisible:true mLastHomeBarVisible:false
02-15 10:34:29.070 2870  3069  D MiuiRefreshRatePolicy: reset
02-15 10:34:29.070 4350  19131 D DDLog-player-mpv_bridge: DEBUG/player [player:mpv_bridge] #582: cplayer[v] Set property: demuxer-lavf-o="loglevel=trace" -> 1
02-15 10:34:29.070 20509 21004 W HWUI: Image decoding logging dropped!
02-15 10:34:29.070 2870  3069  D WindowManager: wms.commitFinishDrawingLocked: mDrawState=READY_TO_SHOW Window{29ff704 u0 com.okamihoro.ddplaytv.debug/com.xyoye.player_component.ui.activities.player.PlayerActivity} in Surface(name=com.okamihoro.ddplaytv.debug/com.xyoye.player_component.ui.activities.player.PlayerActivity#140842)/@0x18bb6e
02-15 10:34:29.070 2870  3069  I PowerManagerServiceImpl: Acquire wakelock: SCREEN_BRIGHT_WAKE_LOCK           'WindowManager/displayId:0' ON_AFTER_RELEASE (uid=1000 pid=2870 pkg=android ws=WorkSource{10588 com.okamihoro.ddplaytv.debug})
02-15 10:34:29.071 4350  19131 D DDLog-player-mpv_bridge: DEBUG/player [player:mpv_bridge] #583: cplayer[v] Set property: sub-fonts-dir="font#46eb2b1d" -> 1
02-15 10:34:29.071 2870  3069  I AnimInterruptController: FIS reset Foresee interrupt status
02-15 10:34:29.071 4350  19131 D DDLog-player-mpv_bridge: DEBUG/player [player:mpv_bridge] #584: cplayer[v] Set property: sub-font="Noto Sans CJK SC" -> 1
02-15 10:34:29.071 2870  3069  D BarFollowAnimation: onTaskInfoChanedForCaptionBar Task{a08106c #22580 type=standard A=10588:com.okamihoro.ddplaytv.debug} shouldbeVisible:true isVisible:true isOnTop:true windowMode:1 preDisplayId:-1 displayId:0 mCaptionAssociatedTask:null mIsTouchedInCaption:false
02-15 10:34:29.071 2870  3069  D WindowManager: wms.commitFinishDrawingLocked: mDrawState=READY_TO_SHOW Window{29ff704 u0 com.okamihoro.ddplaytv.debug/com.xyoye.player_component.ui.activities.player.PlayerActivity} in Surface(name=com.okamihoro.ddplaytv.debug/com.xyoye.player_component.ui.activities.player.PlayerActivity#140842)/@0x18bb6e
02-15 10:34:29.071 4350  19131 D DDLog-player-mpv_bridge: DEBUG/player [player:mpv_bridge] #585: cplayer[v] Set property: sub-font-provider="none" -> 1
02-15 10:34:29.071 2870  3069  D WindowManager: performShowLocked: com.okamihoro.ddplaytv.debug/com.xyoye.player_component.ui.activities.player.PlayerActivity, isImmersive=true
02-15 10:34:29.071 2870  3069  D BarFollowAnimation: onTaskInfoChanedForCaptionBar Task{a08106c #22580 type=standard A=10588:com.okamihoro.ddplaytv.debug} shouldbeVisible:true isVisible:true isOnTop:true windowMode:1 preDisplayId:-1 displayId:0 mCaptionAssociatedTask:null mIsTouchedInCaption:false
02-15 10:34:29.071 4350  19131 D DDLog-player-mpv_bridge: DEBUG/player [player:mpv_bridge] #586: cplayer[v] Set property: loop-file="no" -> 1
02-15 10:34:29.071 2870  3069  I WindowManager: wms.showSurfaceRobustly mWin:Window{29ff704 u0 com.okamihoro.ddplaytv.debug/com.xyoye.player_component.ui.activities.player.PlayerActivity} in Surface(name=com.okamihoro.ddplaytv.debug/com.xyoye.player_component.ui.activities.player.PlayerActivity#140842)/@0x18bb6e
02-15 10:34:29.071 2870  3069  D miuiBarFollowAnimation:  BarFollowAnimation core services Flag is effective！
02-15 10:34:29.071 2870  3069  D miuiElementAnimation:  ElementAnimation core services Flag is effective！
02-15 10:34:29.071 4350  19131 D DDLog-player-mpv_bridge: DEBUG/player [player:mpv_bridge] #587: cplayer[v] Set property: speed=1.000000 -> 1
02-15 10:34:29.071 2870  3069  I Transition: calculateTargets isHomeOpen = false, isHomeLaunchApp = false
02-15 10:34:29.071 2870  3069  D WindowManager: Final targets: [ChangeInfo{d626137 container=ActivityRecord{8258296 u0 com.okamihoro.ddplaytv.debug/com.xyoye.player_component.ui.activities.player.PlayerActivity t22580} flags=0x0}, ChangeInfo{61d5c09 container=ActivityRecord{157219382 u0 com.okamihoro.ddplaytv.debug/com.xyoye.storage_component.ui.activities.storage_file.StorageFileActivity t22580} flags=0x0}]
02-15 10:34:29.071 4350  19131 D DDLog-player-mpv_bridge: DEBUG/player [player:mpv_bridge] #588: cplayer[v] Set property: hwdec="mediacodec,mediacodec-copy" -> 1
02-15 10:34:29.072 4350  19131 D DDLog-player-mpv_bridge: DEBUG/player [player:mpv_bridge] #589: cplayer[v] Set property: vo="mediacodec_embed" -> 1
02-15 10:34:29.072 4350  19131 D DDLog-player-mpv_bridge: DEBUG/player [player:mpv_bridge] #590: cplayer[v] Done loading scripts.
02-15 10:34:29.072 4350  19131 D DDLog-player-mpv_bridge: DEBUG/player [player:mpv_bridge] #591: cplayer[v] Set property: glsl-shaders -> 1
02-15 10:34:29.072 20509 21004 W HWUI: Image decoding logging dropped!
02-15 10:34:29.072 4350  19131 D DDLog-player-mpv_bridge: DEBUG/player [player:mpv_bridge] #592: cplayer[v] Set property: user-agent="Mozilla/5.0 115Browser/27.0.0.0" -> 1
02-15 10:34:29.072 4350  19147 D HWUI: [HWUI] Flag vulkan_enhance_pipeline_cache enabled
02-15 10:34:29.072 4350  19147 D HWUI: [HWUI] EnhanceVkPipelineCache is disabled
02-15 10:34:29.072 4350  19147 D HWUI: [HWUI] Flag ddre enabled
02-15 10:34:29.072 4350  19131 D DDLog-player-mpv_bridge: DEBUG/player [player:mpv_bridge] #593: cplayer[v] Set property: force-seekable="yes" -> 1
02-15 10:34:29.073 4350  19131 D DDLog-player-mpv_bridge: DEBUG/player [player:mpv_bridge] #594: cplayer[v] Set property: http-header-fields=["Cookie: <redacted>
02-15 10:34:29.073 4350  19131 D DDLog-player-mpv_bridge: DEBUG/player [player:mpv_bridge] #595: cplayer[v] Set property: pause=false -> 1
02-15 10:34:29.073 20509 21004 W Bitmap: Called getDensity() on a recycle()'d bitmap! This is undefined behavior!
02-15 10:34:29.073 2870  3069  D WindowManager: Calling onTransitionReady info={id=9084 t=OPEN f=0x0 trk=0 r=[0@Point(0, 0)] c=[{m=OPEN f=NONE leash=Surface(name=Surface(name=ActivityRecord{8258296 u0 com.okamihoro.ddplaytv.debug/com.xyoye.player_component.ui.activities.player.PlayerActivity t22580}#140836)/@0x6447e36 - rotation-leash#140854)/@0x46c0859 sb=Rect(0, 0 - 0, 0) eb=Rect(0, 0 - 1080, 2400) epz=Point(1080, 2400) d=-1->0 r=-1->0:-1 windowMode=0->1 bc=ff303030 component=com.okamihoro.ddplaytv.debug/com.xyoye.player_component.ui.activities.player.PlayerActivity opt={t=FROM_STYLE mUserId=0} v=trueMiuiChangeImpl {miuiEmbedding:false, scale:1.0}},{m=TO_BACK f=FILLS_TASK leash=Surface(name=ActivityRecord{157219382 u0 com.okamihoro.ddplaytv.debug/com.xyoye.storage_component.ui.activities.storage_file.StorageFileActivity t22580}#140684)/@0x8132a4 sb=Rect(0, 0 - 1080, 2400) eb=Rect(0, 0 - 1080, 2400) epz=Point(1080, 2400) d=0 bc=ff303030 component=com.okamihoro.ddplaytv.debug/com.xyoye.storage_component.ui.activities.storage_file.StorageFileActivity opt={t=FROM_STYLE mUserId=0} v=falseMiuiChangeImpl {miuiEmbedding:false, scale:1.0}}] mk=[false] noAni=[false] df=[false] rsa=[false] oa=[true] nc=[0] ho=[false] hla=[false] iSync=[-1]}, mToken=Token{a60dc1e TransitionRecord{372a06b id=9084 type=OPEN flags=0x0 c=[
   ChangeInfo{d626137 container=ActivityRecord{8258296 u0 com.okamihoro.ddplaytv.debug/com.xyoye.player_component.ui.activities.player.PlayerActivity t22580} flags=0x0}
   ChangeInfo{cd9a99 container=ActivityRecord{40966088 u0 com.okamihoro.ddplaytv.debug/com.xyoye.player_component.ui.activities.player_interceptor.PlayerInterceptorActivity t22580 f}} flags=0x0}
   ChangeInfo{61d5c09 container=ActivityRecord{157219382 u0 com.okamihoro.ddplaytv.debug/com.xyoye.storage_component.ui.activities.storage_file.StorageFileActivity t22580} flags=0x0}
   ChangeInfo{7fba15e container=Task{a08106c #22580 type=standard A=10588:com.okamihoro.ddplaytv.debug} flags=0x0}
   ChangeInfo{e02893f container=DefaultTaskDisplayArea@177495980 flags=0x0}
   ChangeInfo{29fd20c container=Display{#0 state=ON size=1080x2400 ROTATION_0} flags=0x0}
]
}}
02-15 10:34:29.073 4350  4350  D SurfaceView: UPDATE Surface(name=a6e5b62 SurfaceView[com.okamihoro.ddplaytv.debug/com.xyoye.player_component.ui.activities.player.PlayerActivity]#140847)/@0xbd047a0, mIsProjectionMode = false
02-15 10:34:29.073 2870  6523  D BarFollowAnimation: disableBarAnimation change={m=OPEN f=NONE leash=Surface(name=Surface(name=ActivityRecord{8258296 u0 com.okamihoro.ddplaytv.debug/com.xyoye.player_component.ui.activities.player.PlayerActivity t22580}#140836)/@0x6447e36 - rotation-leash#140854)/@0x46c0859 sb=Rect(0, 0 - 0, 0) eb=Rect(0, 0 - 1080, 2400) epz=Point(1080, 2400) d=-1->0 r=-1->0:-1 windowMode=0->1 bc=ff303030 component=com.okamihoro.ddplaytv.debug/com.xyoye.player_component.ui.activities.player.PlayerActivity opt={t=FROM_STYLE mUserId=0} v=trueMiuiChangeImpl {miuiEmbedding:false, scale:1.0}} 0 1
02-15 10:34:29.073 2870  6523  D BarFollowAnimation: disableBarAnimation change={m=TO_BACK f=FILLS_TASK leash=Surface(name=ActivityRecord{157219382 u0 com.okamihoro.ddplaytv.debug/com.xyoye.storage_component.ui.activities.storage_file.StorageFileActivity t22580}#140684)/@0x8132a4 sb=Rect(0, 0 - 1080, 2400) eb=Rect(0, 0 - 1080, 2400) epz=Point(1080, 2400) d=0 bc=ff303030 component=com.okamihoro.ddplaytv.debug/com.xyoye.storage_component.ui.activities.storage_file.StorageFileActivity opt={t=FROM_STYLE mUserId=0} v=falseMiuiChangeImpl {miuiEmbedding:false, scale:1.0}} 1 1
02-15 10:34:29.073 2870  6523  D BarFollowAnimation: STATUS_BAR disableBarAnimation  hasFakeBar = true mBarState = -1 taskCount = 0 isRecentTransition = false isKeyguardGoingAway = false
02-15 10:34:29.074 4350  4350  D SurfaceView: UPDATE Surface(name=a0f4f3 SurfaceView[com.okamihoro.ddplaytv.debug/com.xyoye.player_component.ui.activities.player.PlayerActivity]#140850)/@0x3416f59, mIsProjectionMode = false
02-15 10:34:29.074 4350  19131 D DDLog-player-mpv_bridge: DEBUG/player [player:mpv_bridge] #596: cplayer[v] Running hook: auto_profiles/on_before_start_file
02-15 10:34:29.074 2870  3069  I SmartPower: Miui monitor launch : com.okamihoro.ddplaytv.debug/com.xyoye.player_component.ui.activities.player.PlayerActivity  transitionTime:213  launchTime:209  launchFrom:com.okamihoro.ddplaytv.debug  launchType:4
02-15 10:34:29.074 2870  3069  I Perf[AppStartScene]: onSceneChangeNotify:Bundle[{renderThreadId=19147, pid=4350, uid=10588, name=com.xyoye.player_component.ui.activities.player.PlayerActivity, type=1, begin=false, state=1, processName=com.okamihoro.ddplaytv.debug, packageName=com.okamihoro.ddplaytv.debug}]
02-15 10:34:29.074 2870  3069  D BLASTSyncEngine: [DH_DEBUG]remove timeout #9084 callback=com.android.server.wm.BLASTSyncEngine$SyncGroup$$ExternalSyntheticLambda2@94629ba
02-15 10:34:29.074 4350  19131 D DDLog-player-mpv_bridge: DEBUG/player [player:mpv_bridge] #597: cplayer[v] Failed sending hook command auto_profiles/on_before_start_file. Removing hook.
02-15 10:34:29.075 2870  3069  D BarFollowAnimation: pairAppearanceRegionAndWin win=Window{29ff704 u0 com.okamihoro.ddplaytv.debug/com.xyoye.player_component.ui.activities.player.PlayerActivity} 0
02-15 10:34:29.075 2870  3069  D WmSystemUiDebug: addStatusBarAppearanceRegionsForLetterBox statusBarAppearanceRegionList=[AppearanceRegion{ bounds=[0,0][2400,1080]}] mOldAppearanceRegionList=[AppearanceRegion{ bounds=[0,0][2400,1080]}]
02-15 10:34:29.075 4350  19131 D DDLog-player-mpv_bridge: DEBUG/player [player:mpv_bridge] #598: cplayer[v] Running hook: auto_profiles/on_load
02-15 10:34:29.075 2870  3069  D BarFollowAnimation: isAppTaskBarOnTop win:Window{29ff704 u0 com.okamihoro.ddplaytv.debug/com.xyoye.player_component.ui.activities.player.PlayerActivity} (mCurrentTopTask:Task{a08106c #22580 type=standard A=10588:com.okamihoro.ddplaytv.debug} : true); (mAssociatedTask:Task{a08106c #22580 type=standard A=10588:com.okamihoro.ddplaytv.debug} : true); (mHomeTask:Task{24c4b17 #22534 type=home} : false); mReparentToOriginParent:false mLastAppBarVisible:true mLastHomeBarVisible:false
02-15 10:34:29.075 2870  3069  D BarFollowAnimation: updateSystemBarAttributes index=0 statusId=1 key=1
02-15 10:34:29.075 2870  3069  D WindowManager: updateSystemBarAttributes displayId: 16777216 Window{29ff704 u0 com.okamihoro.ddplaytv.debug/com.xyoye.player_component.ui.activities.player.PlayerActivity} winAppearance=
02-15 10:34:29.075 2870  3069  D MiuiRefreshRatePolicy: reset
02-15 10:34:29.075 4350  4350  D InsetsController: com.okamihoro.ddplaytv.debug/com.xyoye.player_component.ui.activities.player.PlayerActivity hide: statusBars navigationBars android.view.InsetsController@b2897d6 android.view.InsetsController.applyAnimation:2234 android.view.InsetsController.applyAnimation:2205 android.view.InsetsController.onControlsChanged:1148 android.view.ViewRootImpl.onActiveControlsChanged:3349 android.view.ViewRootImpl.handleInsetsControlChanged:3303 android.view.ViewRootImpl$W.insetsControlChanged:13815
02-15 10:34:29.076 2870  3066  D WmSystemUiDebug: on system bar attributes changed displayId=16777216 appearance= appearanceRegions=[AppearanceRegion{ bounds=[0,0][2400,1080]}] navbarColorManagedByIme=false behavior=2 requestedVisibleTypes=[systemGestures mandatorySystemGestures tappableElement displayCutout windowDecor systemOverlays] packageName=com.okamihoro.ddplaytv.debug letterboxDetails=[]
02-15 10:34:29.076 4350  19131 D DDLog-player-mpv_bridge: DEBUG/player [player:mpv_bridge] #599: cplayer[v] Failed sending hook command auto_profiles/on_load. Removing hook.
02-15 10:34:29.076 4350  4350  D VRI[PlayerActivity]: vri.reportNextDraw 0 Rect(0, 0 - 2400, 1080) android.view.ViewRootImpl.handleResized:3284 android.view.ViewRootImpl.-$$Nest$mhandleResized:0 android.view.ViewRootImpl$W.resized:13774 android.app.servertransaction.WindowStateResizeItem.execute:93 android.app.servertransaction.WindowStateTransactionItem.execute:62
02-15 10:34:29.076 4350  30394 D InsetsController: default animation onReady types: 3 controller=android.view.InsetsAnimationControlImpl@f8e7182
02-15 10:34:29.076 4350  30394 D ViewRootImplStubImpl: requestedTypes: 3
02-15 10:34:29.077 4350  4350  D VRI[PlayerActivity]: vri.Setup new sync=wmsSync-VRI[PlayerActivity]#72
02-15 10:34:29.077 4350  19131 D DDLog-player-mpv_bridge: DEBUG/player [player:mpv_bridge] #600: cplayer[v] Running hook: ytdl_hook/on_load
02-15 10:34:29.078 20509 21004 W IconCustomizer: Density abnormal: context density=440 systemDensity=420
02-15 10:34:29.078 4350  19131 D DDLog-player-mpv_bridge: DEBUG/player [player:mpv_bridge] #601: cplayer[v] Running hook: ytdl_hook/on_load
02-15 10:34:29.079 4350  19131 D DDLog-player-mpv_bridge: DEBUG/player [player:mpv_bridge] #602: ytdl_hook[v] playlist hook
02-15 10:34:29.079 7430  7430  D ShadeDarkIconDispatcher: current token StatusBarToken(displayId=0, statusBarIndex=1, rawDisplayId=16777216)
02-15 10:34:29.079 7430  7430  D ShadeDarkIconDispatcher: receiver delegate onDarkChanged
02-15 10:34:29.080 4350  4350  D VRI[PlayerActivity]: vri.reportDrawFinished 0 0 Rect(0, 0 - 2400, 1080)
02-15 10:34:29.080 7430  7556  I ShellTransitions: Is abandon offsetY: false
02-15 10:34:29.080 7430  7556  I ShellTransitions: Is abandon offsetY: false
02-15 10:34:29.080 4350  19131 D DDLog-player-mpv_bridge: DEBUG/player [player:mpv_bridge] #603: stream_callback[v] Opening http://127.0.0.1:21470/%5BLoliHouse%5D+29-sai+Dokushin+Chuuken+Boukensha+no+Nichijou+-+01+%5BWebRip+1080p+HEVC-10bit+AAC+ASSx2%5D.mkv
02-15 10:34:29.080 7430  7556  D SoScStageCoordinator: inCloseTransition:false inSoScUnactivie:true mDeferUpdateSoScStateCount:0
02-15 10:34:29.080 7430  7556  D MultiTaskingTransitionHandler: startAnimation try handler: com.android.wm.shell.multitasking.miuifreeform.MiuiFreeformModeAnimation@f945cac
02-15 10:34:29.080 7430  7556  D MultiTaskingTransitionHandler: startAnimation try handler: com.android.wm.shell.multitasking.miuimultiwinswitch.MulWinSwitchTransition@9335beb
02-15 10:34:29.081 7430  7556  W MulWinSwitchTransition: startAnimation::receive an unknown transition:: token = android.os.BinderProxy@274bb18 type = 1
02-15 10:34:29.081 7430  7556  D MultiTaskingTransitionHandler: startAnimation no handler
02-15 10:34:29.081 7430  7556  D TransitionAnimationHelper:  overrideType == ANIM_FROM_STYLE
02-15 10:34:29.081 2870  3069  D BarFollowAnimation: pairAppearanceRegionAndWin win=Window{29ff704 u0 com.okamihoro.ddplaytv.debug/com.xyoye.player_component.ui.activities.player.PlayerActivity} 0
02-15 10:34:29.081 4350  19131 D DDLog-player-mpv_bridge: DEBUG/player [player:mpv_bridge] #604: ffmpeg[v] Opening http://127.0.0.1:21470/%5BLoliHouse%5D+29-sai+Dokushin+Chuuken+Boukensha+no+Nichijou+-+01+%5BWebRip+1080p+HEVC-10bit+AAC+ASSx2%5D.mkv
02-15 10:34:29.082 2870  3069  D WmSystemUiDebug: addStatusBarAppearanceRegionsForLetterBox statusBarAppearanceRegionList=[AppearanceRegion{ bounds=[0,0][2400,1080]}] mOldAppearanceRegionList=[AppearanceRegion{ bounds=[0,0][2400,1080]}]
02-15 10:34:29.082 2870  3069  D BarFollowAnimation: isAppTaskBarOnTop win:Window{29ff704 u0 com.okamihoro.ddplaytv.debug/com.xyoye.player_component.ui.activities.player.PlayerActivity} (mCurrentTopTask:Task{a08106c #22580 type=standard A=10588:com.okamihoro.ddplaytv.debug} : true); (mAssociatedTask:Task{a08106c #22580 type=standard A=10588:com.okamihoro.ddplaytv.debug} : true); (mHomeTask:Task{24c4b17 #22534 type=home} : false); mReparentToOriginParent:false mLastAppBarVisible:true mLastHomeBarVisible:false
02-15 10:34:29.082 7430  7556  D TransitionAnimationHelper:  overrideType == ANIM_FROM_STYLE
02-15 10:34:29.082 2870  3069  D MiuiRefreshRatePolicy: reset
02-15 10:34:29.082 4350  19131 D DDLog-player-mpv_bridge: DEBUG/player [player:mpv_bridge] #605: cplayer[v] Set property: vo="mediacodec_embed" -> 1
02-15 10:34:29.082 4350  19131 D DDLog-player-mpv_bridge: DEBUG/player [player:mpv_bridge] #606: cplayer[v] Set property: vo="mediacodec_embed" -> 1
02-15 10:34:29.083 7430  7592  D ShellTransitions: speed ui!!!!!!!!!!!
02-15 10:34:29.084 23642 24170 D EventBus: No subscribers registered for event class com.xiaomi.xms.event.msg.PageLifecycleMsg
02-15 10:34:29.084 23642 24170 D EventBus: No subscribers registered for event class gd.h
02-15 10:34:29.084 4350  19131 D DDLog-player-mpv_bridge: DEBUG/player [player:mpv_bridge] #607: cplayer[v] Set property: force-window="yes" -> 1
02-15 10:34:29.085 4350  19131 D DDLog-player-mpv_bridge: DEBUG/player [player:mpv_bridge] #608: cplayer[v] Set property: android-surface-size="2400x1080" -> 1
02-15 10:34:29.085 7430  7430  D ShadeDarkIconDispatcher: receiver delegate onDarkChangedWithContrast
02-15 10:34:29.085 7430  7430  D ShadeDarkIconDispatcher: receiver delegate onLightDarkTintChanged
02-15 10:34:29.085 4350  19131 D DDLog-player-mpv_bridge: DEBUG/player [player:mpv_bridge] #609: cplayer[v] Set property: glsl-shaders -> 1
02-15 10:34:29.085 7430  7556  I MultiTaskingTaskInfo: MultiTaskingBaseTaskInfo::update::mTaskBounds = Rect(0, 0 - 1080, 2400), mTaskId = 22580
02-15 10:34:29.085 7430  7556  D MultiTaskingTransitionsHelper: skip updateBaseAnimParam taskId: 22580 pendingTransitions: [] readyDuringSync: [] tracks: [Track #0 activeTransition: {id=9084 t=OPEN f=0x0 trk=0 r=[0@Point(0, 0)] c=[{m=OPEN f=NONE leash=Surface(name=Surface(name=ActivityRecord{8258296 u0 com.okamihoro.ddplaytv.debug/com.xyoye.player_component.ui.activities.player.PlayerActivity t22580}#140836)/@0x6447e36 - rotation-leash#140854)/@0x6d82492 sb=Rect(0, 0 - 0, 0) eb=Rect(0, 0 - 1080, 2400) epz=Point(1080, 2400) d=-1->0 r=-1->0:-1 windowMode=0->1 bc=ff303030 component=com.okamihoro.ddplaytv.debug/com.xyoye.player_component.ui.activities.player.PlayerActivity opt={t=FROM_STYLE mUserId=0} v=trueMiuiChangeImpl {miuiEmbedding:false, scale:1.0}},{m=TO_BACK f=FILLS_TASK leash=Surface(name=ActivityRecord{157219382 u0 com.okamihoro.ddplaytv.debug/com.xyoye.storage_component.ui.activities.storage_file.StorageFileActivity t22580}#140684)/@0x183e63 sb=Rect(0, 0 - 1080, 2400) eb=Rect(0, 0 - 1080, 2400) epz=Point(1080, 2400) d=0 bc=ff303030 component=com.okamihoro.ddplaytv.debug/com.xyoye.storage_component.ui.activities.storage_file.StorageFileActivity opt={t=FROM_STYLE mUserId=0} v=falseMiuiChangeImpl {miuiEmbedding:false, scale:1.0}}] mk=[false] noAni=[false] df=[false] rsa=[false] oa=[true] nc=[0] ho=[false] hla=[false] iSync=[-1]}android.os.BinderProxy@274bb18 readyTransitions: []Track #1 readyTransitions: []]
02-15 10:34:29.086 7430  7556  I MultiTaskingTaskRepository: onTaskInfoChanged::taskId = 22580, windowingMode = 1, mMultiWindowTaskIdsInZOrder = [5, 4], mFullscreenTaskIdsInZOrder = [22580, 22583, 22525, 22561, 22554, 22574, 22526, 22570, 22565, 22564, 22557, 22562], mFreeformTaskIdsInZOrder = [], mTasks: 22583, 22580, 22574, 22570, 22565, 22564, 22562, 22561, 22557, 22554, 22534, 22526, 22525, 8, 7, 6, 5, 4, 3,
