02-15 10:34:29.086 7430  7556  D MiuiDecorationController: relayout:: taskId=22580 mRunningTaskInfo.mStatusBarParent=Surface(name=StatusBar Container of Task = 22580#139827)/@0xaa4c83a taskInfo.mStatusBarParent=Surface(name=StatusBar Container of Task = 22580#139827)/@0x6dfb3ea
02-15 10:34:29.086 7430  7556  D MiuiDecorationController: relayout:: taskId=22580 mRunningTaskInfo.mNavBarParent=Surface(name=NavigationBar Container of Task = 22580#139826)/@0x4071ceb taskInfo.mNavBarParent=Surface(name=NavigationBar Container of Task = 22580#139826)/@0x70d16db
02-15 10:34:29.086 7430  7556  D MiuiDecorationController: relayout::taskId=22580, visible=true, bounds=Rect(0, 0 - 1080, 2400), focused=true, oldImmersive=false, newImmersive=true, windowMode=1, activityType=1, displayId=0, baseActivity=ComponentInfo{com.okamihoro.ddplaytv.debug/com.okamihoro.ddplaytv.ui.main.MainActivity}, topActivity=ComponentInfo{com.okamihoro.ddplaytv.debug/com.xyoye.player_component.ui.activities.player.PlayerActivity}, callers=com.android.wm.shell.multitasking.miuimultiwinswitch.miuiwindowdecor.decoration.MiuiDecorationController.relayout:4 com.android.wm.shell.multitasking.miuimultiwinswitch.miuiwindowdecor.MulWinSwitchDecorViewModel.onTaskInfoChanged:18 com.android.wm.shell.multitasking.common.taskmanager.MultiTaskingTaskListener.onTaskInfoChanged:47 com.android.wm.shell.ShellTaskOrganizer.onTaskInfoChanged:136 android.window.TaskOrganizer$1.lambda$onTaskInfoChanged$6:300
02-15 10:34:29.086 4350  19131 D DDLog-player-mpv_bridge: DEBUG/player [player:mpv_bridge] #610: cplayer[v] Set property: android-surface-size="2400x1080" -> 1
02-15 10:34:29.086 7430  7556  D MiuiDecorationDot: needTopCaption: isFullscreen = true isPadDevice = false isFoldInnerScreen = false canShowCaptionWhenCasting = false
02-15 10:34:29.086 7430  7556  D MiuiDecorationDot: releaseViews_TopCaption: taskId=22580
02-15 10:34:29.087 7430  7556  D MiuiDecorationDot: releaseViews_TopCaption: taskId=22580
02-15 10:34:29.087 7430  7556  D MiuiDecorationBottom: needBottomCaption: needShow = true
02-15 10:34:29.087 7430  7556  D MiuiDecorationBottom: updateRootView_BottomCaption: taskId = 22580 needBottomCaption = true bottomCaptionView = java.lang.Object@73580ff
02-15 10:34:29.087 4350  19131 D DDLog-player-mpv_bridge: DEBUG/player [player:mpv_bridge] #611: cplayer[v] Set property: android-surface-size="2400x1080" -> 1
02-15 10:34:29.087 7430  7556  D MiuiDecorationBottom: updateViews_BottomCaption: taskId=22580 scale=1.0 outResult = RelayoutResult{mRoot=java.lang.Object@73580ff, mCaptionX=351, mCaptionY=2373, mCaptionWidth=378.0, mCaptionHeight=42.0}
02-15 10:34:29.087 7430  7556  D MiuiDecorationBase: updateSampling_BottomCaption: taskId = 22580 scale = 1.0 mTaskBounds = Rect(0, 0 - 1080, 2400) mCaptionVisibility = true mIsFsgestureEntered = false isRunningAnim = false isDraggingRecent = false isFreeformElude = false isDecorationShowing = false shouldEnableSampling = false
02-15 10:34:29.087 7430  7556  D MiuiDecorationBase: updateVisibility_BottomCaption: taskId=22580, isRotationAnimationRunning=false, mCaptionVisible=true, isCaptionVisible=true
02-15 10:34:29.087 7430  7601  I MiuiDecorationSamplingHelper: CompositionSamplingListener.unregister mAttached=true, mSamplingEnabled=false, mSamplingRect=Rect(351, 2373 - 729, 2383), mView=MiuiBottomBarView#20430319
02-15 10:34:29.087 20509 21004 D TaskSnapshotCompatVV: getIsInvalidateFromTaskSnapshot, return, mTaskSnapshot=null, mTaskSnapshotClazz=null
02-15 10:34:29.087 20509 21004 D RecentsTaskLoader: reloadTasksData [TaskKey{id=22583, stackId=0, baseIntent=Intent { act=android.intent.action.MAIN cat=[android.intent.category.LAUNCHER] flg=0x10200000 cmp=com.ylmf.androidclient/com.main.partner.user.activity.LogActivity }, userId=0, lastActiveTime=840328206, windowingMode=1, isThumbnailBlur=false, isAccessLocked=false, isScreening=false, topActivity=ComponentInfo{com.ylmf.androidclient/com.ylmf.androidclient.UI.UpdateVersionInstallActivity}, mHashCode=673693705}, title=115生活, titleDescription=115生活, bounds=null, isLaunchTarget=false, isStackTask=true, isSystemApp=false, isDockable=false, baseActivity=ComponentInfo{com.ylmf.androidclient/com.ylmf.androidclient.UI.MainBossActivity}, isLocked=false, mNeedHide=false, hasMultipleTasks=false, cti1Key=, cti2Key=, cti1Task=, cti2Task=]
02-15 10:34:29.087 20509 21004 D RecentsTaskLoader: reloadTasksData [TaskKey{id=22525, stackId=0, baseIntent=Intent { act=android.intent.action.MAIN cat=[android.intent.category.LAUNCHER] flg=0x10200000 cmp=tv.danmaku.bili/.MainActivityV2 }, userId=0, lastActiveTime=840297579, windowingMode=1, isThumbnailBlur=false, isAccessLocked=false, isScreening=false, topActivity=ComponentInfo{tv.danmaku.bili/com.bilibili.column.ui.detail.ColumnDetailActivity}, mHashCode=671965827}, title=哔哩哔哩, titleDescription=哔哩哔哩, bounds=null, isLaunchTarget=true, isStackTask=true, isSystemApp=false, isDockable=true, baseActivity=ComponentInfo{tv.danmaku.bili/tv.danmaku.bili.MainActivityV2}, isLocked=false, mNeedHide=false, hasMultipleTasks=false, cti1Key=, cti2Key=, cti1Task=, cti2Task=]
02-15 10:34:29.087 7430  7430  I BoostHelper: increaseMainAndRenderThreadPriority mLastMainPriority:0,mLastRenderPriority: -4
02-15 10:34:29.087 7430  7430  D BoostHelper: thread tid=7819, priority is set to -20
02-15 10:34:29.087 7430  7430  D BoostHelper: thread tid=7430, priority is set to -20
02-15 10:34:29.087 20509 21004 D RecentsTaskLoader: reloadTasksData [TaskKey{id=22561, stackId=0, baseIntent=Intent { flg=0x1c000000 cmp=com.tencent.mm/.ui.chatting.variants.ChattingMainUI }, userId=0, lastActiveTime=840289170, windowingMode=1, isThumbnailBlur=false, isAccessLocked=false, isScreening=false, topActivity=ComponentInfo{com.tencent.mm/com.tencent.mm.ui.chatting.variants.ChattingMainUI}, mHashCode=673038303}, title=微信, titleDescription=微信, bounds=null, isLaunchTarget=false, isStackTask=true, isSystemApp=false, isDockable=true, baseActivity=ComponentInfo{com.tencent.mm/com.tencent.mm.ui.LauncherUI}, isLocked=false, mNeedHide=false, hasMultipleTasks=false, cti1Key=, cti2Key=, cti1Task=, cti2Task=]
02-15 10:34:29.087 20509 21004 D RecentsTaskLoader: reloadTasksData [TaskKey{id=22554, stackId=0, baseIntent=Intent { act=android.intent.action.MAIN cat=[android.intent.category.LAUNCHER] flg=0x10200000 cmp=com.android.calendar/.homepage.AllInOneActivity }, userId=0, lastActiveTime=837747918, windowingMode=1, isThumbnailBlur=false, isAccessLocked=false, isScreening=false, topActivity=ComponentInfo{com.android.calendar/com.android.calendar.homepage.AllInOneActivity}, mHashCode=672829766}, title=日历, titleDescription=日历, bounds=null, isLaunchTarget=false, isStackTask=true, isSystemApp=false, isDockable=false, baseActivity=ComponentInfo{com.android.calendar/com.android.calendar.homepage.AllInOneActivity}, isLocked=false, mNeedHide=false, hasMultipleTasks=false, cti1Key=, cti2Key=, cti1Task=, cti2Task=]
02-15 10:34:29.087 7430  7430  D CommandQueueCallback: onSystemBarAttributesChanged (16777216, 0)
02-15 10:34:29.088 20509 21004 D RecentsTaskLoader: reloadTasksData [TaskKey{id=22574, stackId=0, baseIntent=Intent { act=android.intent.action.MAIN cat=[android.intent.category.LAUNCHER] flg=0x10200000 cmp=com.taobao.taobao/com.taobao.tao.welcome.Welcome }, userId=0, lastActiveTime=837267364, windowingMode=1, isThumbnailBlur=false, isAccessLocked=false, isScreening=false, topActivity=ComponentInfo{com.taobao.taobao/com.taobao.tao.welcome.Welcome}, mHashCode=673425586}, title=淘宝, titleDescription=淘宝, bounds=null, isLaunchTarget=false, isStackTask=true, isSystemApp=false, isDockable=true, baseActivity=ComponentInfo{com.taobao.taobao/com.taobao.tao.welcome.Welcome}, isLocked=false, mNeedHide=false, hasMultipleTasks=false, cti1Key=, cti2Key=, cti1Task=, cti2Task=]
02-15 10:34:29.088 20509 21004 D RecentsTaskLoader: reloadTasksData [TaskKey{id=22526, stackId=0, baseIntent=Intent { act=android.intent.action.MAIN cat=[android.intent.category.LAUNCHER] flg=0x10200000 cmp=com.yaya.zone/cn.me.android.splash.activity.SplashActivity }, userId=0, lastActiveTime=793745342, windowingMode=1, isThumbnailBlur=false, isAccessLocked=false, isScreening=false, topActivity=ComponentInfo{com.yaya.zone/com.yaya.zone.home.HomeActivity}, mHashCode=671995618}, title=叮咚买菜, titleDescription=叮咚买菜, bounds=null, isLaunchTarget=true, isStackTask=true, isSystemApp=false, isDockable=true, baseActivity=ComponentInfo{com.yaya.zone/com.yaya.zone.home.HomeActivity}, isLocked=false, mNeedHide=false, hasMultipleTasks=false, cti1Key=, cti2Key=, cti1Task=, cti2Task=]
02-15 10:34:29.088 20509 21004 D RecentsTaskLoader: reloadTasksData [TaskKey{id=22570, stackId=0, baseIntent=Intent { act=android.intent.action.MAIN cat=[android.intent.category.LAUNCHER] flg=0x10200000 cmp=com.miui.weather2/.ActivityWeatherMain }, userId=0, lastActiveTime=784024238, windowingMode=1, isThumbnailBlur=false, isAccessLocked=false, isScreening=false, topActivity=ComponentInfo{com.miui.weather2/com.miui.weather2.ActivityDailyForecastDetail}, mHashCode=673306422}, title=天气, titleDescription=天气, bounds=null, isLaunchTarget=false, isStackTask=true, isSystemApp=false, isDockable=false, baseActivity=ComponentInfo{com.miui.weather2/com.miui.weather2.ActivityWeatherMain}, isLocked=false, mNeedHide=false, hasMultipleTasks=false, cti1Key=, cti2Key=, cti1Task=, cti2Task=]
02-15 10:34:29.088 20509 21004 D RecentsTaskLoader: reloadTasksData [TaskKey{id=22568, stackId=0, baseIntent=Intent { act=android.intent.action.MAIN cat=[android.intent.category.LAUNCHER] flg=0x10200000 cmp=com.eg.android.AlipayGphone/.AlipayLogin }, userId=0, lastActiveTime=774567517, windowingMode=1, isThumbnailBlur=true, isAccessLocked=false, isScreening=false, topActivity=null, mHashCode=673246840}, title=支付宝, titleDescription=支付宝, bounds=null, isLaunchTarget=false, isStackTask=true, isSystemApp=false, isDockable=true, baseActivity=null, isLocked=false, mNeedHide=false, hasMultipleTasks=false, cti1Key=, cti2Key=, cti1Task=, cti2Task=]
02-15 10:34:29.088 20509 21004 D RecentsTaskLoader: reloadTasksData [TaskKey{id=22565, stackId=0, baseIntent=Intent { act=android.intent.action.MAIN cat=[android.intent.category.LAUNCHER] flg=0x10200000 cmp=com.jingdong.app.mall/.MainFrameActivity }, userId=0, lastActiveTime=771106882, windowingMode=1, isThumbnailBlur=false, isAccessLocked=false, isScreening=false, topActivity=ComponentInfo{com.jingdong.app.mall/com.jd.lib.productdetail.ProductDetailActivity}, mHashCode=673157467}, title=京东, titleDescription=京东, bounds=null, isLaunchTarget=false, isStackTask=true, isSystemApp=false, isDockable=true, baseActivity=ComponentInfo{com.jingdong.app.mall/com.jingdong.app.mall.MainFrameActivity}, isLocked=false, mNeedHide=false, hasMultipleTasks=false, cti1Key=, cti2Key=, cti1Task=, cti2Task=]
02-15 10:34:29.088 20509 21004 D RecentsTaskLoader: reloadTasksData [TaskKey{id=22564, stackId=0, baseIntent=Intent { act=android.intent.action.MAIN cat=[android.intent.category.LAUNCHER] flg=0x10200000 cmp=com.taobao.idlefish/com.taobao.fleamarket.home.activity.InitActivity }, userId=0, lastActiveTime=771024180, windowingMode=1, isThumbnailBlur=false, isAccessLocked=false, isScreening=false, topActivity=ComponentInfo{com.taobao.idlefish/com.taobao.idlefish.detail.DetailActivity}, mHashCode=673127676}, title=闲鱼, titleDescription=闲鱼, bounds=null, isLaunchTarget=false, isStackTask=true, isSystemApp=false, isDockable=false, baseActivity=ComponentInfo{com.taobao.idlefish/com.taobao.idlefish.maincontainer.activity.MainActivity}, isLocked=false, mNeedHide=false, hasMultipleTasks=false, cti1Key=, cti2Key=, cti1Task=, cti2Task=]
02-15 10:34:29.088 20509 21004 D RecentsTaskLoader: reloadTasksData [TaskKey{id=22557, stackId=0, baseIntent=Intent { act=android.intent.action.MAIN cat=[android.intent.category.LAUNCHER] flg=0x10200000 cmp=com.xunmeng.pinduoduo/.ui.activity.MainFrameActivity }, userId=0, lastActiveTime=770806458, windowingMode=1, isThumbnailBlur=false, isAccessLocked=false, isScreening=false, topActivity=ComponentInfo{com.xunmeng.pinduoduo/com.xunmeng.pinduoduo.activity.NewPageActivity}, mHashCode=672919139}, title=拼多多, titleDescription=拼多多, bounds=null, isLaunchTarget=true, isStackTask=true, isSystemApp=false, isDockable=true, baseActivity=ComponentInfo{com.xunmeng.pinduoduo/com.xunmeng.pinduoduo.ui.activity.HomeActivity}, isLocked=false, mNeedHide=false, hasMultipleTasks=false, cti1Key=, cti2Key=, cti1Task=, cti2Task=]
02-15 10:34:29.088 20509 21004 D RecentsTaskLoader: reloadTasksData [TaskKey{id=22562, stackId=0, baseIntent=Intent { act=android.intent.action.MAIN cat=[android.intent.category.LAUNCHER] flg=0x10200000 cmp=com.microsoft.emmx/com.microsoft.ruby.Main }, userId=0, lastActiveTime=770569147, windowingMode=1, isThumbnailBlur=false, isAccessLocked=false, isScreening=false, topActivity=ComponentInfo{com.microsoft.emmx/org.chromium.chrome.browser.ChromeTabbedActivity}, mHashCode=673068094}, title=Edge, titleDescription=Edge, bounds=null, isLaunchTarget=false, isStackTask=true, isSystemApp=false, isDockable=true, baseActivity=ComponentInfo{com.microsoft.emmx/org.chromium.chrome.browser.ChromeTabbedActivity}, isLocked=false, mNeedHide=false, hasMultipleTasks=false, cti1Key=, cti2Key=, cti1Task=, cti2Task=]
02-15 10:34:29.089 2870  2969  I ActivityTaskManager: Displayed com.okamihoro.ddplaytv.debug/com.xyoye.player_component.ui.activities.player.PlayerActivity for user 0: +209ms
02-15 10:34:29.089 2870  5318  E TransitionChain: Can't collect into a chain with no transition
02-15 10:34:29.089 2870  5318  D ActivityTaskManager:  setSkipCaptureLayers tr: Task{a08106c #22580 type=standard A=10588:com.okamihoro.ddplaytv.debug}
02-15 10:34:29.090 11394 1090  I AiCrEngine_PERCEPTION_.ScreenContentRecognition.send: package_name: com.okamihoro.ddplaytv.debug, activity_name: com.xyoye.player_component.ui.activities.player.PlayerActivity, package_version_code: 68, page_id: , screen_type: other
02-15 10:34:29.090 11394 1090  I AiCrEngine_PERCEPTION_.ScreenPerception.screenUpdate: screenUpdate
02-15 10:34:29.090 11394 1090  I AiCrEngine_PERCEPTION_.ScreenPerception.screenUpdate: from_App {"from_App":"其他"}
02-15 10:34:29.090 11394 1090  I AiCrEngine_PERCEPTION_.ScreenPerception.updateDataForArguments$aicr_AI_foundation_release: updateDataForArguments atomic name = screen_content
02-15 10:34:29.090 11394 6273  I AiCrEngine_PERCEPTION_.ScreenPerception.updateDataForArguments$aicr_AI_foundation_release: updateDataForArguments atomic name = top_activity
02-15 10:34:29.090 11394 1090  I AiCrEngine_PERCEPTION_.ScreenContentRecognition.setAlgoResult: ScreenPerception_debug configurationChanged
02-15 10:34:29.090 11394 1090  I AiCrEngine_PERCEPTION_.ScreenContentRecognition.activityNameRecognition: ScreenPerception_debug 未识别特定activity！
02-15 10:34:29.090 11394 12677 I AiCrEngine_PERCEPTION_.ScreenPerception$updateDataForArguments$1$1.invokeSuspend: screenTypeValue null mining false
02-15 10:34:29.090 11394 1090  I AiCrEngine_PERCEPTION_.ScreenContentRecognition.packageNameRecognition: ScreenPerception_debug 未识别特定包名！
02-15 10:34:29.091 11394 12677 I AiCrEngine_PERCEPTION_.ScreenPerception$updateDataForArguments$1$1.invokeSuspend: screenTypeValue [other] mining true
02-15 10:34:29.091 11394 12677 I AiCrEngine_PERCEPTION_.ScreenPerception$updateDataForArguments$1$1.invokeSuspend: pre handleDataMining
02-15 10:34:29.091 11394 12677 I AiCrEngine_PERCEPTION_.PerceptionsCombination$startObserve$1$2$1.emit: collect com.xiaomi.aicr.foundation.perception.perceptions.PerceptionsCombination@bd7948e
02-15 10:34:29.091 11394 12677 I AiCrEngine_PERCEPTION_BasePerception: argument: screen_type value type: class java.util.Collections$SingletonList
02-15 10:34:29.091 11394 12677 I AiCrEngine_PERCEPTION_BasePerception: String check [other]
02-15 10:34:29.091 11394 12677 I AiCrEngine_PERCEPTION_BasePerception: value: [other]
02-15 10:34:29.091 11394 12677 I AiCrEngine_PERCEPTION_.BasePerception.checkAtomicCondition: 检查: screen_type fail
02-15 10:34:29.091 2391  2391  D RefreshRateSelector: Touch Boost
02-15 10:34:29.093 7430  7601  D VRI[Miui Bottom Caption of Task=22580]: getMiuiFreeformStackInfo mTmpFrames.miuiFreeFormStackInfo: null
02-15 10:34:29.103 2130  10695 I MiStcImpl: Dispatching command: 35 SET_HISTOGRAM
02-15 10:34:29.108 2391  2391  D RefreshRateSelector: Touch Boost
02-15 10:34:29.112 4350  4350  I HandWritingStubImpl: refreshLastKeyboardType: 1
02-15 10:34:29.112 4350  4350  I HandWritingStubImpl: getCurrentKeyboardType: 1
02-15 10:34:29.113 2870  5440  I MiuiSplitInputMethodImpl: Skpi check shouldUpdateImeTargetForBackScreen.
02-15 10:34:29.113 2870  5440  I MiuiSplitInputMethodImpl: Skpi check shouldUpdateImeTargetForBackScreen.
02-15 10:34:29.113 2870  5440  I MiuiSplitInputMethodImpl: Skpi check shouldUpdateImeTargetForBackScreen.
02-15 10:34:29.113 2870  5440  I MiuiSplitInputMethodImpl: Skpi check shouldUpdateImeTargetForBackScreen.
02-15 10:34:29.113 2870  5440  I MiuiSplitInputMethodImpl: Skpi check shouldUpdateImeTargetForBackScreen.
02-15 10:34:29.113 2870  5440  I MiuiSplitInputMethodImpl: Skpi check shouldUpdateImeTargetForBackScreen.
02-15 10:34:29.113 2870  5440  I MiuiSplitInputMethodImpl: Skpi check shouldUpdateImeTargetForBackScreen.
02-15 10:34:29.113 2870  5440  I MiuiSplitInputMethodImpl: Skpi check shouldUpdateImeTargetForBackScreen.
02-15 10:34:29.113 2870  5440  I MiuiSplitInputMethodImpl: Skpi check shouldUpdateImeTargetForBackScreen.
02-15 10:34:29.113 2870  5440  I MiuiSplitInputMethodImpl: Skpi check shouldUpdateImeTargetForBackScreen.
02-15 10:34:29.113 2870  5440  I MiuiSplitInputMethodImpl: Skpi check shouldUpdateImeTargetForBackScreen.
02-15 10:34:29.113 2870  5440  I MiuiSplitInputMethodImpl: Skpi check shouldUpdateImeTargetForBackScreen.
02-15 10:34:29.113 2870  5440  I MiuiSplitInputMethodImpl: Skpi check shouldUpdateImeTargetForBackScreen.
02-15 10:34:29.113 2870  5440  I MiuiSplitInputMethodImpl: Skpi check shouldUpdateImeTargetForBackScreen.
02-15 10:34:29.113 2870  5440  I ImeTracker: com.okamihoro.ddplaytv.debug:c9885e19: onRequestHide at ORIGIN_SERVER reason HIDE_UNSPECIFIED_WINDOW fromUser false
02-15 10:34:29.113 2870  5440  I InputMethodManagerServiceImpl: Skip shouldIgnoreHideCurrentInputForBackDisplay check.
02-15 10:34:29.113 2870  5440  W SecurityInputMethodSwitcher: first check switch to security ime: false
02-15 10:34:29.113 2870  5440  W SecurityInputMethodSwitcher: double check switch to security ime: false
02-15 10:34:29.113 2870  5440  W SecurityInputMethodSwitcher: switch to other input method from security ime:false mayChangeToMiuiSecurityInputMethod: false current focus window: android.os.BinderProxy@738c717
02-15 10:34:29.113 2870  5440  D InputMethodManagerService: startInputUncheckedLocked:set client state as:ClientState{8cc4f5b mUid=10588 mPid=4350 mSelfReportedDisplayId=0}
02-15 10:34:29.114 4350  4350  D InsetsController: hide(ime(), fromIme=false)
02-15 10:34:29.114 4350  4350  I ImeTracker: com.okamihoro.ddplaytv.debug:c9885e19: onCancelled at PHASE_CLIENT_ALREADY_HIDDEN
02-15 10:34:29.114 2870  5440  D InputMethodManagerServiceImpl: ime switch to security: false , switch to normal ime: false , switch from security: false
02-15 10:34:29.115 2870  5318  I MiuiSplitInputMethodImpl: Skpi check shouldUpdateImeTargetForBackScreen.
02-15 10:34:29.115 11867 11867 I bdmiime: onStartInput called,  restarting：false, fieldId： 0, inputType：0, imeOptions： 0
02-15 10:34:29.115 2870  5318  I ImeTracker: system_server:90ad1fa1: onRequestHide at ORIGIN_SERVER reason IME_REQUESTED_CHANGED_LISTENER fromUser false
02-15 10:34:29.116 11867 11867 I InputMethodService: inputmethod dismissSystemCLipBoard
02-15 10:34:29.116 11867 11867 D joa: refreshData: LogoMenuActivitiesData(logoMenuData=[], sceneMap={})
02-15 10:34:29.116 11867 11867 D joa: isShowLogoAnimation: triggers is null, return false
02-15 10:34:29.116 2870  3068  I DisplayManagerServiceImpl: updateInputScene: , status: 0 targetPkg: input, cookie: 270
02-15 10:34:29.116 12128 19668 D MirrorManager:  sendAcceptInput 0 0
02-15 10:34:29.116 2391  2597  D MI-SF: updateScene: module = 270 (Input), value = 0, pkg = input, Vrr = 1, mSetTpIdleFlag = 0
02-15 10:34:29.116 11867 11867 I bdmiime:  tempDarkMode = false ,darkMode = false
02-15 10:34:29.116 2870  3068  I ImeTracker: system_server:90ad1fa1: onCancelled at PHASE_SERVER_SHOULD_HIDE
02-15 10:34:29.117 2870  3069  D BarFollowAnimation: pairAppearanceRegionAndWin win=Window{29ff704 u0 com.okamihoro.ddplaytv.debug/com.xyoye.player_component.ui.activities.player.PlayerActivity} 0
02-15 10:34:29.117 11867 11867 I bdmiime: updateForNightMode  isNight false
02-15 10:34:29.117 11867 11867 I bdmiime: getSysParam -> orientation isPortrait = true
02-15 10:34:29.117 11867 11867 I bdmiime: getKeyboardWidth sW=1080 bW=1080
02-15 10:34:29.117 2870  3069  D WmSystemUiDebug: addStatusBarAppearanceRegionsForLetterBox statusBarAppearanceRegionList=[AppearanceRegion{ bounds=[0,0][2400,1080]}] mOldAppearanceRegionList=[AppearanceRegion{ bounds=[0,0][2400,1080]}]
02-15 10:34:29.117 11867 11867 I bdmiime: initGlobal bw:1080, bl:0, br:1080, bh:644, lsh:0, sw:1080, sh:2400, 1080, rw:1080, rh:2400, as:3.3, ss: 2.625, pad:false,cd:840626-24C977-FFC726-7E6868-5D7G8G-8F|WEJ-TWHURP, way:0, mini0
02-15 10:34:29.117 2870  3069  D BarFollowAnimation: isAppTaskBarOnTop win:Window{29ff704 u0 com.okamihoro.ddplaytv.debug/com.xyoye.player_component.ui.activities.player.PlayerActivity} (mCurrentTopTask:Task{a08106c #22580 type=standard A=10588:com.okamihoro.ddplaytv.debug} : true); (mAssociatedTask:Task{a08106c #22580 type=standard A=10588:com.okamihoro.ddplaytv.debug} : true); (mHomeTask:Task{24c4b17 #22534 type=home} : false); mReparentToOriginParent:false mLastAppBarVisible:true mLastHomeBarVisible:false
02-15 10:34:29.117 2870  3069  D MiuiRefreshRatePolicy: reset
02-15 10:34:29.118 11867 11867 I bdmiime: SkinRender#currentSkinType:0
02-15 10:34:29.119 11867 11867 I bdmiime: setIsNight = false, isNightFollowSystemSetByUser true, isNightFollowSystem = true, userManualNightMode = -1, isDarkMode = false
02-15 10:34:29.119 11867 11867 I bdmiime: loadPref: isFloatingMode : false, isPcMode : false, model : com.baidu.or5@9c6b12c
02-15 10:34:29.119 11867 11867 I bdmiime: is sys vibra:true
02-15 10:34:29.119 11867 11867 I bdmiime: switchPcMode newPcMode = false
02-15 10:34:29.122 4350  32479 I mpv_bridge: mpv[ffmpeg][warn] http: HTTP error 416 Requested Range Not Satisfiable
02-15 10:34:29.122 4350  32479 I mpv_bridge: mpv[stream][error] Failed to open http://127.0.0.1:21470/%5BLoliHouse%5D+29-sai+Dokushin+Chuuken+Boukensha+no+Nichijou+-+01+%5BWebRip+1080p+HEVC-10bit+AAC+ASSx2%5D.mkv.
02-15 10:34:29.122 4350  32479 I mpv_bridge: mpv[cplayer][v] Opening failed or was aborted: http://127.0.0.1:21470/%5BLoliHouse%5D+29-sai+Dokushin+Chuuken+Boukensha+no+Nichijou+-+01+%5BWebRip+1080p+HEVC-10bit+AAC+ASSx2%5D.mkv
02-15 10:34:29.122 4350  32479 I mpv_bridge: mpv[cplayer][v] Running hook: ytdl_hook/on_load_fail
02-15 10:34:29.122 4350  32479 I mpv_bridge: mpv[ytdl_hook][v] No youtube-dl found with path yt-dlp in config directories
02-15 10:34:29.123 4350  32479 I mpv_bridge: mpv[ytdl_hook][v] Starting subprocess: [yt-dlp, --no-warnings, -J, --flat-playlist, --sub-format, ass/srt/best, --sub-langs, all, --write-srt, --no-playlist, --, http://127.0.0.1:21470/%5BLoliHouse%5D+29-sai+Dokushin+Chuuken+Boukensha+no+Nichijou+-+01+%5BWebRip+1080p+HEVC-10bit+AAC+ASSx2%5D.mkv]
02-15 10:34:29.128 3436  5564  I libsensor-displayalgo: the value of channelCali C:90.368715,R:53.967113,G:31.591057,B:13.306650,scales C:0.975640,R:0.954020,G:0.938446,B:1.138384
02-15 10:34:29.128 3436  5564  D libsensor-displayalgo: brightness:223.000000,R:5568.069450,G:5091.008546,B:3664.437160,EVENT C:1411.183838,R:918.359009,G:482.777740,B:282.499573, lux: 16.166786,cct:5795.496094, irPara: 0
02-15 10:34:29.133 2870  3069  I DisplayPolicyStubImpl: com.android.server.wm.WindowState hide ime, enable touchboost
02-15 10:34:29.133 2870  3069  I DisplayPolicyStubImpl: com.android.server.wm.WindowState hide ime, enable touchboost
02-15 10:34:29.141 4350  19131 W DDLog-player-mpv_bridge: WARN/player [player:mpv_bridge] #612: ffmpeg[warn] http: HTTP error 416 Requested Range Not Satisfiable
02-15 10:34:29.142 4350  19131 E DDLog-player-mpv_bridge: ERROR/player [player:mpv_bridge] #613: stream[error] Failed to open http://127.0.0.1:21470/%5BLoliHouse%5D+29-sai+Dokushin+Chuuken+Boukensha+no+Nichijou+-+01+%5BWebRip+1080p+HEVC-10bit+AAC+ASSx2%5D.mkv.
02-15 10:34:29.143 4350  19131 D DDLog-player-mpv_bridge: DEBUG/player [player:mpv_bridge] #614: cplayer[v] Opening failed or was aborted: http://127.0.0.1:21470/%5BLoliHouse%5D+29-sai+Dokushin+Chuuken+Boukensha+no+Nichijou+-+01+%5BWebRip+1080p+HEVC-10bit+AAC+ASSx2%5D.mkv
02-15 10:34:29.143 4350  19131 D DDLog-player-mpv_bridge: DEBUG/player [player:mpv_bridge] #615: cplayer[v] Running hook: ytdl_hook/on_load_fail
02-15 10:34:29.144 4350  19131 D DDLog-player-mpv_bridge: DEBUG/player [player:mpv_bridge] #616: ytdl_hook[v] No youtube-dl found with path yt-dlp in config directories
02-15 10:34:29.143 20053 20053 I adbd: in ShellService: top -b -n 1 -o pid -o %cpu -o time+ -o res -o user -o name -o args
02-15 10:34:29.145 4350  19131 D DDLog-player-mpv_bridge: DEBUG/player [player:mpv_bridge] #617: ytdl_hook[v] Starting subprocess: [yt-dlp, --no-warnings, -J, --flat-playlist, --sub-format, ass/srt/best, --sub-langs, all, --write-srt, --no-playlist, --, http://127.0.0.1:21470/%5BLoliHouse%5D+29-sai+Dokushin+Chuuken+Boukensha+no+Nichijou+-+01+%5BWebRip+1080p+HEVC-10bit+AAC+ASSx2%5D.mkv]
02-15 10:34:29.158 2870  3069  I WindowManager: wms.hideSurface mWin:Window{f15d049 u0 com.okamihoro.ddplaytv.debug/com.xyoye.storage_component.ui.activities.storage_file.StorageFileActivity EXITING} reason:(onExitAnimationDone) in Surface(name=com.okamihoro.ddplaytv.debug/com.xyoye.storage_component.ui.activities.storage_file.StorageFileActivity#140827)/@0x4fdbc67
02-15 10:34:29.159 2870  3069  D BarFollowAnimation: pairAppearanceRegionAndWin win=Window{29ff704 u0 com.okamihoro.ddplaytv.debug/com.xyoye.player_component.ui.activities.player.PlayerActivity} 0
02-15 10:34:29.159 2870  3069  D WmSystemUiDebug: addStatusBarAppearanceRegionsForLetterBox statusBarAppearanceRegionList=[AppearanceRegion{ bounds=[0,0][2400,1080]}] mOldAppearanceRegionList=[AppearanceRegion{ bounds=[0,0][2400,1080]}]
02-15 10:34:29.159 2870  3069  D BarFollowAnimation: isAppTaskBarOnTop win:Window{29ff704 u0 com.okamihoro.ddplaytv.debug/com.xyoye.player_component.ui.activities.player.PlayerActivity} (mCurrentTopTask:Task{a08106c #22580 type=standard A=10588:com.okamihoro.ddplaytv.debug} : true); (mAssociatedTask:Task{a08106c #22580 type=standard A=10588:com.okamihoro.ddplaytv.debug} : true); (mHomeTask:Task{24c4b17 #22534 type=home} : false); mReparentToOriginParent:false mLastAppBarVisible:true mLastHomeBarVisible:false
02-15 10:34:29.159 2870  3069  D MiuiRefreshRatePolicy: reset
02-15 10:34:29.165 4350  32479 I mpv_bridge: mpv[ytdl_hook][error] Subprocess failed: init
02-15 10:34:29.166 2391  2391  D RefreshRateSelector: Touch Boost
02-15 10:34:29.166 2870  3069  D BarFollowAnimation: pairAppearanceRegionAndWin win=Window{29ff704 u0 com.okamihoro.ddplaytv.debug/com.xyoye.player_component.ui.activities.player.PlayerActivity} 0
02-15 10:34:29.167 2870  3069  D WmSystemUiDebug: addStatusBarAppearanceRegionsForLetterBox statusBarAppearanceRegionList=[AppearanceRegion{ bounds=[0,0][2400,1080]}] mOldAppearanceRegionList=[AppearanceRegion{ bounds=[0,0][2400,1080]}]
02-15 10:34:29.167 2870  3069  D BarFollowAnimation: isAppTaskBarOnTop win:Window{29ff704 u0 com.okamihoro.ddplaytv.debug/com.xyoye.player_component.ui.activities.player.PlayerActivity} (mCurrentTopTask:Task{a08106c #22580 type=standard A=10588:com.okamihoro.ddplaytv.debug} : true); (mAssociatedTask:Task{a08106c #22580 type=standard A=10588:com.okamihoro.ddplaytv.debug} : true); (mHomeTask:Task{24c4b17 #22534 type=home} : false); mReparentToOriginParent:false mLastAppBarVisible:true mLastHomeBarVisible:false
02-15 10:34:29.167 2870  3069  D MiuiRefreshRatePolicy: reset
02-15 10:34:29.187 4350  32479 I mpv_bridge: mpv[ytdl_hook][v] youtube-dl with path yt-dlp not found in PATH or not enough permissions
02-15 10:34:29.187 4350  32479 I mpv_bridge: mpv[ytdl_hook][v] No youtube-dl found with path yt-dlp_x86 in config directories
02-15 10:34:29.187 4350  32479 I mpv_bridge: mpv[ytdl_hook][v] Starting subprocess: [yt-dlp_x86, --no-warnings, -J, --flat-playlist, --sub-format, ass/srt/best, --sub-langs, all, --write-srt, --no-playlist, --, http://127.0.0.1:21470/%5BLoliHouse%5D+29-sai+Dokushin+Chuuken+Boukensha+no+Nichijou+-+01+%5BWebRip+1080p+HEVC-10bit+AAC+ASSx2%5D.mkv]
02-15 10:34:29.188 4350  19131 E DDLog-player-mpv_bridge: ERROR/player [player:mpv_bridge] #618: ytdl_hook[error] Subprocess failed: init
02-15 10:34:29.188 4350  19131 D DDLog-player-mpv_bridge: DEBUG/player [player:mpv_bridge] #619: ytdl_hook[v] youtube-dl with path yt-dlp not found in PATH or not enough permissions
02-15 10:34:29.188 4350  19131 D DDLog-player-mpv_bridge: DEBUG/player [player:mpv_bridge] #620: ytdl_hook[v] No youtube-dl found with path yt-dlp_x86 in config directories
02-15 10:34:29.189 4350  19131 D DDLog-player-mpv_bridge: DEBUG/player [player:mpv_bridge] #621: ytdl_hook[v] Starting subprocess: [yt-dlp_x86, --no-warnings, -J, --flat-playlist, --sub-format, ass/srt/best, --sub-langs, all, --write-srt, --no-playlist, --, http://127.0.0.1:21470/%5BLoliHouse%5D+29-sai+Dokushin+Chuuken+Boukensha+no+Nichijou+-+01+%5BWebRip+1080p+HEVC-10bit+AAC+ASSx2%5D.mkv]
02-15 10:34:29.212 4350  32479 I mpv_bridge: mpv[ytdl_hook][error] Subprocess failed: init
02-15 10:34:29.212 4350  32479 I mpv_bridge: mpv[ytdl_hook][v] youtube-dl with path yt-dlp_x86 not found in PATH or not enough permissions
02-15 10:34:29.218 2870  8339  I NetworkAccelerateSwitchService: EVENT_RSSI_POLL. mRssiPoll=true
02-15 10:34:29.218 2870  8339  I NetworkAccelerateSwitchService: checkWifiRssiAndLinkSpeed rssi:41
02-15 10:34:29.218 2870  8339  I NetworkAccelerateSwitchService: checkWifiRssiAndLinkSpeed mWifiFastFade:false mWifiFastFadeAdjustThreshold:false
02-15 10:34:29.218 2870  8339  I NetworkAccelerateSwitchService: getAverageWifiRssi:41
02-15 10:34:29.219 2870  8339  D NetworkAccelerateSwitchService: checkIntervalModeChange mMovementState:false mIntervalMode:0 mIsBadLinkLayerQoE:false mBadLinkLayerQoETimes = 0
02-15 10:34:29.225 4350  32479 I mpv_bridge: mpv[ytdl_hook][v] No youtube-dl found with path youtube-dl in config directories
02-15 10:34:29.225 4350  32479 I mpv_bridge: mpv[ytdl_hook][v] Starting subprocess: [youtube-dl, --no-warnings, -J, --flat-playlist, --sub-format, ass/srt/best, --sub-langs, all, --write-srt, --no-playlist, --, http://127.0.0.1:21470/%5BLoliHouse%5D+29-sai+Dokushin+Chuuken+Boukensha+no+Nichijou+-+01+%5BWebRip+1080p+HEVC-10bit+AAC+ASSx2%5D.mkv]
02-15 10:34:29.226 2130  4268  I vendor.qti.hardware.display.composer-service: FrameNotifyProcess Sensor: notify citsensorservice to trigger cwb
02-15 10:34:29.228 4350  19131 E DDLog-player-mpv_bridge: ERROR/player [player:mpv_bridge] #622: ytdl_hook[error] Subprocess failed: init
02-15 10:34:29.228 4350  19131 D DDLog-player-mpv_bridge: DEBUG/player [player:mpv_bridge] #623: ytdl_hook[v] youtube-dl with path yt-dlp_x86 not found in PATH or not enough permissions
02-15 10:34:29.229 4350  19131 D DDLog-player-mpv_bridge: DEBUG/player [player:mpv_bridge] #624: ytdl_hook[v] No youtube-dl found with path youtube-dl in config directories
02-15 10:34:29.229 3436  5559  I libsensor-parseRGB: request dump start for mRequestDisplayId 0
02-15 10:34:29.229 3436  5559  D vendor.xiaomi.sensor.citsensorservice@2.0-service: handle id:22 wxh:1536x3200 uwxuh:1440x3200 size: 14745600 fd:19 fd_meta:20 flags:0x228 usage:0x33  format:0x3 layer_count: 1 reserved_size = 0
02-15 10:34:29.230 2130  2815  W SDM: HWCSession::GetDisplayIndex: Display index not found for display 1.
02-15 10:34:29.230 2130  2815  W SDM: HWCSession::GetDisplayIndex: Display index not found for display 3.
02-15 10:34:29.230 2130  2815  D SDM: HWCSession::SetCWBOutputBuffer: CWB config passed by cwb_client : tappoint 1  CWB_ROI : (768.000000 40.000000 1009.000000 281.000000). Display 0
02-15 10:34:29.230 4350  19131 D DDLog-player-mpv_bridge: DEBUG/player [player:mpv_bridge] #625: ytdl_hook[v] Starting subprocess: [youtube-dl, --no-warnings, -J, --flat-playlist, --sub-format, ass/srt/best, --sub-langs, all, --write-srt, --no-playlist, --, http://127.0.0.1:21470/%5BLoliHouse%5D+29-sai+Dokushin+Chuuken+Boukensha+no+Nichijou+-+01+%5BWebRip+1080p+HEVC-10bit+AAC+ASSx2%5D.mkv]
02-15 10:34:29.231 4350  23811 W Retrofit: <-- 403 Forbidden  http://127.0.0.1:21470/%5BLoliHouse%5D+29-sai+Dokushin+Chuuken+Boukensha+no+Nichijou+-+01+%5BWebRip+1080p+HEVC-10bit+AAC+ASSx2%5D.mkv (219ms）
02-15 10:34:29.231 4350  23811 W Retrofit: 	Content-Type: text/plain
02-15 10:34:29.231 4350  23811 W Retrofit: 	Date: Sun, 15 Feb 2026 02:34:29 GMT
02-15 10:34:29.231 4350  23811 W Retrofit: 	Connection: keep-alive
02-15 10:34:29.232 4350  23811 W Retrofit: 	Transfer-Encoding: chunked
02-15 10:34:29.232 4350  23811 W Retrofit:
02-15 10:34:29.232 4350  23811 W Retrofit: 	body:upstream http 403
02-15 10:34:29.232 4350  23811 W Retrofit: <-- END HTTP
02-15 10:34:29.234 4350  19119 D CrashReport: replace KV err.tag Request#doGet
02-15 10:34:29.234 4350  19119 D CrashReport: replace KV err.extra 请求参数: {}
02-15 10:34:29.235 4350  19119 D CrashReport: [AsyncTaskHandler] Post a normal task: com.tencent.bugly.proguard.at$3
02-15 10:34:29.237 4350  19115 D CrashReport: post a throwable false
02-15 10:34:29.238 4350  19115 E CrashReport: Java Catch Happen
02-15 10:34:29.238 4350  19131 E DDLog-core-ErrorReportH: ERROR/core [core:ErrorReportHelper] #626: Exception reported {extra=请求参数: {},tag=Request#doGet}
retrofit2.HttpException: HTTP 403 Forbidden 
	at retrofit2.KotlinExtensions$await$2$2.onResponse(KotlinExtensions.kt:53)
	at retrofit2.OkHttpCall$1.onResponse(OkHttpCall.java:161)
	at okhttp3.internal.connection.RealCall$AsyncCall.run(RealCall.kt:519)
	at java.util.concurrent.ThreadPoolExecutor.runWorker(ThreadPoolExecutor.java:1302)
	at java.util.concurrent.ThreadPoolExecutor$Worker.run(ThreadPoolExecutor.java:677)
	at java.lang.Thread.run(Thread.java:1119)
02-15 10:34:29.239 4350  19115 I CrashReport: user log size:0
02-15 10:34:29.241 4350  19115 D CrashReport: isAppForeground:true
02-15 10:34:29.241 4350  19115 E CrashReport: stack frame :6, has cause false
02-15 10:34:29.241 4350  19115 E CrashReport: #++++++++++Record By Bugly++++++++++#
02-15 10:34:29.241 4350  19115 E CrashReport: # You can use Bugly(http:\\bugly.qq.com) to get more Crash Detail!
02-15 10:34:29.241 4350  19115 E CrashReport: # PKG NAME: com.okamihoro.ddplaytv.debug
02-15 10:34:29.241 4350  19115 E CrashReport: # APP VER: 4.2.1-debug
02-15 10:34:29.242 4350  19115 E CrashReport: # SDK VER: 4.1.9-4.1.9
02-15 10:34:29.242 4350  19115 E CrashReport: # LAUNCH TIME: 2026-02-15 10:27:50
02-15 10:34:29.242 4350  19115 E CrashReport: # CRASH TYPE: JAVA_CATCH
02-15 10:34:29.242 4350  19115 E CrashReport: # CRASH TIME: 2026-02-15 10:34:29
02-15 10:34:29.242 4350  19115 E CrashReport: # CRASH PROCESS: com.okamihoro.ddplaytv.debug
02-15 10:34:29.242 4350  19115 D CrashReport: isAppForeground:true
02-15 10:34:29.242 4350  19115 E CrashReport: # CRASH FOREGROUND: true
02-15 10:34:29.242 4350  19115 E CrashReport: # CRASH THREAD: DefaultDispatcher-worker-1
02-15 10:34:29.242 4350  19115 E CrashReport: # REPORT ID: 365213d2-2b89-4d0a-882b-00cb82fafeb1
02-15 10:34:29.242 4350  19115 D CrashReport: not allow collect device model
02-15 10:34:29.242 4350  19115 E CrashReport: # CRASH DEVICE: fail UNROOT
02-15 10:34:29.242 4350  19115 E CrashReport: # RUNTIME AVAIL RAM:4788334592 ROM:101795745792 SD:101795745792
02-15 10:34:29.242 4350  19115 E CrashReport: # RUNTIME TOTAL RAM:11734196224 ROM:242775470080 SD:242775470080
02-15 10:34:29.242 4350  19115 E CrashReport: # CRASH STACK:
02-15 10:34:29.242 4350  19115 E CrashReport: retrofit2.HttpException: HTTP 403 Forbidden 
	at retrofit2.KotlinExtensions$await$2$2.onResponse(KotlinExtensions.kt:53)
	at retrofit2.OkHttpCall$1.onResponse(OkHttpCall.java:161)
	at okhttp3.internal.connection.RealCall$AsyncCall.run(RealCall.kt:519)
	at java.util.concurrent.ThreadPoolExecutor.runWorker(ThreadPoolExecutor.java:1302)
	at java.util.concurrent.ThreadPoolExecutor$Worker.run(ThreadPoolExecutor.java:677)
	at java.lang.Thread.run(Thread.java:1119)
02-15 10:34:29.242 4350  19115 E CrashReport: #++++++++++++++++++++++++++++++++++++++++++#
02-15 10:34:29.243 2130  2377  D SDM: HWDeviceDRM::SetupConcurrentWriteback: Tear down the Concurrent Writeback topology
02-15 10:34:29.246 11394 6273  I AiCrEngine_PERCEPTION_.ScreenPerception.updateDataForArguments$aicr_AI_foundation_release: updateDataForArguments atomic name = top_activity
02-15 10:34:29.246 11394 12918 I AiCrEngine_PERCEPTION_.ScreenContentRecognition.activityNameRecognition: ScreenPerception_debug 未识别特定activity！
02-15 10:34:29.247 11394 12918 I AiCrEngine_PERCEPTION_.ScreenContentRecognition.packageNameRecognition: ScreenPerception_debug 未识别特定包名！
02-15 10:34:29.247 11394 12918 I AiCrEngine_PERCEPTION_.ScreenPerception$updateDataForArguments$1$1.invokeSuspend: screenTypeValue null mining false
02-15 10:34:29.248 4350  19115 D CrashReport: [Database] insert t_cr success.
02-15 10:34:29.248 4350  19115 D CrashReport: insert t_cr success!
02-15 10:34:29.248 4350  19115 D CrashReport: maxMemory : 256.000000
02-15 10:34:29.248 4350  19115 D CrashReport: totalMemory : 64.444763
02-15 10:34:29.248 4350  19115 D CrashReport: freeMemory : 191.555237
02-15 10:34:29.252 4350  32479 I mpv_bridge: mpv[ytdl_hook][error] Subprocess failed: init
02-15 10:34:29.254 4350  32479 I mpv_bridge: mpv[ytdl_hook][v] youtube-dl with path youtube-dl not found in PATH or not enough permissions
02-15 10:34:29.254 4350  32479 I mpv_bridge: mpv[cplayer][v] Set property: user-data/mpv/ytdl/path="" -> 1
02-15 10:34:29.254 4350  32479 I mpv_bridge: mpv[cplayer][v] Set property: user-data/mpv/ytdl/json-subprocess-result={"error_string":"init","stdout":"","status":-3,"stderr":"","killed_by_us":false} -> 1
02-15 10:34:29.254 4350  32479 I mpv_bridge: mpv[ytdl_hook][v] status: -3
02-15 10:34:29.254 4350  32479 I mpv_bridge: mpv[ytdl_hook][v] reason: init
02-15 10:34:29.254 4350  32479 I mpv_bridge: mpv[ytdl_hook][v] stdout:
02-15 10:34:29.254 4350  32479 I mpv_bridge: mpv[ytdl_hook][v] stderr:
02-15 10:34:29.254 4350  19131 E DDLog-player-mpv_bridge: ERROR/player [player:mpv_bridge] #627: ytdl_hook[error] Subprocess failed: init
02-15 10:34:29.254 4350  32479 I mpv_bridge: mpv[ytdl_hook][error]
02-15 10:34:29.254 4350  32479 I mpv_bridge: mpv[ytdl_hook][error] youtube-dl failed: not found or not enough permissions
02-15 10:34:29.254 4350  32479 I mpv_bridge: mpv[cplayer][v] finished playback, loading failed (reason 4)
02-15 10:34:29.254 4350  32479 I mpv_bridge: mpv[cplayer][v] Running hook: ytdl_hook/on_after_end_file
02-15 10:34:29.255 4350  19131 D DDLog-player-mpv_bridge: DEBUG/player [player:mpv_bridge] #628: ytdl_hook[v] youtube-dl with path youtube-dl not found in PATH or not enough permissions
02-15 10:34:29.255 4350  4350  D CrashReport: replace KV err.tag MpvVideoPlayer#onNativeError
02-15 10:34:29.255 4350  4350  D CrashReport: replace KV err.extra loading failed | code=-13 | reason=error
02-15 10:34:29.256 4350  4350  D CrashReport: [AsyncTaskHandler] Post a normal task: com.tencent.bugly.proguard.at$3
02-15 10:34:29.256 4350  19131 D DDLog-player-mpv_bridge: DEBUG/player [player:mpv_bridge] #629: cplayer[v] Set property: user-data/mpv/ytdl/path="" -> 1
02-15 10:34:29.256 4350  19118 D CrashReport: post a throwable false
02-15 10:34:29.256 4350  19118 E CrashReport: Java Catch Happen
02-15 10:34:29.257 4350  19131 D DDLog-player-mpv_bridge: DEBUG/player [player:mpv_bridge] #630: cplayer[v] Set property: user-data/mpv/ytdl/json-subprocess-result={"error_string":"init","stdout":"","status":-3,"stderr":"","killed_by_us":false} -> 1
02-15 10:34:29.257 2870  6223  D WifiStaIfaceHidlImpl: getCachedScanData is not implemented by HIDL
02-15 10:34:29.257 4350  19118 I CrashReport: user log size:0
02-15 10:34:29.258 3197  3197  I wificond: station_bandwidth: P
02-15 10:34:29.258 2130  5577  D SDM: HWCSession::NotifyCWBStatus: Notify the client about buffer status 0. Display: 0
02-15 10:34:29.258 2130  5577  I SDM: HWCSession::ProcessCWBStatus: CWB queue is empty. display_index: 0
02-15 10:34:29.259 4350  4350  D DecorView: updateFreeformOutlineFromActivity, inFreeform=false,inFreeformWindowMode=false
02-15 10:34:29.261 4350  19131 E DDLog-player-MpvVideoPl: ERROR/player [player:MpvVideoPlayer] #631: mpv onNativeError: loading failed | code=-13 | reason=error {code=-13,dataSourceHash=-784515755,lastError=null,rawMessage=loading failed,reason=4}
com.xyoye.player.kernel.impl.mpv.MpvPlaybackException: loading failed | code=-13 | reason=error
	at com.xyoye.player.kernel.impl.mpv.MpvVideoPlayer.onNativeEvent(MpvVideoPlayer.kt:563)
	at com.xyoye.player.kernel.impl.mpv.MpvVideoPlayer.access$onNativeEvent(MpvVideoPlayer.kt:27)
	at com.xyoye.player.kernel.impl.mpv.MpvVideoPlayer$initPlayer$1.invoke(MpvVideoPlayer.kt:70)
	at com.xyoye.player.kernel.impl.mpv.MpvVideoPlayer$initPlayer$1.invoke(MpvVideoPlayer.kt:70)
	at com.xyoye.player.kernel.impl.mpv.MpvNativeBridge.onNativeEvent$lambda$13(MpvNativeBridge.kt:423)
	at com.xyoye.player.kernel.impl.mpv.MpvNativeBridge.$r8$lambda$4Hc81Cx0FOpJmyVQIDsEi3Wa8Fw(Unknown Source:0)
	at com.xyoye.player.kernel.impl.mpv.MpvNativeBridge$$ExternalSyntheticLambda0.run(D8$$SyntheticClass:0)
	at android.os.Handler.handleCallback(Handler.java:1029)
	at android.os.Handler.dispatchMessage(Handler.java:107)
	at android.os.Looper.loopOnce(Looper.java:267)
	at android.os.Looper.loop(Looper.java:360)
	at android.app.ActivityThread.main(ActivityThread.java:10054)
	at java.lang.reflect.Method.invoke(Native Method)
	at com.android.internal.os.RuntimeInit$MethodAndArgsCaller.run(RuntimeInit.java:616)
	at com.android.internal.os.ZygoteInit.main(ZygoteInit.java:1115)
02-15 10:34:29.261 4350  19118 D CrashReport: isAppForeground:true
02-15 10:34:29.261 4350  19118 E CrashReport: stack frame :15, has cause false
02-15 10:34:29.262 4350  19118 E CrashReport: #++++++++++Record By Bugly++++++++++#
02-15 10:34:29.262 4350  19118 E CrashReport: # You can use Bugly(http:\\bugly.qq.com) to get more Crash Detail!
02-15 10:34:29.262 4350  19118 E CrashReport: # PKG NAME: com.okamihoro.ddplaytv.debug
02-15 10:34:29.262 4350  19118 E CrashReport: # APP VER: 4.2.1-debug
02-15 10:34:29.262 4350  19118 E CrashReport: # SDK VER: 4.1.9-4.1.9
02-15 10:34:29.262 4350  19131 E DDLog-core-ErrorReportH: ERROR/core [core:ErrorReportHelper] #632: Exception reported {extra=loading failed | code=-13 | reason=error,tag=MpvVideoPlayer#onNativeError}
com.xyoye.player.kernel.impl.mpv.MpvPlaybackException: loading failed | code=-13 | reason=error
	at com.xyoye.player.kernel.impl.mpv.MpvVideoPlayer.onNativeEvent(MpvVideoPlayer.kt:563)
	at com.xyoye.player.kernel.impl.mpv.MpvVideoPlayer.access$onNativeEvent(MpvVideoPlayer.kt:27)
	at com.xyoye.player.kernel.impl.mpv.MpvVideoPlayer$initPlayer$1.invoke(MpvVideoPlayer.kt:70)
	at com.xyoye.player.kernel.impl.mpv.MpvVideoPlayer$initPlayer$1.invoke(MpvVideoPlayer.kt:70)
	at com.xyoye.player.kernel.impl.mpv.MpvNativeBridge.onNativeEvent$lambda$13(MpvNativeBridge.kt:423)
	at com.xyoye.player.kernel.impl.mpv.MpvNativeBridge.$r8$lambda$4Hc81Cx0FOpJmyVQIDsEi3Wa8Fw(Unknown Source:0)
	at com.xyoye.player.kernel.impl.mpv.MpvNativeBridge$$ExternalSyntheticLambda0.run(D8$$SyntheticClass:0)
	at android.os.Handler.handleCallback(Handler.java:1029)
	at android.os.Handler.dispatchMessage(Handler.java:107)
	at android.os.Looper.loopOnce(Looper.java:267)
	at android.os.Looper.loop(Looper.java:360)
	at android.app.ActivityThread.main(ActivityThread.java:10054)
	at java.lang.reflect.Method.invoke(Native Method)
	at com.android.internal.os.RuntimeInit$MethodAndArgsCaller.run(RuntimeInit.java:616)
	at com.android.internal.os.ZygoteInit.main(ZygoteInit.java:1115)
02-15 10:34:29.262 4350  19118 E CrashReport: # LAUNCH TIME: 2026-02-15 10:27:50
02-15 10:34:29.262 4350  19118 E CrashReport: # CRASH TYPE: JAVA_CATCH
02-15 10:34:29.262 4350  19118 E CrashReport: # CRASH TIME: 2026-02-15 10:34:29
02-15 10:34:29.262 4350  19118 E CrashReport: # CRASH PROCESS: com.okamihoro.ddplaytv.debug
02-15 10:34:29.262 4350  19118 D CrashReport: isAppForeground:true
02-15 10:34:29.262 4350  19118 E CrashReport: # CRASH FOREGROUND: true
02-15 10:34:29.262 4350  19118 E CrashReport: # CRASH THREAD: main
02-15 10:34:29.262 4350  19118 E CrashReport: # REPORT ID: 1d6fd38c-7578-4a2f-9408-a246de00f483
02-15 10:34:29.262 4350  19118 D CrashReport: not allow collect device model
02-15 10:34:29.262 4350  19118 E CrashReport: # CRASH DEVICE: fail UNROOT
02-15 10:34:29.262 4350  19118 E CrashReport: # RUNTIME AVAIL RAM:4805120000 ROM:101795684352 SD:101795684352
02-15 10:34:29.263 4350  19118 E CrashReport: # RUNTIME TOTAL RAM:11734196224 ROM:242775470080 SD:242775470080
02-15 10:34:29.263 4350  19131 E DDLog-player-PlayerPlay: ERROR/player [player:PlayerPlayback] #633: play error title=[LoliHouse] 29-sai Dokushin Chuuken Boukensha no Nichijou - 01 [WebRip 1080p HEVC-10bit AAC ASSx2].mkv position=0 com.xyoye.player.kernel.impl.mpv.MpvPlaybackException: loading failed | code=-13 | reason=error
com.xyoye.player.kernel.impl.mpv.MpvPlaybackException: loading failed | code=-13 | reason=error
	at com.xyoye.player.kernel.impl.mpv.MpvVideoPlayer.onNativeEvent(MpvVideoPlayer.kt:563)
	at com.xyoye.player.kernel.impl.mpv.MpvVideoPlayer.access$onNativeEvent(MpvVideoPlayer.kt:27)
	at com.xyoye.player.kernel.impl.mpv.MpvVideoPlayer$initPlayer$1.invoke(MpvVideoPlayer.kt:70)
	at com.xyoye.player.kernel.impl.mpv.MpvVideoPlayer$initPlayer$1.invoke(MpvVideoPlayer.kt:70)
	at com.xyoye.player.kernel.impl.mpv.MpvNativeBridge.onNativeEvent$lambda$13(MpvNativeBridge.kt:423)
	at com.xyoye.player.kernel.impl.mpv.MpvNativeBridge.$r8$lambda$4Hc81Cx0FOpJmyVQIDsEi3Wa8Fw(Unknown Source:0)
	at com.xyoye.player.kernel.impl.mpv.MpvNativeBridge$$ExternalSyntheticLambda0.run(D8$$SyntheticClass:0)
	at android.os.Handler.handleCallback(Handler.java:1029)
	at android.os.Handler.dispatchMessage(Handler.java:107)
	at android.os.Looper.loopOnce(Looper.java:267)
	at android.os.Looper.loop(Looper.java:360)
	at android.app.ActivityThread.main(ActivityThread.java:10054)
	at java.lang.reflect.Method.invoke(Native Method)
	at com.android.internal.os.RuntimeInit$MethodAndArgsCaller.run(RuntimeInit.java:616)
	at com.android.internal.os.ZygoteInit.main(ZygoteInit.java:1115)
02-15 10:34:29.263 4350  19118 E CrashReport: # CRASH STACK:
02-15 10:34:29.263 4350  19118 E CrashReport: com.xyoye.player.kernel.impl.mpv.MpvPlaybackException: loading failed | code=-13 | reason=error
	at com.xyoye.player.kernel.impl.mpv.MpvVideoPlayer.onNativeEvent(MpvVideoPlayer.kt:563)
	at com.xyoye.player.kernel.impl.mpv.MpvVideoPlayer.access$onNativeEvent(MpvVideoPlayer.kt:27)
	at com.xyoye.player.kernel.impl.mpv.MpvVideoPlayer$initPlayer$1.invoke(MpvVideoPlayer.kt:70)
	at com.xyoye.player.kernel.impl.mpv.MpvVideoPlayer$initPlayer$1.invoke(MpvVideoPlayer.kt:70)
	at com.xyoye.player.kernel.impl.mpv.MpvNativeBridge.onNativeEvent$lambda$13(MpvNativeBridge.kt:423)
	at com.xyoye.player.kernel.impl.mpv.MpvNativeBridge.$r8$lambda$4Hc81Cx0FOpJmyVQIDsEi3Wa8Fw(Unknown Source:0)
	at com.xyoye.player.kernel.impl.mpv.MpvNativeBridge$$ExternalSyntheticLambda0.run(D8$$SyntheticClass:0)
	at android.os.Handler.handleCallback(Handler.java:1029)
	at android.os.Handler.dispatchMessage(Handler.java:107)
	at android.os.Looper.loopOnce(Looper.java:267)
	at android.os.Looper.loop(Looper.java:360)
	at android.app.ActivityThread.main(ActivityThread.java:10054)
	at java.lang.reflect.Method.invoke(Native Method)
	at com.android.internal.os.RuntimeInit$MethodAndArgsCaller.run(RuntimeInit.java:616)
	at com.android.internal.os.ZygoteInit.main(ZygoteInit.java:1115)
02-15 10:34:29.263 4350  19118 E CrashReport: #++++++++++++++++++++++++++++++++++++++++++#
02-15 10:34:29.263 4350  19131 E DDLog-player-PlayerPlay: ERROR/player [player:PlayerPlayback] #634: play error title=[LoliHouse] 29-sai Dokushin Chuuken Boukensha no Nichijou - 01 [WebRip 1080p HEVC-10bit AAC ASSx2].mkv position=0 com.xyoye.player.kernel.impl.mpv.MpvPlaybackException: loading failed | code=-13 | reason=error
com.xyoye.player.kernel.impl.mpv.MpvPlaybackException: loading failed | code=-13 | reason=error
	at com.xyoye.player.kernel.impl.mpv.MpvVideoPlayer.onNativeEvent(MpvVideoPlayer.kt:563)
	at com.xyoye.player.kernel.impl.mpv.MpvVideoPlayer.access$onNativeEvent(MpvVideoPlayer.kt:27)
	at com.xyoye.player.kernel.impl.mpv.MpvVideoPlayer$initPlayer$1.invoke(MpvVideoPlayer.kt:70)
	at com.xyoye.player.kernel.impl.mpv.MpvVideoPlayer$initPlayer$1.invoke(MpvVideoPlayer.kt:70)
	at com.xyoye.player.kernel.impl.mpv.MpvNativeBridge.onNativeEvent$lambda$13(MpvNativeBridge.kt:423)
	at com.xyoye.player.kernel.impl.mpv.MpvNativeBridge.$r8$lambda$4Hc81Cx0FOpJmyVQIDsEi3Wa8Fw(Unknown Source:0)
	at com.xyoye.player.kernel.impl.mpv.MpvNativeBridge$$ExternalSyntheticLambda0.run(D8$$SyntheticClass:0)
	at android.os.Handler.handleCallback(Handler.java:1029)
	at android.os.Handler.dispatchMessage(Handler.java:107)
	at android.os.Looper.loopOnce(Looper.java:267)
	at android.os.Looper.loop(Looper.java:360)
	at android.app.ActivityThread.main(ActivityThread.java:10054)
	at java.lang.reflect.Method.invoke(Native Method)
	at com.android.internal.os.RuntimeInit$MethodAndArgsCaller.run(RuntimeInit.java:616)
	at com.android.internal.os.ZygoteInit.main(ZygoteInit.java:1115)
