02-15 10:34:23.731 3436  5564  I libsensor-displayalgo: the value of channelCali C:110.568556,R:65.853629,G:38.490307,B:16.092012,scales C:0.975640,R:0.954020,G:0.938446,B:1.138384
02-15 10:34:23.731 3436  5564  D libsensor-displayalgo: brightness:223.000000,R:6846.932935,G:6260.919571,B:4494.600488,EVENT C:1511.000610,R:963.143494,G:539.496033,B:306.753204, lux: 17.895281,cct:5687.258789, irPara: 1
02-15 10:34:23.736 32093 32378 W System.err: java.lang.NoSuchFieldException: No field initialized in class Lxcrash/XCrash; (declaration of 'xcrash.XCrash' appears in /data/app/~~93qt6A97hgNKz3HpstmBDA==/com.xiaomi.smarthome-LLqNqXteGd_WipQ0MynoAA==/base.apk!classes5.dex)
02-15 10:34:23.736 32093 32378 W System.err: 	at java.lang.Class.getDeclaredField(Native Method)
02-15 10:34:23.736 32093 32378 W System.err: 	at _m_j.yfd.OooOo(SourceFile:19)
02-15 10:34:23.736 32093 32378 W System.err: 	at _m_j.v25.run(SourceFile:413)
02-15 10:34:23.736 32093 32378 W System.err: 	at _m_j.nu9.run(SourceFile:20)
02-15 10:34:23.736 32093 32378 W System.err: 	at java.util.concurrent.ThreadPoolExecutor.runWorker(ThreadPoolExecutor.java:1302)
02-15 10:34:23.736 32093 32378 W System.err: 	at java.util.concurrent.ThreadPoolExecutor$Worker.run(ThreadPoolExecutor.java:677)
02-15 10:34:23.736 32093 32378 W System.err: 	at java.lang.Thread.run(Thread.java:1119)
02-15 10:34:23.778 3327  3327  I cnss-daemon: nl80211 response handler invoked
02-15 10:34:23.778 3327  3327  I cnss-daemon: nl80211_response_handler: cmd 103, vendorID 4980, subcmd 13  received
02-15 10:34:23.778 2106  6098  I WifiHAL: event received NL80211_CMD_VENDOR, vendor_id = 0x1374, subcmd = 0xd
02-15 10:34:23.786 32093 32378 W System.err: java.lang.NoSuchFieldException: No field initialized in class Lxcrash/XCrash; (declaration of 'xcrash.XCrash' appears in /data/app/~~93qt6A97hgNKz3HpstmBDA==/com.xiaomi.smarthome-LLqNqXteGd_WipQ0MynoAA==/base.apk!classes5.dex)
02-15 10:34:23.787 32093 32378 W System.err: 	at java.lang.Class.getDeclaredField(Native Method)
02-15 10:34:23.787 32093 32378 W System.err: 	at _m_j.yfd.OooOo(SourceFile:19)
02-15 10:34:23.787 32093 32378 W System.err: 	at _m_j.v25.run(SourceFile:413)
02-15 10:34:23.787 32093 32378 W System.err: 	at _m_j.nu9.run(SourceFile:20)
02-15 10:34:23.787 32093 32378 W System.err: 	at java.util.concurrent.ThreadPoolExecutor.runWorker(ThreadPoolExecutor.java:1302)
02-15 10:34:23.787 32093 32378 W System.err: 	at java.util.concurrent.ThreadPoolExecutor$Worker.run(ThreadPoolExecutor.java:677)
02-15 10:34:23.787 32093 32378 W System.err: 	at java.lang.Thread.run(Thread.java:1119)
02-15 10:34:23.838 32093 32378 W System.err: java.lang.NoSuchFieldException: No field initialized in class Lxcrash/XCrash; (declaration of 'xcrash.XCrash' appears in /data/app/~~93qt6A97hgNKz3HpstmBDA==/com.xiaomi.smarthome-LLqNqXteGd_WipQ0MynoAA==/base.apk!classes5.dex)
02-15 10:34:23.838 32093 32378 W System.err: 	at java.lang.Class.getDeclaredField(Native Method)
02-15 10:34:23.838 32093 32378 W System.err: 	at _m_j.yfd.OooOo(SourceFile:19)
02-15 10:34:23.838 32093 32378 W System.err: 	at _m_j.v25.run(SourceFile:413)
02-15 10:34:23.838 32093 32378 W System.err: 	at _m_j.nu9.run(SourceFile:20)
02-15 10:34:23.838 32093 32378 W System.err: 	at java.util.concurrent.ThreadPoolExecutor.runWorker(ThreadPoolExecutor.java:1302)
02-15 10:34:23.838 32093 32378 W System.err: 	at java.util.concurrent.ThreadPoolExecutor$Worker.run(ThreadPoolExecutor.java:677)
02-15 10:34:23.838 32093 32378 W System.err: 	at java.lang.Thread.run(Thread.java:1119)
02-15 10:34:23.860 29581 29977 V MSF.C.MSFCore[@PS]: [Event] MSFPacketStatistics.cpp(300)::DoCheckRequestTimeout->current rtts:46.996
02-15 10:34:23.863 29581 30005 V MSF.C.MSFCore[@DD]: [Event] MSFDDNetworkEngine.cpp(179)::onTcpInfoUpdate->onTcpInfoUpdate:
                     tcpi_state = 1;
                     tcpi_ca_state = 0;
                     tcpi_rto = 220 ms;
                     tcpi_unacked = 0;
                     tcpi_rttcur = 17 ms;
                     tcpi_rttvar = 4 ms;
                     tcpi_bytes_retrans = 0 bytes;
                     tcpi_notsent_bytes = 0 bytes;
                     tcpi_bytes_received = 8830 bytes;
                     tcpi_bytes_sent = 2406 bytes 
                     tcpi_last_data_sent = 105196 ms 
                     tcpi_last_data_recv = 89816 ms
02-15 10:34:23.865 20053 20053 I adbd: in ShellService: top -b -n 1 -o pid -o %cpu -o time+ -o res -o user -o name -o args
02-15 10:34:23.871 2130  10695 I MiStcImpl: Dispatching command: 35 SET_HISTOGRAM
02-15 10:34:23.886 32093 32093 I MMKV: <MemoryFile.cpp:98::open> open fd[0xad], /data/user/0/com.xiaomi.smarthome/files/mmkv/COM.MIJIA.AB.TEST.CONFIG
02-15 10:34:23.886 32093 32093 I MMKV: <MemoryFile.cpp:203::mmap> mmap to address [0x76090c3000], oldPtr [0x0], [/data/user/0/com.xiaomi.smarthome/files/mmkv/COM.MIJIA.AB.TEST.CONFIG]
02-15 10:34:23.887 32093 32093 I MMKV: <MemoryFile.cpp:98::open> open fd[0xd0], /data/user/0/com.xiaomi.smarthome/files/mmkv/COM.MIJIA.AB.TEST.CONFIG.crc
02-15 10:34:23.887 32093 32093 I MMKV: <MemoryFile.cpp:203::mmap> mmap to address [0x761fd9a000], oldPtr [0x0], [/data/user/0/com.xiaomi.smarthome/files/mmkv/COM.MIJIA.AB.TEST.CONFIG.crc]
02-15 10:34:23.887 32093 32093 I MMKV: <MMKV_IO.cpp:214::loadMetaInfoAndCheck> meta file [COM.MIJIA.AB.TEST.CONFIG] has flag [0]
02-15 10:34:23.889 32093 32093 I MMKV: <MMKV_IO.cpp:84::loadFromFile> loading [COM.MIJIA.AB.TEST.CONFIG] with 57112 actual size, file size 131072, InterProcess 1, meta info version:4
02-15 10:34:23.889 32093 32093 I MMKV: <MMKV_IO.cpp:89::loadFromFile> loading [COM.MIJIA.AB.TEST.CONFIG] with crc 1891359643 sequence 65 version 4
02-15 10:34:23.889 32093 32093 I MMKV: <MMKV_IO.cpp:133::loadFromFile> loaded [COM.MIJIA.AB.TEST.CONFIG] with 1 key-values
02-15 10:34:23.889 32093 32378 W System.err: java.lang.NoSuchFieldException: No field initialized in class Lxcrash/XCrash; (declaration of 'xcrash.XCrash' appears in /data/app/~~93qt6A97hgNKz3HpstmBDA==/com.xiaomi.smarthome-LLqNqXteGd_WipQ0MynoAA==/base.apk!classes5.dex)
02-15 10:34:23.889 32093 32378 W System.err: 	at java.lang.Class.getDeclaredField(Native Method)
02-15 10:34:23.889 32093 32378 W System.err: 	at _m_j.yfd.OooOo(SourceFile:19)
02-15 10:34:23.889 32093 32378 W System.err: 	at _m_j.v25.run(SourceFile:413)
02-15 10:34:23.889 32093 32378 W System.err: 	at _m_j.nu9.run(SourceFile:20)
02-15 10:34:23.889 32093 32378 W System.err: 	at java.util.concurrent.ThreadPoolExecutor.runWorker(ThreadPoolExecutor.java:1302)
02-15 10:34:23.889 32093 32378 W System.err: 	at java.util.concurrent.ThreadPoolExecutor$Worker.run(ThreadPoolExecutor.java:677)
02-15 10:34:23.889 32093 32378 W System.err: 	at java.lang.Thread.run(Thread.java:1119)
02-15 10:34:23.890 32093 32093 I MMKV: <MemoryFile.cpp:98::open> open fd[0xef], /data/user/0/com.xiaomi.smarthome/files/mmkv/smart.config.cache
02-15 10:34:23.890 32093 32093 I MMKV: <MemoryFile.cpp:203::mmap> mmap to address [0x761fd5a000], oldPtr [0x0], [/data/user/0/com.xiaomi.smarthome/files/mmkv/smart.config.cache]
02-15 10:34:23.891 32093 32093 I MMKV: <MemoryFile.cpp:98::open> open fd[0xf4], /data/user/0/com.xiaomi.smarthome/files/mmkv/smart.config.cache.crc
02-15 10:34:23.891 32093 32093 I MMKV: <MemoryFile.cpp:203::mmap> mmap to address [0x761fd59000], oldPtr [0x0], [/data/user/0/com.xiaomi.smarthome/files/mmkv/smart.config.cache.crc]
02-15 10:34:23.891 32093 32093 I MMKV: <MMKV_IO.cpp:214::loadMetaInfoAndCheck> meta file [smart.config.cache] has flag [0]
02-15 10:34:23.891 32093 32093 I MMKV: <MMKV_IO.cpp:84::loadFromFile> loading [smart.config.cache] with 3406 actual size, file size 4096, InterProcess 1, meta info version:4
02-15 10:34:23.891 32093 32093 I MMKV: <MMKV_IO.cpp:89::loadFromFile> loading [smart.config.cache] with crc 696273710 sequence 70 version 4
02-15 10:34:23.892 32093 32093 I MMKV: <MMKV_IO.cpp:133::loadFromFile> loaded [smart.config.cache] with 3 key-values
02-15 10:34:23.931 3436  5564  I libsensor-displayalgo: the value of channelCali C:110.568556,R:65.853629,G:38.490307,B:16.092012,scales C:0.975640,R:0.954020,G:0.938446,B:1.138384
02-15 10:34:23.931 3436  5564  D libsensor-displayalgo: brightness:223.000000,R:6846.932935,G:6260.919571,B:4494.600488,EVENT C:1536.573486,R:993.552734,G:535.195129,B:307.304413, lux: 17.795872,cct:5451.520508, irPara: 1
02-15 10:34:23.940 32093 32378 W System.err: java.lang.NoSuchFieldException: No field initialized in class Lxcrash/XCrash; (declaration of 'xcrash.XCrash' appears in /data/app/~~93qt6A97hgNKz3HpstmBDA==/com.xiaomi.smarthome-LLqNqXteGd_WipQ0MynoAA==/base.apk!classes5.dex)
02-15 10:34:23.940 32093 32378 W System.err: 	at java.lang.Class.getDeclaredField(Native Method)
02-15 10:34:23.940 32093 32378 W System.err: 	at _m_j.yfd.OooOo(SourceFile:19)
02-15 10:34:23.941 32093 32378 W System.err: 	at _m_j.v25.run(SourceFile:413)
02-15 10:34:23.941 32093 32378 W System.err: 	at _m_j.nu9.run(SourceFile:20)
02-15 10:34:23.941 32093 32378 W System.err: 	at java.util.concurrent.ThreadPoolExecutor.runWorker(ThreadPoolExecutor.java:1302)
02-15 10:34:23.941 32093 32378 W System.err: 	at java.util.concurrent.ThreadPoolExecutor$Worker.run(ThreadPoolExecutor.java:677)
02-15 10:34:23.941 32093 32378 W System.err: 	at java.lang.Thread.run(Thread.java:1119)
02-15 10:34:23.976 32093 32124 I MMKV: <MemoryFile.cpp:98::open> open fd[0xf6], /data/user/0/com.xiaomi.smarthome/files/mmkv/smart.tiny.maml.data.widget
02-15 10:34:23.976 32093 32124 I MMKV: <MemoryFile.cpp:203::mmap> mmap to address [0x761fd58000], oldPtr [0x0], [/data/user/0/com.xiaomi.smarthome/files/mmkv/smart.tiny.maml.data.widget]
02-15 10:34:23.977 32093 32124 I MMKV: <MemoryFile.cpp:98::open> open fd[0x103], /data/user/0/com.xiaomi.smarthome/files/mmkv/smart.tiny.maml.data.widget.crc
02-15 10:34:23.978 32093 32124 I MMKV: <MemoryFile.cpp:203::mmap> mmap to address [0x761fd57000], oldPtr [0x0], [/data/user/0/com.xiaomi.smarthome/files/mmkv/smart.tiny.maml.data.widget.crc]
02-15 10:34:23.978 32093 32124 I MMKV: <MMKV_IO.cpp:214::loadMetaInfoAndCheck> meta file [smart.tiny.maml.data.widget] has flag [0]
02-15 10:34:23.979 32093 32124 I MMKV: <MMKV_IO.cpp:84::loadFromFile> loading [smart.tiny.maml.data.widget] with 0 actual size, file size 4096, InterProcess 1, meta info version:4
02-15 10:34:23.979 32093 32124 I MMKV: <MMKV_IO.cpp:133::loadFromFile> loaded [smart.tiny.maml.data.widget] with 0 key-values
02-15 10:34:23.991 32093 32378 W System.err: java.lang.NoSuchFieldException: No field initialized in class Lxcrash/XCrash; (declaration of 'xcrash.XCrash' appears in /data/app/~~93qt6A97hgNKz3HpstmBDA==/com.xiaomi.smarthome-LLqNqXteGd_WipQ0MynoAA==/base.apk!classes5.dex)
02-15 10:34:23.991 32093 32378 W System.err: 	at java.lang.Class.getDeclaredField(Native Method)
02-15 10:34:23.992 32093 32378 W System.err: 	at _m_j.yfd.OooOo(SourceFile:19)
02-15 10:34:23.992 32093 32378 W System.err: 	at _m_j.v25.run(SourceFile:413)
02-15 10:34:23.992 32093 32378 W System.err: 	at _m_j.nu9.run(SourceFile:20)
02-15 10:34:23.992 32093 32378 W System.err: 	at java.util.concurrent.ThreadPoolExecutor.runWorker(ThreadPoolExecutor.java:1302)
02-15 10:34:23.992 32093 32378 W System.err: 	at java.util.concurrent.ThreadPoolExecutor$Worker.run(ThreadPoolExecutor.java:677)
02-15 10:34:23.992 32093 32378 W System.err: 	at java.lang.Thread.run(Thread.java:1119)
02-15 10:34:23.993 31485 32440 I KeepAliveComponent_31485_32440: reportBackgroundProcessAlive() called
02-15 10:34:23.995 31485 32440 I TimeTracker_31485_32440: trackProcessAlive() not report
02-15 10:34:23.996 31485 32440 I miuix-app-comp_31485_32440: miuix-app-comp:LTAppBoot#initSignValidate(7)
AppBoot#initLibs(3)
DeviceManager#initOnAttach(22)
main @ APP_ATTACH_CONTEXT
post-tasks @ APP_ATTACH_CONTEXT
wait-done @ APP_ATTACH_CONTEXT
start @ BEFORE_APP_CREATED
post-tasks @ BEFORE_APP_CREATED
AppBoot#initAppManager(4)
NetProxy#NetProxy(8)
DeviceManager#initConnect(23)
DeviceManager#connect_device(38)
Curse#initInDeviceProcess(4)
DeviceSettings#initClockDataHandler(32)
登录#initAccount(8)
Feedback#initDeviceLog(6)
sync#backStageConnect(14)
FitnessSyncManager#addDataHandler(11)
FitnessSyncManager#listenDeviceChangedEvent(14)
MiuiFitnessFunction#initFunctions(16)
Summary_Sync#initSummarySyncReceiver(28)
EcoDeviceManager#initConnect(11)
ResearchComponent#addDataHandler(8)
sport-manager#init(2)
sport-eco-manager#init(2)
fitness-eco-sync#init(4)
EcoFitnessSyncComponent#addDataHandler(2)
milink#launchMiLinkComponent(11)
main @ BEFORE_APP_CREATED
wait-done @ BEFORE_APP_CREATED
start @ APP_CONTEXT
post-tasks @ APP_CONTEXT
DeviceManager#registerDeviceRequestOnResume(29)
DeviceManager#registerPrivacyListener(30)
sport_capture#initProjectionTask(8)
Contacts#registerDeviceAppCreate(11)
main @ APP_CONTEXT
wait-done @ APP_CONTEXT
start @ AFTER_APP_CREATED
post-tasks @ AFTER_APP_CREATED
DeviceSettings#initDevicePowerManagerOnDeviceProcess(36)
onetrack#initOnetrack(5)
LpaComponent#initTask(8)
小爱同学#initAivs(26)
settingitems#syncSettings(5)
DeviceManager#updateDevices(25)
DeviceManager#loadDeviceCache(28)
DeviceSettings#initDeviceDataHandler(34)
检查更新#SilentUpgrade(8)
通知提醒#initNotify(25)
health_connect#checkAndStartSync(5)
EcoDeviceManager#updateDevices(12)
EcoDeviceManager#loadDeviceCache(19)
EcoDeviceManager#requestDeviceWhenMainResume(20)
三方应用#initThirdApp(15)
米家一键执行#initDeviceProcess(5)
KeepAlive#initKeepAlive(5)
main @ AFTER_APP_CREATED
wait-done @ AFTER_APP_CREATED
start @ MAIN_HANDLER_IDLE
post-tasks @ MAIN_HANDLER_IDLE
KeepAlive#reportBackgroundProcessAlive(7)
main @ MAIN_HANDLER_IDLE
wait-done @ MAIN_HANDLER_IDLE
02-15 10:34:23.999 2870  6411  E HyperSentinel: ->pid:31485,processName:"com.mi.health:device",Rss Memory Size Change 0kb -> 252452kb
02-15 10:34:24.035 2029  8153  D vendor.qti.bluetooth@1.1-wake_lock: Acquire wakelock is acquired
02-15 10:34:24.039 7149  8166  V ScanController: onScanResult() - eventType=0x10, addressType=1, address=XX:XX:XX:XX:66:33, primaryPhy=1, secondaryPhy=0, advertisingSid=0xff, txPower=127, rssi=-71, periodicAdvInt=0x0, originalAddress=11:58:AB:D9:66:33
02-15 10:34:24.040 7149  8166  V ScanController: Skipping client: permission=true matches=false
02-15 10:34:24.041 7149  8166  V ScanController: Skipping client: permission=true matches=false
02-15 10:34:24.041 7149  8166  V ScanController: Skipping client: permission=true matches=false
02-15 10:34:24.041 7149  8166  V ScanController: Skipping client: permission=true matches=false
02-15 10:34:24.042 7149  8166  V ScanController: Skipping client: permission=true matches=false
02-15 10:34:24.042 7149  8166  V ScanController: Skipping client: permission=true matches=false
02-15 10:34:24.042 7149  8166  V ScanController: Skipping client: permission=true matches=false
02-15 10:34:24.043 32093 32378 W System.err: java.lang.NoSuchFieldException: No field initialized in class Lxcrash/XCrash; (declaration of 'xcrash.XCrash' appears in /data/app/~~93qt6A97hgNKz3HpstmBDA==/com.xiaomi.smarthome-LLqNqXteGd_WipQ0MynoAA==/base.apk!classes5.dex)
02-15 10:34:24.043 32093 32378 W System.err: 	at java.lang.Class.getDeclaredField(Native Method)
02-15 10:34:24.043 32093 32378 W System.err: 	at _m_j.yfd.OooOo(SourceFile:19)
02-15 10:34:24.043 32093 32378 W System.err: 	at _m_j.v25.run(SourceFile:413)
02-15 10:34:24.043 32093 32378 W System.err: 	at _m_j.nu9.run(SourceFile:20)
02-15 10:34:24.043 32093 32378 W System.err: 	at java.util.concurrent.ThreadPoolExecutor.runWorker(ThreadPoolExecutor.java:1302)
02-15 10:34:24.043 32093 32378 W System.err: 	at java.util.concurrent.ThreadPoolExecutor$Worker.run(ThreadPoolExecutor.java:677)
02-15 10:34:24.043 32093 32378 W System.err: 	at java.lang.Thread.run(Thread.java:1119)
02-15 10:34:24.048 2870  6327  D InetDiagMessage: Destroyed 0 sockets, proto=IPPROTO_TCP, family=AF_INET, states=14
02-15 10:34:24.050 2870  6327  D InetDiagMessage: Destroyed 0 sockets, proto=IPPROTO_TCP, family=AF_INET6, states=14
02-15 10:34:24.050 2870  6327  D InetDiagMessage: Destroyed live tcp sockets for uids={10470} in 4ms
02-15 10:34:24.050 2870  6327  D ActionExecute: frozen uid = 10470 reason=check binder
02-15 10:34:24.052 2870  6327  D ExternalInterface: setUidState, uid = 10470 allow = false
02-15 10:34:24.052 2870  6327  D MiSensorServiceImpl: PowerKeeperSensor stop iUid:10470 but app has Controlled
02-15 10:34:24.053 7149  8166  V ScanController: onScanResult() - eventType=0x1b, addressType=1, address=XX:XX:XX:XX:F7:CC, primaryPhy=1, secondaryPhy=0, advertisingSid=0xff, txPower=127, rssi=-71, periodicAdvInt=0x0, originalAddress=58:5C:37:3D:F7:CC
02-15 10:34:24.053 7149  8166  V ScanController: Skipping client: permission=true matches=false
02-15 10:34:24.053 7149  8166  V ScanController: Skipping client: permission=true matches=false
02-15 10:34:24.053 7149  8166  V ScanController: Skipping client: permission=true matches=false
02-15 10:34:24.054 7149  8166  V ScanController: Skipping client: permission=true matches=false
02-15 10:34:24.055 7149  8166  V ScanController: Skipping client: permission=true matches=false
02-15 10:34:24.056 8193  8551  D DeviceNickName: data type: SUPPORT_REDMI_KERBOARD_FAST, []
02-15 10:34:24.056 8193  25659 D DeviceNickName_Plugin: data type: SUPPORT_REDMI_KERBOARD_FAST, []
02-15 10:34:24.056 8193  25659 E MiuiFastConnectService_Plugin: check adv data not fast connect
02-15 10:34:24.057 8193  8551  E MiuiFastConnectService: check adv data not fast connect
02-15 10:34:24.057 7149  7670  I bt_btif_dm: system/btif/src/btif_dm.cc:1642 btif_dm_search_devices_evt: xx:xx:xx:xx:f7:cc CoD: 0x000000 -> 0x001f00
02-15 10:34:24.058 7149  8166  D BluetoothRemoteDevices: Added new device property, device=null
02-15 10:34:24.060 7149  8166  D BluetoothRemoteDevices: Ejected XX:XX:XX:XX:16:3A from property map
02-15 10:34:24.060 7149  8166  D BluetoothRemoteDevices: Update property, device=XX:XX:XX:XX:F7:CC, type: 2
02-15 10:34:24.060 7149  8166  D BluetoothRemoteDevices: Remote Address is:XX:XX:XX:XX:F7:CC
02-15 10:34:24.060 7149  8166  D BluetoothRemoteDevices: Update property, device=XX:XX:XX:XX:F7:CC, type: 4
02-15 10:34:24.060 7149  8166  D BluetoothRemoteDevices: Skip class update, device=XX:XX:XX:XX:F7:CC, cod=0x1f00
02-15 10:34:24.060 7149  8166  D BluetoothRemoteDevices: Update property, device=XX:XX:XX:XX:F7:CC, type: 5
02-15 10:34:24.060 7149  8166  D BluetoothRemoteDevices:  BT_PROPERTY_TYPE_OF_DEVICE addr:58:5C:37:3D:F7:CC deviceType:3
02-15 10:34:24.060 7149  8166  D BluetoothRemoteDevices: Update property, device=XX:XX:XX:XX:F7:CC, type: 11
02-15 10:34:24.060 7149  8166  D BluetoothRemoteDevices: Update property, device=XX:XX:XX:XX:F7:CC, type: 17
02-15 10:34:24.060 7149  8166  D BluetoothRemoteDevices: Update property, device=XX:XX:XX:XX:F7:CC, type: 21
02-15 10:34:24.060 7149  8166  D BluetoothRemoteDevices: Update property, device=XX:XX:XX:XX:F7:CC, type: 22
02-15 10:34:24.060 7149  8166  D HyperRemoteDevicesAdapter: Update property, device=58:5C:37:3D:F7:CC, type: 2
02-15 10:34:24.060 7149  8166  D HyperRemoteDevicesAdapter: Update property, device=58:5C:37:3D:F7:CC, type: 4
02-15 10:34:24.060 7149  8166  D HyperRemoteDevicesAdapter: Update property, device=58:5C:37:3D:F7:CC, type: 5
02-15 10:34:24.060 7149  8166  D HyperRemoteDevicesAdapter: Update property, device=58:5C:37:3D:F7:CC, type: 11
02-15 10:34:24.060 7149  8166  D HyperRemoteDevicesAdapter: Update property, device=58:5C:37:3D:F7:CC, type: 17
02-15 10:34:24.060 7149  8166  D HyperRemoteDevicesAdapter: Update property, device=58:5C:37:3D:F7:CC, type: 21
02-15 10:34:24.060 7149  8166  D HyperRemoteDevicesAdapter: Update property, device=58:5C:37:3D:F7:CC, type: 22
02-15 10:34:24.061 7149  8166  I BluetoothRemoteDevices: deviceFoundCallback: Remote Address is:XX:XX:XX:XX:F7:CC
02-15 10:34:24.073 2130  10695 I MiStcImpl: Dispatching command: 35 SET_HISTOGRAM
02-15 10:34:24.088 7149  8166  V ScanController: onScanResult() - eventType=0x1, addressType=1, address=XX:XX:XX:XX:42:72, primaryPhy=1, secondaryPhy=1, advertisingSid=0x0, txPower=127, rssi=-70, periodicAdvInt=0x0, originalAddress=6D:A6:DD:BC:42:72
02-15 10:34:24.088 7149  8166  V ScanController: Legacy scan, non legacy result; skip.
02-15 10:34:24.089 7149  8166  V ScanController: Legacy scan, non legacy result; skip.
02-15 10:34:24.089 7149  8166  V ScanController: Legacy scan, non legacy result; skip.
02-15 10:34:24.089 7149  8166  V ScanController: Legacy scan, non legacy result; skip.
02-15 10:34:24.089 7149  8166  V ScanController: Legacy scan, non legacy result; skip.
02-15 10:34:24.089 7149  8166  V ScanController: Skipping client: permission=true matches=false
02-15 10:34:24.089 7149  8166  D BluetoothRemoteDevices: Update property, device=XX:XX:XX:XX:42:72, type: 2
02-15 10:34:24.089 7149  8166  D BluetoothRemoteDevices: Remote Address is:XX:XX:XX:XX:42:72
02-15 10:34:24.089 7149  8166  D BluetoothRemoteDevices: Update property, device=XX:XX:XX:XX:42:72, type: 1
02-15 10:34:24.089 7149  8166  D BluetoothRemoteDevices: Skip name update for XX:XX:XX:XX:42:72
02-15 10:34:24.089 7149  8166  D BluetoothRemoteDevices: Update property, device=XX:XX:XX:XX:42:72, type: 4
02-15 10:34:24.089 7149  8166  D BluetoothRemoteDevices: Skip class update, device=XX:XX:XX:XX:42:72, cod=0x1f00
02-15 10:34:24.089 7149  8166  D BluetoothRemoteDevices: Update property, device=XX:XX:XX:XX:42:72, type: 5
02-15 10:34:24.089 7149  8166  D BluetoothRemoteDevices:  BT_PROPERTY_TYPE_OF_DEVICE addr:6D:A6:DD:BC:42:72 deviceType:3
02-15 10:34:24.089 7149  8166  D BluetoothRemoteDevices: Update property, device=XX:XX:XX:XX:42:72, type: 11
02-15 10:34:24.089 7149  8166  D BluetoothRemoteDevices: Update property, device=XX:XX:XX:XX:42:72, type: 17
02-15 10:34:24.089 7149  8166  D BluetoothRemoteDevices: Update property, device=XX:XX:XX:XX:42:72, type: 21
02-15 10:34:24.089 7149  8166  D BluetoothRemoteDevices: Update property, device=XX:XX:XX:XX:42:72, type: 22
02-15 10:34:24.090 7149  8166  D HyperRemoteDevicesAdapter: Update property, device=6D:A6:DD:BC:42:72, type: 2
02-15 10:34:24.090 7149  8166  D HyperRemoteDevicesAdapter: Update property, device=6D:A6:DD:BC:42:72, type: 1
02-15 10:34:24.090 7149  8166  D HyperRemoteDevicesAdapter: Remote device name is: Xiaomi Pad 6 Pro type = 2 6D:A6:DD:BC:42:72
02-15 10:34:24.090 7149  8166  D HyperRemoteDevicesAdapter: update name for XX:XX:XX:XX:42:72 type = 2 name = Xiaomi Pad 6 Pro 23
02-15 10:34:24.090 7149  8166  D HyperRemoteDevicesAdapter: Update property, device=6D:A6:DD:BC:42:72, type: 4
02-15 10:34:24.090 7149  8166  D HyperRemoteDevicesAdapter: Update property, device=6D:A6:DD:BC:42:72, type: 5
02-15 10:34:24.090 7149  8166  D HyperRemoteDevicesAdapter: Update property, device=6D:A6:DD:BC:42:72, type: 11
02-15 10:34:24.090 7149  8166  D HyperRemoteDevicesAdapter: Update property, device=6D:A6:DD:BC:42:72, type: 17
02-15 10:34:24.090 7149  8166  D HyperRemoteDevicesAdapter: Update property, device=6D:A6:DD:BC:42:72, type: 21
02-15 10:34:24.090 7149  8166  D HyperRemoteDevicesAdapter: Update property, device=6D:A6:DD:BC:42:72, type: 22
02-15 10:34:24.090 7149  8166  I BluetoothRemoteDevices: deviceFoundCallback: Remote Address is:XX:XX:XX:XX:42:72
02-15 10:34:24.090 7149  8166  D BluetoothRemoteDeviceType: device Xiaomi Pad 6 Pro(6D:A6:DD:BC:42:72) get cloud type.
02-15 10:34:24.090 12594 13762 I lyra-disc: DiscoveryDataNormal::OnNewAdvertisingReceived:194 disc_type=ble(2), conn_medium_pair=[ble<>ble], device_id=32DB6793, address=6D:**:**:**:**:72, info(62), extend(0), rssi=-70
02-15 10:34:24.092 7149  8166  D HeadsetService: Cannot find state machine for XX:XX:XX:XX:42:72
02-15 10:34:24.093 12594 13762 I lyra-disc: DiscoveryDataNormal::AddDeviceDiscoveryMediumType:623 device_id=32DB6793, medium_types=2, final_medium_types=2
02-15 10:34:24.094 32093 32378 W System.err: java.lang.NoSuchFieldException: No field initialized in class Lxcrash/XCrash; (declaration of 'xcrash.XCrash' appears in /data/app/~~93qt6A97hgNKz3HpstmBDA==/com.xiaomi.smarthome-LLqNqXteGd_WipQ0MynoAA==/base.apk!classes5.dex)
02-15 10:34:24.095 32093 32378 W System.err: 	at java.lang.Class.getDeclaredField(Native Method)
02-15 10:34:24.095 32093 32378 W System.err: 	at _m_j.yfd.OooOo(SourceFile:19)
02-15 10:34:24.095 32093 32378 W System.err: 	at _m_j.v25.run(SourceFile:413)
02-15 10:34:24.095 32093 32378 W System.err: 	at _m_j.nu9.run(SourceFile:20)
02-15 10:34:24.095 32093 32378 W System.err: 	at java.util.concurrent.ThreadPoolExecutor.runWorker(ThreadPoolExecutor.java:1302)
02-15 10:34:24.095 32093 32378 W System.err: 	at java.util.concurrent.ThreadPoolExecutor$Worker.run(ThreadPoolExecutor.java:677)
02-15 10:34:24.095 32093 32378 W System.err: 	at java.lang.Thread.run(Thread.java:1119)
02-15 10:34:24.097 12594 13762 I lyra-device: DeviceManagerImpl::AddDeviceInfo:331 device_info={device_type=2,device_id=32DB6793,device_name=545A572DE8949AE79A845869616F6D692050616420362050726F,is_cut_off=0,uid_hash=C1EF,group_id=0,no_group_id=0,disc_medium_types=2,conn_medium_types=400a3,link_medium_types=2,screen_state=2,att&sdp_cache=1,wifi_capabilities=0,wifi_switch=1,wifi_connect_status=1,ble_switch=1,lyra_switch=1}, service_ids=[ 41f0323, 71131, 71c3c ], conn_medium_pair=[ble<>ble], link_addr={medium_type=2(ble), mac=6D:**:**:**:**:72, uuid=, source=1, medium_type=ble
02-15 10:34:24.097 12594 13762 I lyra-conn-logi: LogiConnManager::OnDeviceLinkAddressAdded:366 device_id=32DB6793, conn_medium_pair=[ble<>ble], source=1, link change
02-15 10:34:24.097 12594 13762 I lyra-disc: DiscoveryDataNormal::OnDeviceUpdated:1936 device_id=32DB6793, change_masks=410, source=1
02-15 10:34:24.097 12594 13762 I lyra-disc: DiscoveryDataNormal::OnCheckAdvertisingReceived:354 now=840450993, next check after 12500 ms
02-15 10:34:24.097 12594 13746 I lyra-disc: DiscoveryDataNormal::NotifyOnDeviceFound:1302 found, service_id=041F0323, device_id=32DB6793, disc_medium_types=[2, 20006, 2], conn_medium_types=400A3, this_account_id=[C1EF, 0000, 000000], device_account_id=[C1EF, 0000, 000000]
02-15 10:34:24.098 12594 13746 I lyra-disc: DiscoveryStrategyWorkerAutoScan::OnDeviceFound:200 service_id=041F0323, device_id=32DB6793
02-15 10:34:24.098 12594 13746 I lyra-disc: DiscoveryDataNormal::NotifyOnReceiveData:1506 service_id=041F0323, device_id=32DB6793, disc_type=ble, data_type=normal, info.len=1, extend.len=8
02-15 10:34:24.098 12594 13782 I lyra-net-disc: DiscoveryManager::OnDeviceFound:78 service_id: 041F0323, device_info: {"device_type":2,"device_id":"32DB6793","device_name":"545A572DE8949AE79A845869616F6D692050616420362050726F","is_cut_off":0,"group_id":0,"no_group_id":0,"disc_medium_types":2,"conn_medium_types":400a3,"link_medium_types":2,"wifi_switch":1,"wifi_connect_status":1,"ble_switch":1,"lyra_switch":1}
02-15 10:34:24.098 12594 13782 I lyra-net-trigger: TriggerMonitor::OnRawDeviceFound:43 {"device_type":2,"device_id":"32DB6793","device_name":"545A572DE8949AE79A845869616F6D692050616420362050726F","is_cut_off":0,"group_id":0,"no_group_id":0,"disc_medium_types":2,"conn_medium_types":400a3,"link_medium_types":2,"wifi_switch":1,"wifi_connect_status":1,"ble_switch":1,"lyra_switch":1}
02-15 10:34:24.098 12594 13746 I lyra-disc: DiscoveryStrategyWorkerAutoScan::OnReceiveData:343 service_id=041F0323, device_id=32DB6793
02-15 10:34:24.098 12594 13782 I lyra-net-disc: DiscoveryManager::OnReceiveData:156 service_id: 041F0323, device_id: 32DB6793, medium: 2, data_type: 1, info: 1, extend: 8
02-15 10:34:24.098 12594 13782 I lyra-identity-auth: DeviceGroupManagerImpl::IsTrustedDevice:103 device_id 32DB6793's trusted type:0 1
02-15 10:34:24.099 12594 13782 I lyra-net-auth: AuthServiceImpl::IsSharedTrusted:122 local_uid=C1****35, shared_uid=
02-15 10:34:24.099 12594 13782 I lyra-net-disc: DiscoveryManager::OnReceiveData:178 trusted_types=1
02-15 10:34:24.099 7149  8166  W BluetoothRemoteDeviceType: deviceid not exist
02-15 10:34:24.099 12594 13782 I lyra-net-dev: DeviceManager::AddDeviceInfo:86 device_info[source: 0]: DeviceInfo{device_type=2, device_id=32DB6793, temp_device_id=, device_name=545A572DE8949AE79A845869616F6D692050616420362050726F, networking_types_inner=0, is_cut_off=0, group_id=0, no_group_id=0, disc_medium_types=2, conn_medium_types=262307, link_medium_types=2, wifi_switch=1, wifi_connect_status=1, ble_switch=1, lyra_switch=1, data=1, ext_data=8, bt_mac=, trusted_types=1}
02-15 10:34:24.099 12594 13782 I lyra-net-dev: DeviceManager::UpdateDeviceHolder:680 device: 32DB6793, active: 00000002, passive: 00000000, bt_audio: 0, ble: {disc: 1, conn: 0, ext: 0}, wlan: {conn: 1, ext: 0}, hotspot: {conn: 0, ext: 0}, p2p: {conn: 0, ext: 0}, remote: {conn: 0, ext: 0}, wifi_aware: {conn: 0, ext: 0}
02-15 10:34:24.099 12594 13782 I lyra-net-dev: DeviceManager::DoDeviceFound:733 medium type: 00000002 found
02-15 10:34:24.099 7149  8166  D BluetoothRemoteDevices: isHapDevice mDevice XX:XX:XX:XX:42:72 mIsHapDevice false
02-15 10:34:24.099 12594 13782 I lyra-net-disc: DiscoveryManager::NotifyDeviceFound:247 DeviceInfo{device_type=2, device_id=32DB6793, temp_device_id=, device_name=545A572DE8949AE79A845869616F6D692050616420362050726F, networking_types_inner=0, is_cut_off=0, group_id=0, no_group_id=0, disc_medium_types=2, conn_medium_types=262307, link_medium_types=2, wifi_switch=1, wifi_connect_status=1, ble_switch=1, lyra_switch=1, data=1, ext_data=8, bt_mac=, trusted_types=1}
02-15 10:34:24.099 12594 13782 I lyra-net-disc: DiscoveryListenerManagerImpl::OnDeviceFound:87 DeviceInfo{device_type=2, device_id=32DB6793, temp_device_id=, device_name=545A572DE8949AE79A845869616F6D692050616420362050726F, networking_types_inner=0, is_cut_off=0, group_id=0, no_group_id=0, disc_medium_types=2, conn_medium_types=262307, link_medium_types=2, wifi_switch=1, wifi_connect_status=1, ble_switch=1, lyra_switch=1, data=1, ext_data=8, bt_mac=, trusted_types=1}
02-15 10:34:24.099 12594 13782 I lyra-net-ctrl: NetworkingControllerImpl::OnDeviceFound:439 DeviceInfo{device_type=2, device_id=32DB6793, temp_device_id=, device_name=545A572DE8949AE79A845869616F6D692050616420362050726F, networking_types_inner=0, is_cut_off=0, group_id=0, no_group_id=0, disc_medium_types=2, conn_medium_types=262307, link_medium_types=2, wifi_switch=1, wifi_connect_status=1, ble_switch=1, lyra_switch=1, data=1, ext_data=8, bt_mac=, trusted_types=1}
02-15 10:34:24.099 12594 13782 I lyra-net-ctrl: NetworkingControllerImpl::CheckDevChanged:727 device info compare:
02-15 10:34:24.100 12594 13782 I lyra-net-ctrl: NetworkingControllerImpl::CheckDevChanged:728 	|-name: 545A572DE8949AE79A845869616F6D692050616420362050726F <--> 545A572DE8949AE79A845869616F6D692050616420362050726F
02-15 10:34:24.100 8193  31303 D DeviceClassify: query table: device_classify projection: null selection: null selectionArgs: [6D:A6:DD:BC:42:72] uri:[device_classify, bluetoothaddress_glasses]  pathSegments.size(): 2
02-15 10:34:24.100 12594 13782 I lyra-net-ctrl: NetworkingControllerImpl::CheckDevChanged:729 	|-disc_medium_types: 2 <--> 128
02-15 10:34:24.100 12594 13782 I lyra-net-ctrl: NetworkingControllerImpl::CheckDevChanged:730 	|-version: 4294939376 <--> 4294939376
02-15 10:34:24.100 8193  31303 D DeviceClassify: getCachedDeviceId: deviceId =
02-15 10:34:24.100 12594 13782 I lyra-net-ctrl: NetworkingControllerImpl::CheckDevChanged:731 	|-screen off ble: 1
02-15 10:34:24.100 12594 13782 I lyra-net-ctrl: NetworkingControllerImpl::CheckDevChanged:737 device info changed
02-15 10:34:24.100 12594 13782 I lyra-net-sync: SyncManagerImpl::OnDeviceFound:202 medium_type 2, DeviceInfo{device_type=2, device_id=32DB6793, temp_device_id=, device_name=545A572DE8949AE79A845869616F6D692050616420362050726F, networking_types_inner=0, is_cut_off=0, group_id=0, no_group_id=0, disc_medium_types=2, conn_medium_types=262307, link_medium_types=2, wifi_switch=1, wifi_connect_status=1, ble_switch=1, lyra_switch=1, data=1, ext_data=8, bt_mac=, trusted_types=1}
02-15 10:34:24.100 12594 13782 I lyra-net-trigger: TriggerMonitor::OnRawDataReceived:70 device_id: 32DB6793, medium_type: 2, data_type: 1, info_str: 1, extend_str: 8
02-15 10:34:24.101 12594 13782 W lyra-net-trigger: TriggerMonitor::HandleDataReceived:100 ignore useless data
02-15 10:34:24.101 12594 13782 I lyra-net-sync: SyncManagerImpl::HandleScreeOffBleHelpWlanOnline:977 screen off ble processing flow
02-15 10:34:24.101 12594 13782 I lyra-net-sync: SyncManagerImpl::SyncTaskByAddress:1024 address: 192.$)+.&$.50:53124
02-15 10:34:24.101 8193  31303 D DeviceClassify: getPid: pid =
02-15 10:34:24.101 8193  31303 D DeviceClassify: deviceId:  pid: -1
02-15 10:34:24.101 12594 13782 I lyra-net-sync: SyncManagerImpl::SyncTaskByAddress:1026 try connect with address, sync type: 3
02-15 10:34:24.101 12594 13782 I lyra-identity-auth: DeviceGroupManagerImpl::BuildPubKeyCred:341 fail device 32DB6793 as trusted type mismatch(1 2)
02-15 10:34:24.101 8193  31303 D MiuiCloudParser: isGlasses deviceId=
02-15 10:34:24.102 12594 13782 E lyra-identity: X509CertUtil::GetSharedUidList:225 mijia_shared_info is null
02-15 10:34:24.103 8193  31303 D MiuiCloudParser: isGlasses deviceId= -1
02-15 10:34:24.104 12594 13782 I lyra-identity-cert: CertManagerImpl::IsValidSaving:538 saving is valid
02-15 10:34:24.106 7149  8166  D BluetoothRemoteDeviceType: remotes iocaps=255 addr:6D:A6:DD:BC:42:72 deviceType= 10
02-15 10:34:24.106 7149  8166  D BluetoothRemoteDeviceType: checkDeviceType uuids null
02-15 10:34:24.117 1491  1491  E KeymasterUtils: rsp_header->status: -28
02-15 10:34:24.117 1491  1491  E KeyMasterHalDevice: abort_operation
02-15 10:34:24.117 1491  1491  E KeyMasterHalDevice: ret: -28
02-15 10:34:24.118 12594 13782 I lyra-identity-auth: DeviceGroupManagerImpl::ExtractDeviceCreds:156 device 32DB6793 has shared trusted.
02-15 10:34:24.118 12594 13782 E lyra-identity: X509CertUtil::GetSharedUidList:225 mijia_shared_info is null
02-15 10:34:24.120 12594 13782 I lyra-identity-cert: CertManagerImpl::IsValidSaving:538 saving is valid
02-15 10:34:24.130 3436  5564  I libsensor-displayalgo: the value of channelCali C:110.568556,R:65.853629,G:38.490307,B:16.092012,scales C:0.975640,R:0.954020,G:0.938446,B:1.138384
02-15 10:34:24.130 3436  5564  D libsensor-displayalgo: brightness:223.000000,R:6846.932935,G:6260.919571,B:4494.600488,EVENT C:1535.473511,R:988.576721,G:539.764893,B:310.887329, lux: 17.836580,cct:5521.983887, irPara: 1
02-15 10:34:24.131 3436  5564  I libsensor-displayalgo: the value of channelCali C:110.568556,R:65.853629,G:38.490307,B:16.092012,scales C:0.975640,R:0.954020,G:0.938446,B:1.138384
02-15 10:34:24.131 3436  5564  D libsensor-displayalgo: brightness:223.000000,R:6846.932935,G:6260.919571,B:4494.600488,EVENT C:1519.249878,R:972.266296,G:543.796997,B:310.611725, lux: 17.879293,cct:5607.299805, irPara: 1
02-15 10:34:24.132 3436  5564  I libsensor-displayalgo: the value of channelCali C:110.568556,R:65.853629,G:38.490307,B:16.092012,scales C:0.975640,R:0.954020,G:0.938446,B:1.138384
02-15 10:34:24.133 3436  5564  D libsensor-displayalgo: brightness:223.000000,R:6846.932935,G:6260.919571,B:4494.600488,EVENT C:1527.224243,R:975.583679,G:543.796997,B:311.989777, lux: 17.945620,cct:5653.046387, irPara: 1
02-15 10:34:24.134 1491  1491  E KeymasterUtils: rsp_header->status: -28
02-15 10:34:24.134 1491  1491  E KeyMasterHalDevice: abort_operation
02-15 10:34:24.134 1491  1491  E KeyMasterHalDevice: ret: -28
02-15 10:34:24.134 3436  5564  I libsensor-displayalgo: the value of channelCali C:110.568556,R:65.853629,G:38.490307,B:16.092012,scales C:0.975640,R:0.954020,G:0.938446,B:1.138384
02-15 10:34:24.135 3436  5564  D libsensor-displayalgo: brightness:223.000000,R:6846.932935,G:6260.919571,B:4494.600488,EVENT C:1542.072998,R:1002.951965,G:531.700623,B:308.406860, lux: 17.610403,cct:5355.888184, irPara: 1
02-15 10:34:24.136 3436  5564  I libsensor-displayalgo: the value of channelCali C:110.568556,R:65.853629,G:38.490307,B:16.092012,scales C:0.975640,R:0.954020,G:0.938446,B:1.138384
02-15 10:34:24.136 3436  5564  D libsensor-displayalgo: brightness:223.000000,R:6846.932935,G:6260.919571,B:4494.600488,EVENT C:1524.474487,R:979.730408,G:537.614380,B:308.682465, lux: 17.774681,cct:5550.491211, irPara: 1
02-15 10:34:24.137 3436  5564  I libsensor-displayalgo: the value of channelCali C:110.568556,R:65.853629,G:38.490307,B:16.092012,scales C:0.975640,R:0.954020,G:0.938446,B:1.138384
02-15 10:34:24.138 3436  5564  D libsensor-displayalgo: brightness:223.000000,R:6846.932935,G:6260.919571,B:4494.600488,EVENT C:1540.423096,R:995.211426,G:533.313477,B:307.028809, lux: 17.814005,cct:5477.097656, irPara: 1
02-15 10:34:24.138 12594 13782 I lyra-net-payload: PayloadManagerImpl::RequestSend:82 sync task : 153, device_id 32DB6793, medium_type 256, module_id 0, posted_from: Start@sync_task.cpp:58
02-15 10:34:24.138 12594 13782 I lyra-net-sync: SyncManagerImpl::PushSyncTaskInner:703 sync task 153 post success, sync_type: 3, device_id 32DB6793, medium_type 256, trusted_types 1, cache:13
02-15 10:34:24.139 12594 13782 I lyra-net-sync: SyncManagerImpl::CheckNonConnectionConditionIsMeet:158 medium_type = 2
02-15 10:34:24.139 12594 13782 I lyra-identity-auth: DeviceGroupManagerImpl::IsTrustedDevice:103 device_id 32DB6793's trusted type:0 1
02-15 10:34:24.139 12594 13782 I lyra-net-auth: AuthServiceImpl::IsSharedTrusted:122 local_uid=C1****35, shared_uid=
02-15 10:34:24.139 12594 13782 I lyra-net-sync: SyncManagerImpl::CheckNonConnectionConditionIsMeet:179 remote device are recovered from repo store
02-15 10:34:24.139 12594 13782 I lyra-net-sync: SyncManagerImpl::CheckNonConnectionConditionIsMeet:182 non-connected conditions are met
02-15 10:34:24.139 12594 13782 I lyra-net-sync: SyncManagerImpl::HandleBleNoConnectionOnline:912 ble non-connected processing flow
02-15 10:34:24.140 12594 13782 I lyra-net-sync: SyncManagerImpl::HandleBleNoConnectionOnline:921 device_type=1-2, ble_switch=1
02-15 10:34:24.140 12594 13782 I lyra-net-dev: DeviceManager::UpdateNetworkingMediumTypes:382 device_id: 32DB6793, inner_type: 2, networking_type: 2
02-15 10:34:24.140 12594 13782 I lyra-net-repo: RepoImpl::AddOnlineDeviceRecursive:273 [master] TrustedDeviceInfoInner{device_id='32DB6793', account_id='C1EF', origin_account_id='86*32', device_type=2, device_name='545A572DE8949AE79A845869616F6D692050616420362050726F', medium_types=130, softbus_features=16175, state_version=-27920, mdns_online_code=29220, online codes={[64,54965][256,29220][8192,49932][16384,29390][1048576,27322]}, bt_mac=3C:**:**:**:**:06, os=1, os_version=OS3.0, project_id=23046RP50C, market_name=Xiaomi Pad 6 Pro, model_name=liuqin, lyra_version=5.0.456.10.fullCnRelease.1021134, adv_key=32, trusted_types = 1, screen_state=2, mtu=16383, remote_mtu=0, kcp_port=53124, ip=192.$)+.&$.50, ssid=R**G, uni_did=*0e07*eeac, ble_online_type=2, miss_did=86*25, miss_ver={"mis*pad"}, service_size=38, build_region=cn, uid=1000, update_time=0, slave_device=0, wifi_switch=1, wifi_connect_status=1, ble_switch=1, lyra_switch=1, real_device_name='545A572DE8949AE79A845869616F6D692050616420362050726F', []}
02-15 10:34:24.140 12594 13782 I lyra-net-repo: RepoImpl::AddOnlineDevice:624 HandleBleNoConnectionOnline@sync_manager_impl.cpp:928
02-15 10:34:24.140 12594 13782 I lyra-net-repo: RepoImpl::AddOnlineDevice:647 old_dev = TrustedDeviceInfoInner{device_id='32DB6793', account_id='C1EF', origin_account_id='86*32', device_type=2, device_name='545A572DE8949AE79A845869616F6D692050616420362050726F', medium_types=128, softbus_features=16175, state_version=-27920, mdns_online_code=29220, online codes={[64,54965][256,29220][8192,49932][16384,29390][1048576,27322]}, bt_mac=3C:**:**:**:**:06, os=1, os_version=OS3.0, project_id=23046RP50C, market_name=Xiaomi Pad 6 Pro, model_name=liuqin, lyra_version=5.0.456.10.fullCnRelease.1021134, adv_key=32, trusted_types = 1, screen_state=2, mtu=16383, remote_mtu=0, kcp_port=53124, ip=192.$)+.&$.50, ssid=R**G, uni_did=*0e07*eeac, ble_online_type=2, miss_did=86*25, miss_ver={"mis*pad"}, service_size=38, build_region=cn, uid=1000, update_time=0, slave_device=0, wifi_switch=1, wifi_connect_status=1, ble_switch=1, lyra_switch=1, real_device_name='545A572DE8949AE79A845869616F6D692050616420362050726F', []}
02-15 10:34:24.141 12594 13782 I lyra-net-repo: RepoImpl::AddOnlineDevice:648 new_dev = TrustedDeviceInfoInner{device_id='32DB6793', account_id='C1EF', origin_account_id='86*32', device_type=2, device_name='545A572DE8949AE79A845869616F6D692050616420362050726F', medium_types=130, softbus_features=16175, state_version=-27920, mdns_online_code=29220, online codes={[64,54965][256,29220][8192,49932][16384,29390][1048576,27322]}, bt_mac=3C:**:**:**:**:06, os=1, os_version=OS3.0, project_id=23046RP50C, market_name=Xiaomi Pad 6 Pro, model_name=liuqin, lyra_version=5.0.456.10.fullCnRelease.1021134, adv_key=32, trusted_types = 1, screen_state=2, mtu=16383, remote_mtu=0, kcp_port=53124, ip=192.$)+.&$.50, ssid=R**G, uni_did=*0e07*eeac, ble_online_type=2, miss_did=86*25, miss_ver={"mis*pad"}, service_size=38, build_region=cn, uid=1000, update_time=0, slave_device=0, wifi_switch=1, wifi_connect_status=1, ble_switch=1, lyra_switch=1, real_device_name='545A572DE8949AE79A845869616F6D692050616420362050726F', []}
02-15 10:34:24.141 12594 13782 I lyra-net-repo: RepoImpl::AddOnlineDevice:668 change types: 8
02-15 10:34:24.141 12594 13782 I lyra-net-repo: RepoImpl::AddOnlineDevice:697 device changed and report it [CHANGE = 8, DEVICE_ID = 32DB6793]
02-15 10:34:24.141 12594 13782 I lyra-net-sync: SyncSlaveNodesHandler::OnTrustedDeviceInfoChanged:92 TrustedDeviceInfoInner{device_id='32DB6793', account_id='C1EF', origin_account_id='86*32', device_type=2, device_name='545A572DE8949AE79A845869616F6D692050616420362050726F', medium_types=130, softbus_features=16175, state_version=-27920, mdns_online_code=29220, online codes={[64,54965][256,29220][8192,49932][16384,29390][1048576,27322]}, bt_mac=3C:**:**:**:**:06, os=1, os_version=OS3.0, project_id=23046RP50C, market_name=Xiaomi Pad 6 Pro, model_name=liuqin, lyra_version=5.0.456.10.fullCnRelease.1021134, adv_key=32, trusted_types = 1, screen_state=2, mtu=16383, remote_mtu=0, kcp_port=53124, ip=192.$)+.&$.50, ssid=R**G, uni_did=*0e07*eeac, ble_online_type=2, miss_did=86*25, miss_ver={"mis*pad"}, service_size=38, build_region=cn, uid=1000, update_time=0, slave_device=0, wifi_switch=1, wifi_connect_status=1, ble_switch=1, lyra_switch=1, real_device_name='545A572DE8949AE79A845869616F6D692050616420362050726F', []}
02-15 10:34:24.141 12594 13782 I lyra-miwear-net: SyncManagerImpl::OnTrustedDeviceInfoChanged:225 TrustedDeviceInfoInner{device_id='32DB6793', account_id='C1EF', origin_account_id='86*32', device_type=2, device_name='545A572DE8949AE79A845869616F6D692050616420362050726F', medium_types=130, softbus_features=16175, state_version=-27920, mdns_online_code=29220, online codes={[64,54965][256,29220][8192,49932][16384,29390][1048576,27322]}, bt_mac=3C:**:**:**:**:06, os=1, os_version=OS3.0, project_id=23046RP50C, market_name=Xiaomi Pad 6 Pro, model_name=liuqin, lyra_version=5.0.456.10.fullCnRelease.1021134, adv_key=32, trusted_types = 1, screen_state=2, mtu=16383, remote_mtu=0, kcp_port=53124, ip=192.$)+.&$.50, ssid=R**G, uni_did=*0e07*eeac, ble_online_type=2, miss_did=86*25, miss_ver={"mis*pad"}, service_size=38, build_region=cn, uid=1000, update_time=0, slave_device=0, wifi_switch=1, wifi_connect_status=1, ble_switch=1, lyra_switch=1, real_device_name='545A572DE8949AE79A845869616F6D692050616420362050726F', []}
02-15 10:34:24.141 12594 13782 I lyra-net-dev: DeviceListenerManagerImpl::OnTrustedDeviceInfoChanged:143 TrustedDeviceInfoInner{device_id='32DB6793', account_id='C1EF', origin_account_id='86*32', device_type=2, device_name='545A572DE8949AE79A845869616F6D692050616420362050726F', medium_types=130, softbus_features=16175, state_version=-27920, mdns_online_code=29220, online codes={[64,54965][256,29220][8192,49932][16384,29390][1048576,27322]}, bt_mac=3C:**:**:**:**:06, os=1, os_version=OS3.0, project_id=23046RP50C, market_name=Xiaomi Pad 6 Pro, model_name=liuqin, lyra_version=5.0.456.10.fullCnRelease.1021134, adv_key=32, trusted_types = 1, screen_state=2, mtu=16383, remote_mtu=0, kcp_port=53124, ip=192.$)+.&$.50, ssid=R**G, uni_did=*0e07*eeac, ble_online_type=2, miss_did=86*25, miss_ver={"mis*pad"}, service_size=38, build_region=cn, uid=1000, update_time=0, slave_device=0, wifi_switch=1, wifi_connect_status=1, ble_switch=1, lyra_switch=1, real_device_name='545A572DE8949AE79A845869616F6D692050616420362050726F', []}
02-15 10:34:24.142 12594 13782 I lyra-net-repo: TrustedDeviceInfoInner::PrintServicesInfo:627 	index=0, key=com.miui.mishare.connectivity:miShareBasic, value={service_name='miShareBasic', service_data='', app_name='com.miui.mishare.connectivity', customized_app_name='', sync_cloud='0', trusted_types='0'}
02-15 10:34:24.142 12594 13782 I lyra-net-repo: TrustedDeviceInfoInner::PrintServicesInfo:627 	index=1, key=com.milink.service:NotificationTrans, value={service_name='NotificationTrans', service_data='05010102', app_name='com.milink.service', customized_app_name='', sync_cloud='0', trusted_types='1'}
02-15 10:34:24.142 12594 13782 I lyra-net-repo: TrustedDeviceInfoInner::PrintServicesInfo:627 	index=2, key=com.milink.service:WearGesture, value={service_name='WearGesture', service_data='02', app_name='com.milink.service', customized_app_name='', sync_cloud='0', trusted_types='0'}
02-15 10:34:24.142 12594 13782 I lyra-net-repo: TrustedDeviceInfoInner::PrintServicesInfo:627 	index=3, key=com.xiaomi.aicr:DistCompute, value={service_name='DistCompute', service_data='01000002', app_name='com.xiaomi.aicr', customized_app_name='', sync_cloud='0', trusted_types='0'}
02-15 10:34:24.142 12594 13782 I lyra-net-repo: TrustedDeviceInfoInner::PrintServicesInfo:627 	index=4, key=com.xiaomi.payment:RemotePayService, value={service_name='RemotePayService', service_data='02', app_name='com.xiaomi.payment', customized_app_name='', sync_cloud='0', trusted_types='0'}
02-15 10:34:24.142 12594 13782 I lyra-net-repo: TrustedDeviceInfoInner::PrintServicesInfo:627 	index=5, key=com.miui.mishare.connectivity:miOneHopShare, value={service_name='miOneHopShare', service_data='', app_name='com.miui.mishare.connectivity', customized_app_name='', sync_cloud='0', trusted_types='0'}
02-15 10:34:24.142 12594 13782 I lyra-net-repo: TrustedDeviceInfoInner::PrintServicesInfo:627 	index=6, key=com.xiaomi.smarthome:mijia, value={service_name='mijia', service_data='', app_name='com.xiaomi.smarthome', customized_app_name='', sync_cloud='0', trusted_types='0'}
02-15 10:34:24.142 12594 13782 I lyra-net-repo: TrustedDeviceInfoInner::PrintServicesInfo:627 	index=7, key=com.miui.contentcatcher:CrossPlatformAuth, value={service_name='CrossPlatformAuth', service_data='02', app_name='com.miui.contentcatcher', customized_app_name='', sync_cloud='0', trusted_types='0'}
02-15 10:34:24.142 12594 13782 I lyra-net-repo: TrustedDeviceInfoInner::PrintServicesInfo:627 	index=8, key=com.milink.service:phone-miwear-spec_service, value={service_name='phone-miwear-spec_service', service_data='', app_name='com.milink.service', customized_app_name='', sync_cloud='0', trusted_types='0'}
02-15 10:34:24.142 12594 13782 I lyra-net-repo: TrustedDeviceInfoInner::PrintServicesInfo:627 	index=9, key=com.milink.service:PairService, value={service_name='PairService', service_data='', app_name='com.milink.service', customized_app_name='', sync_cloud='0', trusted_types='1'}
02-15 10:34:24.142 12594 13782 I lyra-net-repo: TrustedDeviceInfoInner::PrintServicesInfo:627 	index=10, key=com.milink.service:UpgradeContinuityService, value={service_name='UpgradeContinuityService', service_data='', app_name='com.milink.service', customized_app_name='', sync_cloud='0', trusted_types='0'}
02-15 10:34:24.143 12594 13782 I lyra-net-repo: TrustedDeviceInfoInner::PrintServicesInfo:627 	index=11, key=com.miui.voiceassist:AiXDevice, value={service_name='AiXDevice', service_data='', app_name='com.miui.voiceassist', customized_app_name='', sync_cloud='0', trusted_types='0'}
02-15 10:34:24.143 12594 13782 I lyra-net-repo: TrustedDeviceInfoInner::PrintServicesInfo:627 	index=12, key=com.xiaomi.mis:mis, value={service_name='mis', service_data='00', app_name='com.xiaomi.mis', customized_app_name='', sync_cloud='0', trusted_types='0'}
02-15 10:34:24.143 12594 13782 I lyra-net-repo: TrustedDeviceInfoInner::PrintServicesInfo:627 	index=13, key=com.xiaomi.hyper_connect.tv:notify, value={service_name='notify', service_data='73657276696365496E666F466F725476537562', app_name='com.xiaomi.hyper_connect.tv', customized_app_name='', sync_cloud='0', trusted_types='0'}
02-15 10:34:24.143 12594 13782 I lyra-net-repo: TrustedDeviceInfoInner::PrintServicesInfo:627 	index=14, key=com.miui.mishare.connectivity:miLyraShareTransfer, value={service_name='miLyraShareTransfer', service_data='', app_name='com.miui.mishare.connectivity', customized_app_name='', sync_cloud='0', trusted_types='0'}
02-15 10:34:24.143 12594 13782 I lyra-net-repo: TrustedDeviceInfoInner::PrintServicesInfo:627 	index=15, key=com.milink.service:DistDatabaseService, value={service_name='DistDatabaseService', service_data='', app_name='com.milink.service', customized_app_name='', sync_cloud='0', trusted_types='0'}
02-15 10:34:24.143 12594 13782 I lyra-net-repo: TrustedDeviceInfoInner::PrintServicesInfo:627 	index=16, key=com.milink.service:cameraControllerService, value={service_name='cameraControllerService', service_data='01', app_name='com.milink.service', customized_app_name='', sync_cloud='0', trusted_types='0'}
02-15 10:34:24.143 12594 13782 I lyra-net-repo: TrustedDeviceInfoInner::PrintServicesInfo:627 	index=17, key=com.miui.hybrid.tv:notify, value={service_name='notify', service_data='73657276696365496E666F466F72487962726964', app_name='com.miui.hybrid.tv', customized_app_name='', sync_cloud='0', trusted_types='0'}
