02-15 10:34:27.707 8193  25714 D MiuiMiHomeConnectController: no need to check times for : mDisableTimeCheck yes times: -1
02-15 10:34:27.707 8193  25714 D MiuiMiHomeConnectController: Mesh device is bonded!
02-15 10:34:27.728 31448 31785 D  DiscoveryMdnsImpl: [operator():118][10] Sending mDNS query _miplay_lan._tcp.local. PTR
02-15 10:34:27.728 3436  5564  I libsensor-displayalgo: the value of channelCali C:110.523933,R:65.829276,G:38.473725,B:16.085423,scales C:0.975640,R:0.954020,G:0.938446,B:1.138384
02-15 10:34:27.728 3436  5564  D libsensor-displayalgo: brightness:223.000000,R:6836.764680,G:6251.387543,B:4487.728768,EVENT C:1337.764893,R:859.752136,G:466.380493,B:265.687408, lux: 15.450491,cct:5744.682129, irPara: 0
02-15 10:34:27.784 2106  6098  I WifiHAL: event received NL80211_CMD_VENDOR, vendor_id = 0x1374, subcmd = 0xd
02-15 10:34:27.784 3327  3327  I cnss-daemon: nl80211 response handler invoked
02-15 10:34:27.784 3327  3327  I cnss-daemon: nl80211_response_handler: cmd 103, vendorID 4980, subcmd 13  received
02-15 10:34:27.897 2130  10695 I MiStcImpl: Dispatching command: 35 SET_HISTOGRAM
02-15 10:34:27.929 3436  5564  I libsensor-displayalgo: the value of channelCali C:110.523933,R:65.829276,G:38.473725,B:16.085423,scales C:0.975640,R:0.954020,G:0.938446,B:1.138384
02-15 10:34:27.929 3436  5564  D libsensor-displayalgo: brightness:223.000000,R:6836.764680,G:6251.387543,B:4487.728768,EVENT C:1313.291870,R:840.400757,G:461.273163,B:261.553253, lux: 15.265448,cct:5766.535645, irPara: 0
02-15 10:34:27.930 3436  5564  I libsensor-displayalgo: the value of channelCali C:110.523933,R:65.829276,G:38.473725,B:16.085423,scales C:0.975640,R:0.954020,G:0.938446,B:1.138384
02-15 10:34:27.930 3436  5564  D libsensor-displayalgo: brightness:223.000000,R:6836.764680,G:6251.387543,B:4487.728768,EVENT C:1294.043457,R:834.042480,G:450.252075,B:254.938644, lux: 14.907179,cct:5645.842773, irPara: 0
02-15 10:34:27.953 2870  10997 W ActivityManagerServiceImpl: Sending non-protected broadcast com.modemenhance.ACTION_MODEMWIFI_RSSI_POLL from system 7371:com.android.phone/1001 pkg com.android.phone. Callers=
02-15 10:34:27.953 32093 32102 I iaomi.smarthome: This is non sticky GC, maxfree is 33554432 minfree is 8388608
02-15 10:34:27.956 2870  3113  D BroadcastQueue: Logging broadcast for com.android.phone, stopped=false, firstLaunch=false
02-15 10:34:27.953 7371  7371  W m.android.phone: type=1400 audit(0.0:4538678): avc:  denied  { read } for  name="u:object_r:vendor_wlan_eht_prop:s0" dev="tmpfs" ino=659 scontext=u:r:radio:s0 tcontext=u:object_r:vendor_wlan_eht_prop:s0 tclass=file permissive=0
02-15 10:34:27.958 7371  7371  D SlaveWifiManager: getWifiSlaveConnectionInfo
02-15 10:34:27.967 32093 32257 D JavaheapMonitor: Java heap used=23M max=512M, proc: com.xiaomi.smarthome
02-15 10:34:27.967 32093 32257 V JavaheapMonitor: Check java heap usage finished! Next check delay: 300000
02-15 10:34:27.967 2332  2439  I [THP-ALG]: alg_input_report:Touch Down: id: 0
02-15 10:34:27.969 2870  5406  I MIUIInput: [MotionEvent] notifyMotion - eventTime=342390435420000, deviceId=7, source=0x1002, policyFlags=0x0, action=0x0, flags=0x0, downTime=342390435420000
02-15 10:34:27.969 2130  2815  I SDM: HWEventsDRM::SetEventState: Setup vsync event for CRTC 167, Connector 65
02-15 10:34:27.970 2870  5405  I MIUIInput: [MotionEvent] publisher action=0x0, deviceId=7, 342390435, channel 'fb16f41 com.okamihoro.ddplaytv.debug/com.xyoye.storage_component.ui.activities.storage_file.StorageFileActivity'
02-15 10:34:27.970 2870  5405  I MIUIInput: [MotionEvent] publisher action=0x0, deviceId=7, 342390435, channel '[Gesture Monitor] WMShell'
02-15 10:34:27.970 2870  5405  I MIUIInput: [MotionEvent] publisher action=0x0, deviceId=7, 342390435, channel '[Gesture Monitor] miui-gesture'
02-15 10:34:27.970 2870  3068  I MiuiSplitInputMethodImpl: Skip onPointerDownOutsideFocusLocked
02-15 10:34:27.971 2870  3068  I MiuiSplitInputMethodImpl: Skip onPointerDownOutsideFocusLocked
02-15 10:34:27.971 2870  3068  I MiuiSplitInputMethodImpl: Skip onPointerDownOutsideFocusLocked
02-15 10:34:27.972 2870  6461  I ProcessManager: getRenderThreadTidByPid, caller=2870
02-15 10:34:27.972 23642 23642 D EventBus: No subscribers registered for event class com.xiaomi.xms.event.msg.SystemTouchMsg
02-15 10:34:27.972 23642 23642 D EventBus: No subscribers registered for event class gd.h
02-15 10:34:27.973 4350  4350  I MIUIInput: [MotionEvent] ViewRootImpl windowName 'com.okamihoro.ddplaytv.debug/com.xyoye.storage_component.ui.activities.storage_file.StorageFileActivity', { action=ACTION_DOWN, id[0]=0, pointerCount=1, eventTime=342390435, downTime=342390435, phoneEventTime=10:34:27.968 } moveCount:0
02-15 10:34:27.973 2391  2391  D RefreshRateSelector: Touch Boost
02-15 10:34:27.973 4350  4350  D VRI[StorageFileActivity]: getMiuiFreeformStackInfo mTmpFrames.miuiFreeFormStackInfo: null
02-15 10:34:27.975 7430  7556  D MiuiFreeformModeGestureHandler: start handle MotionEvents:(412.5,488.25)
02-15 10:34:27.975 7430  7556  D MiuiFreeformModeGestureHandler: handleMotionEvents mActiveMiuiFreeformTask null x: 412.5 y: 488.25 current miuiFreeformModeTaskInfo:
02-15 10:34:27.975 7430  7556  D MultiTaskingTaskRepository: getTopFullscreenTaskInfo: taskId=22580 windowingMode=1 isVisible=true isTopActivityTransparent=false
02-15 10:34:27.975 7430  7556  D MiuiDecorationRootViewHost: isTouchedInTopCaption: taskId = 22580, tempViewHost = null
02-15 10:34:27.975 7430  7556  D MiuiDecorationDot: isTouchedInTopCaption: taskId = 22580, mMulWinSwitchVIewHost is not ready for layout
02-15 10:34:27.975 7430  7556  D MulWinSwitchEventHandler: dispatchToFullOrSplitDecorationDot: touchedTaskId=-1
02-15 10:34:27.975 7430  7556  D MulWinSwitchEventHandler: handleReceivedMotionEvent: mTouchedBottomTaskId=-1
02-15 10:34:27.981 2391  2391  W binder:2391_2: type=1400 audit(0.0:4538679): avc:  denied  { search } for  name="mcd" dev="dm-73" ino=665 scontext=u:r:surfaceflinger:s0 tcontext=u:object_r:mcd_data_file:s0 tclass=dir permissive=0
02-15 10:34:27.993 2391  2391  D RefreshRateSelector: Touch Boost
02-15 10:34:27.994 2130  2377  D SDM: HWDeviceDRM::SetupConcurrentWriteback: Tear down the Concurrent Writeback topology
02-15 10:34:27.994 2130  4268  I vendor.qti.hardware.display.composer-service: FrameNotifyProcess Sensor: notify citsensorservice to trigger cwb
02-15 10:34:27.995 2391  2832  E HWComposer: getLuts: getLuts failed for display 4630946738963277955: UNSUPPORTED (8)
02-15 10:34:27.996 3436  5559  I libsensor-parseRGB: request dump start for mRequestDisplayId 0
02-15 10:34:27.997 2870  5406  I MIUIInput: [MotionEvent] notifyMotion - eventTime=342390464298000, deviceId=7, source=0x1002, policyFlags=0x0, action=0x1, flags=0x0, downTime=342390435420000
02-15 10:34:27.998 2870  5405  I MIUIInput: [MotionEvent] publisher action=0x1, deviceId=7, 342390464, channel 'fb16f41 com.okamihoro.ddplaytv.debug/com.xyoye.storage_component.ui.activities.storage_file.StorageFileActivity'
02-15 10:34:27.998 2870  5405  I MIUIInput: [MotionEvent] publisher action=0x1, deviceId=7, 342390464, channel '[Gesture Monitor] WMShell'
02-15 10:34:27.998 2870  5405  I MIUIInput: [MotionEvent] publisher action=0x1, deviceId=7, 342390464, channel '[Gesture Monitor] miui-gesture'
02-15 10:34:27.996 3436  5559  D vendor.xiaomi.sensor.citsensorservice@2.0-service: handle id:22 wxh:1536x3200 uwxuh:1440x3200 size: 14745600 fd:19 fd_meta:20 flags:0x228 usage:0x33  format:0x3 layer_count: 1 reserved_size = 0
02-15 10:34:27.998 4350  4350  I MIUIInput: [MotionEvent] ViewRootImpl windowName 'com.okamihoro.ddplaytv.debug/com.xyoye.storage_component.ui.activities.storage_file.StorageFileActivity', { action=ACTION_UP, id[0]=0, pointerCount=1, eventTime=342390464, downTime=342390435, phoneEventTime=10:34:27.997 } moveCount:0
02-15 10:34:27.999 2130  2815  W SDM: HWCSession::GetDisplayIndex: Display index not found for display 1.
02-15 10:34:27.999 2130  2815  W SDM: HWCSession::GetDisplayIndex: Display index not found for display 3.
02-15 10:34:27.999 2130  2815  D SDM: HWCSession::SetCWBOutputBuffer: CWB config passed by cwb_client : tappoint 1  CWB_ROI : (768.000000 40.000000 1009.000000 281.000000). Display 0
02-15 10:34:28.000 23642 23642 D EventBus: No subscribers registered for event class com.xiaomi.xms.event.msg.SystemTouchMsg
02-15 10:34:28.000 23642 23642 D EventBus: No subscribers registered for event class gd.h
02-15 10:34:28.001 2332  2439  I [THP-HAL]: release_all:force:0
02-15 10:34:28.009 4350  4350  D HWUI: ImageDecoder_nDecodeBitmap: width = 226, height = 226, encodedFormat = 4
02-15 10:34:28.009 4350  4350  W HWUI: Image decoding logging dropped!
02-15 10:34:28.010 4350  19131 D DDLog-storage-cloud115_: DEBUG/storage [storage:cloud115_storage] #567: createPlayUrl local proxy policy {contentLength=340120405,intervalMs=1000,mode=1,playerType=TYPE_MPV_PLAYER,storageId=8,storageKey=cloud_115_storage:115cloud://uid/37610873}
02-15 10:34:28.011 4350  23811 W Retrofit: --> GET https://webapi.115.com/files?aid=<redacted>&cid=<redacted>&offset=<redacted>&limit=<redacted>&show_dir=<redacted>&format=<redacted> http/1.1
02-15 10:34:28.011 4350  23811 W Retrofit: 	Cookie: UID=<redacted>; CID=<redacted>; SEID=<redacted>; KID=<redacted>
02-15 10:34:28.012 4350  4350  D DecorView: updateFreeformOutlineFromActivity, inFreeform=false,inFreeformWindowMode=false
02-15 10:34:28.012 4350  23811 W Retrofit: 	User-Agent: Mozilla/5.0 115Browser/27.0.0.0
02-15 10:34:28.012 4350  23811 W Retrofit:
02-15 10:34:28.012 4350  23811 W Retrofit: --> END GET
02-15 10:34:28.012 2029  7723  D vendor.qti.bluetooth@1.1-wake_lock: Release wakelock is released
02-15 10:34:28.014 4350  19147 D HWUI: TAG_DDRE, CanvasContext::setDdreActivities:
02-15 10:34:28.014 4350  4350  I ViewRootImpl: com.okamihoro.ddplaytv.debug/com.xyoye.storage_component.ui.activities.storage_file.StorageFileActivity use first frame acceleration
02-15 10:34:28.016 2870  5375  I MiuiSplitInputMethodImpl: Skpi check shouldUpdateImeTargetForBackScreen.
02-15 10:34:28.016 2870  5375  I MiuiSplitInputMethodImpl: Skpi check shouldUpdateImeTargetForBackScreen.
02-15 10:34:28.016 2870  5375  I MiuiSplitInputMethodImpl: Skpi check shouldUpdateImeTargetForBackScreen.
02-15 10:34:28.016 2870  5375  I MiuiSplitInputMethodImpl: Skpi check shouldUpdateImeTargetForBackScreen.
02-15 10:34:28.016 2870  5375  I MiuiSplitInputMethodImpl: Skpi check shouldUpdateImeTargetForBackScreen.
02-15 10:34:28.016 2870  5375  I MiuiSplitInputMethodImpl: Skpi check shouldUpdateImeTargetForBackScreen.
02-15 10:34:28.016 2870  5375  I MiuiSplitInputMethodImpl: Skpi check shouldUpdateImeTargetForBackScreen.
02-15 10:34:28.016 2870  5375  I MiuiSplitInputMethodImpl: Skpi check shouldUpdateImeTargetForBackScreen.
02-15 10:34:28.016 2870  5375  I MiuiSplitInputMethodImpl: Skpi check shouldUpdateImeTargetForBackScreen.
02-15 10:34:28.016 2870  5375  I MiuiSplitInputMethodImpl: Skpi check shouldUpdateImeTargetForBackScreen.
02-15 10:34:28.016 2870  5375  I MiuiSplitInputMethodImpl: Skpi check shouldUpdateImeTargetForBackScreen.
02-15 10:34:28.016 2870  5375  I MiuiSplitInputMethodImpl: Skpi check shouldUpdateImeTargetForBackScreen.
02-15 10:34:28.016 2870  5375  I MiuiSplitInputMethodImpl: Skpi check shouldUpdateImeTargetForBackScreen.
02-15 10:34:28.016 2870  5375  I MiuiSplitInputMethodImpl: Skpi check shouldUpdateImeTargetForBackScreen.
02-15 10:34:28.017 2870  5375  D BarFollowAnimation: isAppTaskBarOnTop win:Window{f15d049 u0 com.okamihoro.ddplaytv.debug/com.xyoye.storage_component.ui.activities.storage_file.StorageFileActivity} (mCurrentTopTask:Task{a08106c #22580 type=standard A=10588:com.okamihoro.ddplaytv.debug} : true); (mAssociatedTask:Task{a08106c #22580 type=standard A=10588:com.okamihoro.ddplaytv.debug} : true); (mHomeTask:Task{24c4b17 #22534 type=home} : false); mReparentToOriginParent:false mLastAppBarVisible:true mLastHomeBarVisible:false
02-15 10:34:28.018 2870  5375  D WindowManager: updateSystemBarAttributes displayId: 16777216 Window{f15d049 u0 com.okamihoro.ddplaytv.debug/com.xyoye.storage_component.ui.activities.storage_file.StorageFileActivity} winAppearance=
02-15 10:34:28.018 2870  5375  D WindowManager: wms.Input focus has changed to Window{f15d049 u0 com.okamihoro.ddplaytv.debug/com.xyoye.storage_component.ui.activities.storage_file.StorageFileActivity} display=0 updateInputWindows = false
02-15 10:34:28.018 2870  5375  I MultiSenceManagerInternalStub: getInstance
02-15 10:34:28.018 2870  3066  D WmSystemUiDebug: on system bar attributes changed displayId=16777216 appearance= appearanceRegions=[AppearanceRegion{ bounds=[0,0][1080,2400]}] navbarColorManagedByIme=false behavior=1 requestedVisibleTypes=[statusBars navigationBars captionBar systemGestures mandatorySystemGestures tappableElement displayCutout windowDecor systemOverlays] packageName=com.okamihoro.ddplaytv.debug letterboxDetails=[]
02-15 10:34:28.019 2130  2377  D SDM: HWDeviceDRM::SetupConcurrentWriteback: Tear down the Concurrent Writeback topology
02-15 10:34:28.020 4350  4350  I Choreographer: first vsync insert message into MessageQueue Head
02-15 10:34:28.020 2870  3069  D WindowManager: wms.Focus not requested for window=Window{f15d049 u0 com.okamihoro.ddplaytv.debug/com.xyoye.storage_component.ui.activities.storage_file.StorageFileActivity} because it has no surface or is not focusable.
02-15 10:34:28.021 4350  4350  I ComputilityLevel: getComputilityLevel(): 5
02-15 10:34:28.021 2870  5375  D CoreBackPreview: Window{f15d049 u0 com.okamihoro.ddplaytv.debug/com.xyoye.storage_component.ui.activities.storage_file.StorageFileActivity}: Setting back callback OnBackInvokedCallbackInfo{mCallback=android.window.IOnBackInvokedCallback$Stub$Proxy@8f48826, mPriority=0, mIsAnimationCallback=false, mOverrideBehavior=0}
02-15 10:34:28.022 2870  5375  W AppCompatLetterboxPolicy: start not layout letterbox Window{f15d049 u0 com.okamihoro.ddplaytv.debug/com.xyoye.storage_component.ui.activities.storage_file.StorageFileActivity}
02-15 10:34:28.021 7430  7430  I BoostHelper: increaseMainAndRenderThreadPriority mLastMainPriority:0,mLastRenderPriority: -4
02-15 10:34:28.022 2870  5375  D BarFollowAnimation: pairAppearanceRegionAndWin win=Window{fb16f41 u0 com.okamihoro.ddplaytv.debug/com.xyoye.storage_component.ui.activities.storage_file.StorageFileActivity} 0
02-15 10:34:28.023 2870  5375  D BarFollowAnimation: isAppTaskBarOnTop win:Window{f15d049 u0 com.okamihoro.ddplaytv.debug/com.xyoye.storage_component.ui.activities.storage_file.StorageFileActivity} (mCurrentTopTask:Task{a08106c #22580 type=standard A=10588:com.okamihoro.ddplaytv.debug} : true); (mAssociatedTask:Task{a08106c #22580 type=standard A=10588:com.okamihoro.ddplaytv.debug} : true); (mHomeTask:Task{24c4b17 #22534 type=home} : false); mReparentToOriginParent:false mLastAppBarVisible:true mLastHomeBarVisible:false
02-15 10:34:28.023 7430  7430  D BoostHelper: thread tid=7819, priority is set to -20
02-15 10:34:28.023 2870  5375  D MiuiRefreshRatePolicy: reset
02-15 10:34:28.023 7430  7430  D BoostHelper: thread tid=7430, priority is set to -20
02-15 10:34:28.023 7430  7430  D CommandQueueCallback: onSystemBarAttributesChanged (16777216, 0)
02-15 10:34:28.024 4350  4350  W libc: Access denied finding property "vendor.display.enable_optimal_refresh_rate"
02-15 10:34:28.025 4350  4350  W libc: Access denied finding property "vendor.display.enable_optimal_refresh_rate"
02-15 10:34:28.025 20509 20509 D TouchInteractionService: onSystemUiFlagsChanged, mSystemUiStateFlags=10020000
02-15 10:34:28.025 20509 20509 D NavStubGestureListener: onSystemUiFlagsChanged, newFlag:268566528
02-15 10:34:28.025 20509 20509 D NavStubView_Touch: onSystemUiFlagsChanged  mIsShowStatusBar    old= true   new=true
02-15 10:34:28.025 20509 20509 D NavStubView_Touch: onSystemUiFlagsChanged  mIsShowNavBar    old= true   new=true
02-15 10:34:28.025 20509 20509 D NavStubView_Touch: onSystemUiFlagsChanged  isImmersiveNew    old= false   new=false
02-15 10:34:28.025 20509 20509 D NavStubView_Touch: onSystemUiFlagsChanged, mDisableHomeRecents = false, disableHomeRecents = false, isHomeDisabled = false, isRecentDisabled = false
02-15 10:34:28.017 4350  4350  W .ddplaytv.debug: type=1400 audit(0.0:4538680): avc:  denied  { read } for  name="u:object_r:vendor_display_prop:s0" dev="tmpfs" ino=534 scontext=u:r:untrusted_app:s0:c76,c258,c512,c768 tcontext=u:object_r:vendor_display_prop:s0 tclass=file permissive=0 app=com.okamihoro.ddplaytv.debug
02-15 10:34:28.021 4350  4350  W .ddplaytv.debug: type=1400 audit(0.0:4538681): avc:  denied  { read } for  name="u:object_r:vendor_display_prop:s0" dev="tmpfs" ino=534 scontext=u:r:untrusted_app:s0:c76,c258,c512,c768 tcontext=u:object_r:vendor_display_prop:s0 tclass=file permissive=0 app=com.okamihoro.ddplaytv.debug
02-15 10:34:28.027 4350  4350  D VRI[StorageFileActivity]: vri.reportNextDraw 0 Rect(382, 1073 - 697, 1388) android.view.ViewRootImpl.performTraversals:5618 android.view.ViewRootImpl.doTraversal:4165 android.view.ViewRootImpl$TraversalRunnable.run:12567 android.view.Choreographer$CallbackRecord.run:2040 android.view.Choreographer$CallbackRecord.run:2049
02-15 10:34:28.027 4350  4350  D VRI[StorageFileActivity]: vri.Setup new sync=wmsSync-VRI[StorageFileActivity]#66
02-15 10:34:28.027 2130  5577  D SDM: HWCSession::NotifyCWBStatus: Notify the client about buffer status 0. Display: 0
02-15 10:34:28.027 2130  5577  I SDM: HWCSession::ProcessCWBStatus: CWB queue is empty. display_index: 0
02-15 10:34:28.029 2391  2391  D RefreshRateSelector: Touch Boost
02-15 10:34:28.029 4350  4350  D VRI[StorageFileActivity]: vri.reportDrawFinished 0 0 Rect(382, 1073 - 697, 1388)
02-15 10:34:28.029 2870  3069  I DisplayPolicyStubImpl: com.android.server.wm.WindowState hide ime, enable touchboost
02-15 10:34:28.030 2870  3069  I DisplayPolicyStubImpl: com.android.server.wm.WindowState hide ime, enable touchboost
02-15 10:34:28.030 4350  19147 D HWUI: [HWUI] Flag vulkan_enhance_pipeline_cache enabled
02-15 10:34:28.030 4350  19147 D HWUI: [HWUI] EnhanceVkPipelineCache is disabled
02-15 10:34:28.030 4350  19147 D HWUI: [HWUI] Flag ddre enabled
02-15 10:34:28.030 2870  5375  D WindowManager: wms.finishDrawingLocked: mDrawState=COMMIT_DRAW_PENDING Window{f15d049 u0 com.okamihoro.ddplaytv.debug/com.xyoye.storage_component.ui.activities.storage_file.StorageFileActivity} in Surface(name=com.okamihoro.ddplaytv.debug/com.xyoye.storage_component.ui.activities.storage_file.StorageFileActivity#140827)/@0x4fdbc67
02-15 10:34:28.031 2870  3069  W AppCompatLetterboxPolicy: start not layout letterbox Window{f15d049 u0 com.okamihoro.ddplaytv.debug/com.xyoye.storage_component.ui.activities.storage_file.StorageFileActivity}
02-15 10:34:28.031 2870  3069  D BarFollowAnimation: pairAppearanceRegionAndWin win=Window{fb16f41 u0 com.okamihoro.ddplaytv.debug/com.xyoye.storage_component.ui.activities.storage_file.StorageFileActivity} 0
02-15 10:34:28.031 2870  3069  D BarFollowAnimation: isAppTaskBarOnTop win:Window{f15d049 u0 com.okamihoro.ddplaytv.debug/com.xyoye.storage_component.ui.activities.storage_file.StorageFileActivity} (mCurrentTopTask:Task{a08106c #22580 type=standard A=10588:com.okamihoro.ddplaytv.debug} : true); (mAssociatedTask:Task{a08106c #22580 type=standard A=10588:com.okamihoro.ddplaytv.debug} : true); (mHomeTask:Task{24c4b17 #22534 type=home} : false); mReparentToOriginParent:false mLastAppBarVisible:true mLastHomeBarVisible:false
02-15 10:34:28.025 2391  2391  W binder:2391_2: type=1400 audit(0.0:4538682): avc:  denied  { search } for  name="mcd" dev="dm-73" ino=665 scontext=u:r:surfaceflinger:s0 tcontext=u:object_r:mcd_data_file:s0 tclass=dir permissive=0
02-15 10:34:28.031 2870  3069  D MiuiRefreshRatePolicy: reset
02-15 10:34:28.032 2870  3069  D WindowManager: wms.commitFinishDrawingLocked: mDrawState=READY_TO_SHOW Window{f15d049 u0 com.okamihoro.ddplaytv.debug/com.xyoye.storage_component.ui.activities.storage_file.StorageFileActivity} in Surface(name=com.okamihoro.ddplaytv.debug/com.xyoye.storage_component.ui.activities.storage_file.StorageFileActivity#140827)/@0x4fdbc67
02-15 10:34:28.032 3436  5560  D libsensor-parseRGB: the value of RGB [55.349528 53.142726 45.710092]
02-15 10:34:28.034 2391  8068  D MI-SF: updateScene: module = 268 (Animation), value = 1, pkg = perf_interaction, Vrr = 1, mSetTpIdleFlag = 0
02-15 10:34:28.034 2391  8068  D MI-SF: isIdleTimerSkip is 1,mSetIdleForceFlag = 0
02-15 10:34:28.034 2391  8068  D MI-SF: updateScene mSetAnimationFlag status 1, vsync 120
02-15 10:34:28.034 2870  3069  W AppCompatLetterboxPolicy: start not layout letterbox Window{f15d049 u0 com.okamihoro.ddplaytv.debug/com.xyoye.storage_component.ui.activities.storage_file.StorageFileActivity}
02-15 10:34:28.034 2870  3069  D BarFollowAnimation: pairAppearanceRegionAndWin win=Window{fb16f41 u0 com.okamihoro.ddplaytv.debug/com.xyoye.storage_component.ui.activities.storage_file.StorageFileActivity} 0
02-15 10:34:28.029 2391  2391  W binder:2391_1: type=1400 audit(0.0:4538683): avc:  denied  { search } for  name="mcd" dev="dm-73" ino=665 scontext=u:r:surfaceflinger:s0 tcontext=u:object_r:mcd_data_file:s0 tclass=dir permissive=0
02-15 10:34:28.034 2870  6456  I DisplayModeDirectorImpl: setSmartDisplayUpRefreshRatePolicy [0.0,120.0]
02-15 10:34:28.034 2870  3069  D BarFollowAnimation: isAppTaskBarOnTop win:Window{f15d049 u0 com.okamihoro.ddplaytv.debug/com.xyoye.storage_component.ui.activities.storage_file.StorageFileActivity} (mCurrentTopTask:Task{a08106c #22580 type=standard A=10588:com.okamihoro.ddplaytv.debug} : true); (mAssociatedTask:Task{a08106c #22580 type=standard A=10588:com.okamihoro.ddplaytv.debug} : true); (mHomeTask:Task{24c4b17 #22534 type=home} : false); mReparentToOriginParent:false mLastAppBarVisible:true mLastHomeBarVisible:false
02-15 10:34:28.035 2870  3069  D MiuiRefreshRatePolicy: reset
02-15 10:34:28.035 2870  3068  D DisplayModeDirectorImpl: use smart display refresh rate policy false
02-15 10:34:28.035 2870  3068  I DisplayModeDirectorImpl: updateRefreshRateResultIfNeeded after:baseModeId=2 allowGroupSwitching=false primary=physical: (0.0 Infinity) render:  (0.0 120.0) appRequest=physical: (0.0 Infinity) render:  (0.0 120.0) idleScreenRefreshRateConfig=null mNormalModeSkipOveride: false
02-15 10:34:28.036 2870  3069  I WindowManager: wms.showSurfaceRobustly mWin:Window{f15d049 u0 com.okamihoro.ddplaytv.debug/com.xyoye.storage_component.ui.activities.storage_file.StorageFileActivity} in Surface(name=com.okamihoro.ddplaytv.debug/com.xyoye.storage_component.ui.activities.storage_file.StorageFileActivity#140827)/@0x4fdbc67
02-15 10:34:28.036 2870  3069  D SystemPerformanceHinter: startSession#HighPerfSession-d0-WindowAnimation
02-15 10:34:28.033 2391  2391  W binder:2391_5: type=1400 audit(0.0:4538684): avc:  denied  { search } for  name="mcd" dev="dm-73" ino=665 scontext=u:r:surfaceflinger:s0 tcontext=u:object_r:mcd_data_file:s0 tclass=dir permissive=0
02-15 10:34:28.051 2391  2391  D RefreshRateSelector: Touch Boost
02-15 10:34:28.045 2391  2391  W binder:2391_2: type=1400 audit(0.0:4538685): avc:  denied  { search } for  name="mcd" dev="dm-73" ino=665 scontext=u:r:surfaceflinger:s0 tcontext=u:object_r:mcd_data_file:s0 tclass=dir permissive=0
02-15 10:34:28.049 2391  2391  W binder:2391_2: type=1400 audit(0.0:4538686): avc:  denied  { search } for  name="mcd" dev="dm-73" ino=665 scontext=u:r:surfaceflinger:s0 tcontext=u:object_r:mcd_data_file:s0 tclass=dir permissive=0
02-15 10:34:28.059 4350  4350  I HandWritingStubImpl: refreshLastKeyboardType: 1
02-15 10:34:28.059 4350  4350  I HandWritingStubImpl: getCurrentKeyboardType: 1
02-15 10:34:28.059 2391  2391  D RefreshRateSelector: Touch Boost
02-15 10:34:28.060 2870  5440  I MiuiSplitInputMethodImpl: Skpi check shouldUpdateImeTargetForBackScreen.
02-15 10:34:28.060 2870  5440  I MiuiSplitInputMethodImpl: Skpi check shouldUpdateImeTargetForBackScreen.
02-15 10:34:28.060 2870  5440  I MiuiSplitInputMethodImpl: Skpi check shouldUpdateImeTargetForBackScreen.
02-15 10:34:28.060 2870  5440  I MiuiSplitInputMethodImpl: Skpi check shouldUpdateImeTargetForBackScreen.
02-15 10:34:28.060 2870  5440  I MiuiSplitInputMethodImpl: Skpi check shouldUpdateImeTargetForBackScreen.
02-15 10:34:28.060 2870  5440  I MiuiSplitInputMethodImpl: Skpi check shouldUpdateImeTargetForBackScreen.
02-15 10:34:28.060 2870  5440  I MiuiSplitInputMethodImpl: Skpi check shouldUpdateImeTargetForBackScreen.
02-15 10:34:28.060 2870  5440  I MiuiSplitInputMethodImpl: Skpi check shouldUpdateImeTargetForBackScreen.
02-15 10:34:28.060 2870  5440  I MiuiSplitInputMethodImpl: Skpi check shouldUpdateImeTargetForBackScreen.
02-15 10:34:28.060 2870  5440  I MiuiSplitInputMethodImpl: Skpi check shouldUpdateImeTargetForBackScreen.
02-15 10:34:28.060 2870  5440  I MiuiSplitInputMethodImpl: Skpi check shouldUpdateImeTargetForBackScreen.
02-15 10:34:28.060 2870  5440  I MiuiSplitInputMethodImpl: Skpi check shouldUpdateImeTargetForBackScreen.
02-15 10:34:28.060 2870  5440  I MiuiSplitInputMethodImpl: Skpi check shouldUpdateImeTargetForBackScreen.
02-15 10:34:28.060 2870  5440  I MiuiSplitInputMethodImpl: Skpi check shouldUpdateImeTargetForBackScreen.
02-15 10:34:28.061 2870  5440  I ImeTracker: com.okamihoro.ddplaytv.debug:7ffac410: onRequestHide at ORIGIN_SERVER reason HIDE_UNSPECIFIED_WINDOW fromUser false
02-15 10:34:28.062 2870  5440  I InputMethodManagerServiceImpl: Skip shouldIgnoreHideCurrentInputForBackDisplay check.
02-15 10:34:28.062 2870  5440  W SecurityInputMethodSwitcher: first check switch to security ime: false
02-15 10:34:28.062 2870  5440  W SecurityInputMethodSwitcher: double check switch to security ime: false
02-15 10:34:28.062 2870  5440  W SecurityInputMethodSwitcher: switch to other input method from security ime:false mayChangeToMiuiSecurityInputMethod: false current focus window: android.os.BinderProxy@906d650
02-15 10:34:28.062 2870  5440  D InputMethodManagerService: startInputUncheckedLocked:set client state as:ClientState{8cc4f5b mUid=10588 mPid=4350 mSelfReportedDisplayId=0}
02-15 10:34:28.068 4350  4350  D InsetsController: hide(ime(), fromIme=false)
02-15 10:34:28.068 4350  4350  I ImeTracker: com.okamihoro.ddplaytv.debug:7ffac410: onCancelled at PHASE_CLIENT_ALREADY_HIDDEN
02-15 10:34:28.071 2870  5440  D InputMethodManagerServiceImpl: ime switch to security: false , switch to normal ime: false , switch from security: false
02-15 10:34:28.073 2870  10997 I MiuiSplitInputMethodImpl: Skpi check shouldUpdateImeTargetForBackScreen.
02-15 10:34:28.073 11867 11867 I bdmiime: onStartInput called,  restarting：false, fieldId： 0, inputType：0, imeOptions： 0
02-15 10:34:28.075 2870  10997 I ImeTracker: system_server:3dac6d83: onRequestHide at ORIGIN_SERVER reason IME_REQUESTED_CHANGED_LISTENER fromUser false
02-15 10:34:28.075 2870  3069  D BarFollowAnimation: isAppTaskBarOnTop win:Window{f15d049 u0 com.okamihoro.ddplaytv.debug/com.xyoye.storage_component.ui.activities.storage_file.StorageFileActivity} (mCurrentTopTask:Task{a08106c #22580 type=standard A=10588:com.okamihoro.ddplaytv.debug} : true); (mAssociatedTask:Task{a08106c #22580 type=standard A=10588:com.okamihoro.ddplaytv.debug} : true); (mHomeTask:Task{24c4b17 #22534 type=home} : false); mReparentToOriginParent:false mLastAppBarVisible:true mLastHomeBarVisible:false
02-15 10:34:28.075 11867 11867 I InputMethodService: inputmethod dismissSystemCLipBoard
02-15 10:34:28.076 2870  3069  D MiuiRefreshRatePolicy: reset
02-15 10:34:28.076 11867 11867 D joa: refreshData: LogoMenuActivitiesData(logoMenuData=[], sceneMap={})
02-15 10:34:28.076 11867 11867 D joa: isShowLogoAnimation: triggers is null, return false
02-15 10:34:28.076 2870  3068  I DisplayManagerServiceImpl: updateInputScene: , status: 0 targetPkg: input, cookie: 270
02-15 10:34:28.076 11867 11867 I bdmiime:  tempDarkMode = false ,darkMode = false
02-15 10:34:28.076 12128 19667 D MirrorManager:  sendAcceptInput 0 0
02-15 10:34:28.076 2391  8068  D MI-SF: updateScene: module = 270 (Input), value = 0, pkg = input, Vrr = 1, mSetTpIdleFlag = 0
02-15 10:34:28.077 2870  3068  I ImeTracker: system_server:3dac6d83: onCancelled at PHASE_SERVER_SHOULD_HIDE
02-15 10:34:28.077 11867 11867 I bdmiime: updateForNightMode  isNight false
02-15 10:34:28.078 11867 11867 I bdmiime: getSysParam -> orientation isPortrait = true
02-15 10:34:28.078 11867 11867 I bdmiime: getKeyboardWidth sW=1080 bW=1080
02-15 10:34:28.078 11867 11867 I bdmiime: initGlobal bw:1080, bl:0, br:1080, bh:644, lsh:0, sw:1080, sh:2400, 1080, rw:1080, rh:2400, as:3.3, ss: 2.625, pad:false,cd:840626-24C977-FFC726-7E6868-5D7G8G-8F|WEJ-TWHURP, way:0, mini0
02-15 10:34:28.080 11867 11867 I bdmiime: SkinRender#currentSkinType:0
02-15 10:34:28.080 11867 11867 I bdmiime: setIsNight = false, isNightFollowSystemSetByUser true, isNightFollowSystem = true, userManualNightMode = -1, isDarkMode = false
02-15 10:34:28.080 11867 11867 I bdmiime: loadPref: isFloatingMode : false, isPcMode : false, model : com.baidu.or5@9c6b12c
02-15 10:34:28.081 11867 11867 I bdmiime: is sys vibra:true
02-15 10:34:28.081 11867 11867 I bdmiime: switchPcMode newPcMode = false
02-15 10:34:28.094 2870  3069  I DisplayPolicyStubImpl: com.android.server.wm.WindowState hide ime, enable touchboost
02-15 10:34:28.094 2870  3069  I DisplayPolicyStubImpl: com.android.server.wm.WindowState hide ime, enable touchboost
02-15 10:34:28.098 2130  10695 I MiStcImpl: Dispatching command: 35 SET_HISTOGRAM
02-15 10:34:28.129 3436  5564  I libsensor-displayalgo: the value of channelCali C:110.523933,R:65.829276,G:38.473725,B:16.085423,scales C:0.975640,R:0.954020,G:0.938446,B:1.138384
02-15 10:34:28.130 3436  5564  D libsensor-displayalgo: brightness:223.000000,R:6836.764680,G:6251.387543,B:4487.728768,EVENT C:1301.742798,R:842.335938,G:446.757568,B:254.387421, lux: 14.861631,cct:5624.885254, irPara: 0
02-15 10:34:28.153 4350  23811 W Retrofit: <-- 200 OK https://webapi.115.com/files?aid=<redacted>&cid=<redacted>&offset=<redacted>&limit=<redacted>&show_dir=<redacted>&format=<redacted> (140ms）
02-15 10:34:28.153 4350  23811 W Retrofit: 	Date: Sun, 15 Feb 2026 02:34:27 GMT
02-15 10:34:28.153 4350  23811 W Retrofit: 	Content-Type: text/html; charset=UTF-8
02-15 10:34:28.153 4350  23811 W Retrofit: 	Transfer-Encoding: chunked
02-15 10:34:28.153 4350  23811 W Retrofit: 	Connection: keep-alive
02-15 10:34:28.153 4350  23811 W Retrofit: 	Set-Cookie: <redacted>
02-15 10:34:28.153 4350  23811 W Retrofit: 	Expires: Mon, 26 Jul 1997 05:00:00 GMT
02-15 10:34:28.154 4350  23811 W Retrofit: 	Last-Modified: Sun, 15 Feb 2026 02:34:27 GMT
02-15 10:34:28.154 4350  23811 W Retrofit: 	Cache-Control: no-store, no-cache, must-revalidate
02-15 10:34:28.154 4350  23811 W Retrofit: 	Cache-Control: post-check=0, pre-check=0
02-15 10:34:28.154 4350  23811 W Retrofit: 	Pragma: no-cache
02-15 10:34:28.154 4350  23811 W Retrofit: 	Powered-By-115: HN1_wp-web8
02-15 10:34:28.155 4350  23811 W Retrofit: 	Origin-Agent-Cluster: ?0
02-15 10:34:28.155 4350  23811 W Retrofit:
02-15 10:34:28.157 4350  23811 W Retrofit: 	body:{"data":[{"cid":"3237257992918071814","aid":"1","pid":"0","n":"\u4e91\u4e0b\u8f7d","m":0,"cc":"","sh":"0","pc":"fb5zcepaxrrmorw84t","t":"1771082985","te":"1771082985","tu":"1771082985","tp":"1755927225","to":"1771077883","e":"","p":0,"ns":"\u4e91\u4e0b\u8f7d","u":"","fc":0,"fdes":0,"hdf":0,"ispl":0,"fvs":0,"check_code":0,"check_msg":"","fuuid":37610873,"ec":0,"fl":[],"issct":0,"score":0,"is_top":0},{"cid":"3361841510729185628","aid":"1","pid":"0","n":"Digimon_Steam_DN","m":0,"cc":"","sh":"0","pc":"fek1xn7vl30hil3n6g","t":"1770778744","te":"1770778744","tu":"1770778744","tp":"1770778738","to":0,"e":"","p":0,"ns":"Digimon_Steam_DN","u":"","fc":0,"fdes":0,"hdf":0,"ispl":0,"fvs":0,"check_code":0,"check_msg":"","fuuid":37610873,"ec":0,"fl":[],"issct":0,"score":0,"is_top":0},{"cid":"3248366047810353422","aid":"1","pid":"0","n":"chara card","m":0,"cc":"","sh":"0","pc":"fcnnegv7z12kusruhy","t":"1769676400","te":"1769676400","tu":"1769676400","tp":"1757251408","to":"1770105908","e":"","p":0,"ns":"chara card","u":"","fc":0,"fdes":0,"hdf":0,"ispl":0,"fvs":0,"check_code":0,"check_msg":"","fuuid":37610873,"ec":0,"fl":[],"issct":0,"score":0,"is_top":0},{"cid":"3237867677215947250","aid":"1","pid":"0","n":"TV","m":0,"cc":"","sh":"0","pc":"fazppngan3qv1g4hto","t":"1770017134","te":"1770017134","tu":"1770017134","tp":"1755999905","to":"1770283585","e":"","p":0,"ns":"TV","u":"","fc":0,"fdes":0,"hdf":0,"ispl":0,"fvs":0,"check_code":0,"check_msg":"","fuuid":37610873,"ec":0,"fl":[],"issct":0,"score":0,"is_top":0},{"cid":"3237314683374205587","aid":"1","pid":"0","n":"Comic","m":0,"cc":"","sh":"0","pc":"fey08ab69jr6fm3n6g","t":"1765715169","te":"1765715169","tu":"1765715169","tp":"1755933983","to":"1770187640","e":"","p":0,"ns":"Comic","u":"","fc":0,"fdes":0,"hdf":0,"ispl":0,"fvs":0,"check_code":0,"check_msg":"","fuuid":37610873,"ec":0,"fl":[],"issct":0,"score":0,"is_top":0},{"cid":"3237263913790536165","aid":"1","pid":"0","n":"\u756a\u5267","m":0,"cc":"","sh":"0","pc":"fcnqa8pz9kcoj9ruhy","t":"1757686158","te":"1757686158","tu":"1757686158","tp":"1755927931","to":"1770945427","e":"","p":0,"ns":"\u756a\u5267","u":"","fc":0,"fdes":0,"hdf":0,"ispl":0,"fvs":0,"check_code":0,"check_msg":"","fuuid":37610873,"ec":0,"fl":[],"issct":0,"score":0,"is_top":0}],"count":6,"sys_count":1,"page_size":200,"aid":"1","cid":0,"is_asc":0,"star":0,"is_share":0,"type":0,"is_q":0,"r_all":0,"stdir":0,"cur":0,"min_size":0,"max_size":0,"record_open_time":"","path":[{"name":"\u6839\u76ee\u5f55","aid":"1","cid":"0","pid":"0","isp":"0"}],"fields":"","order":"user_ptime","fc_mix":0,"cost_time_1":0.005156040191650391,"natsort":0,"uid":37610873,"offset":0,"limit":199,"suffix":"","last_utime":0,"use_cache":0,"cost_time_2":0.0051610469818115234,"cost_time_3":0.005391120910644531,"cost_time_4":0.005395174026489258,"cost_time_5":0.017792224884033203,"cost_time_6":0.017796039581298828,"cost_time_7":0.019669055938720703,"cost_time_8":0.019669055938720703,"state":true,"error":"","errNo":0}
02-15 10:34:28.157 4350  23811 W Retrofit: <-- END HTTP
02-15 10:34:28.161 4350  23811 W Retrofit: --> GET https://webapi.115.com/files?aid=<redacted>&cid=<redacted>&offset=<redacted>&limit=<redacted>&show_dir=<redacted>&format=<redacted> http/1.1
02-15 10:34:28.161 4350  23811 W Retrofit: 	Cookie: UID=<redacted>; CID=<redacted>; SEID=<redacted>; KID=<redacted>
02-15 10:34:28.161 4350  23811 W Retrofit: 	User-Agent: Mozilla/5.0 115Browser/27.0.0.0
02-15 10:34:28.161 4350  23811 W Retrofit:
02-15 10:34:28.161 4350  23811 W Retrofit: --> END GET
02-15 10:34:28.195 2130  4268  I vendor.qti.hardware.display.composer-service: FrameNotifyProcess Sensor: notify citsensorservice to trigger cwb
02-15 10:34:28.196 3436  5559  I libsensor-parseRGB: request dump start for mRequestDisplayId 0
02-15 10:34:28.197 2391  2832  E HWComposer: getLuts: getLuts failed for display 4630946738963277955: UNSUPPORTED (8)
02-15 10:34:28.197 3436  5559  D vendor.xiaomi.sensor.citsensorservice@2.0-service: handle id:22 wxh:1536x3200 uwxuh:1440x3200 size: 14745600 fd:19 fd_meta:20 flags:0x228 usage:0x33  format:0x3 layer_count: 1 reserved_size = 0
02-15 10:34:28.197 2130  2815  W SDM: HWCSession::GetDisplayIndex: Display index not found for display 1.
02-15 10:34:28.197 2130  2815  W SDM: HWCSession::GetDisplayIndex: Display index not found for display 3.
02-15 10:34:28.197 2130  2815  D SDM: HWCSession::SetCWBOutputBuffer: CWB config passed by cwb_client : tappoint 1  CWB_ROI : (768.000000 40.000000 1009.000000 281.000000). Display 0
02-15 10:34:28.213 2130  2377  D SDM: HWDeviceDRM::SetupConcurrentWriteback: Tear down the Concurrent Writeback topology
02-15 10:34:28.218 2130  5577  D SDM: HWCSession::NotifyCWBStatus: Notify the client about buffer status 0. Display: 0
02-15 10:34:28.219 2130  5577  I SDM: HWCSession::ProcessCWBStatus: CWB queue is empty. display_index: 0
02-15 10:34:28.222 3436  5560  D libsensor-parseRGB: the value of RGB [33.932511 32.648538 28.285280]
02-15 10:34:28.224 7430  7751  I BoostHelper: restore Mainthread priority to 0,RenderThread to-4
02-15 10:34:28.224 7430  7751  D BoostHelper: thread tid=7430, priority is set to 0
02-15 10:34:28.224 7430  7751  D BoostHelper: thread tid=7819, priority is set to -4
02-15 10:34:28.256 4350  23811 W Retrofit: <-- 200 OK https://webapi.115.com/files?aid=<redacted>&cid=<redacted>&offset=<redacted>&limit=<redacted>&show_dir=<redacted>&format=<redacted> (94ms）
02-15 10:34:28.256 4350  23811 W Retrofit: 	Date: Sun, 15 Feb 2026 02:34:27 GMT
02-15 10:34:28.256 4350  23811 W Retrofit: 	Content-Type: text/html; charset=UTF-8
02-15 10:34:28.257 4350  23811 W Retrofit: 	Transfer-Encoding: chunked
02-15 10:34:28.257 4350  23811 W Retrofit: 	Connection: keep-alive
02-15 10:34:28.257 4350  23811 W Retrofit: 	Set-Cookie: <redacted>
02-15 10:34:28.257 4350  23811 W Retrofit: 	Expires: Mon, 26 Jul 1997 05:00:00 GMT
02-15 10:34:28.257 4350  23811 W Retrofit: 	Last-Modified: Sun, 15 Feb 2026 02:34:27 GMT
02-15 10:34:28.257 4350  23811 W Retrofit: 	Cache-Control: no-store, no-cache, must-revalidate
02-15 10:34:28.258 4350  23811 W Retrofit: 	Cache-Control: post-check=0, pre-check=0
02-15 10:34:28.258 4350  23811 W Retrofit: 	Pragma: no-cache
02-15 10:34:28.258 4350  23811 W Retrofit: 	Powered-By-115: HN1_wp-app3
02-15 10:34:28.258 4350  23811 W Retrofit: 	Origin-Agent-Cluster: ?0
02-15 10:34:28.258 4350  23811 W Retrofit:
02-15 10:34:28.259 4350  23811 W Retrofit: 	body:{"data":[{"cid":"3344014803322338267","aid":"1","pid":"3237867677215947250","n":"2026-01","m":0,"cc":"","sh":"0","pc":"fd9bsunp8ztgof5q7r","t":"1770556156","te":"1770556156","tu":"1770556156","tp":"1768653628","to":"1770283587","e":"","p":0,"ns":"2026-01","u":"","fc":0,"fdes":0,"hdf":0,"ispl":0,"fvs":0,"check_code":0,"check_msg":"","fuuid":37610873,"ec":0,"fl":[],"issct":0,"score":0,"is_top":0},{"cid":"3270504456712420232","aid":"1","pid":"3237867677215947250","n":"2025-10","m":0,"cc":"","sh":"0","pc":"fd0eu9743le6e85q7r","t":"1768654381","te":"1768654381","tu":"1768654381","tp":"1759890512","to":"1768654723","e":"","p":0,"ns":"2025-10","u":"","fc":0,"fdes":0,"hdf":0,"ispl":0,"fvs":0,"check_code":0,"check_msg":"","fuuid":37610873,"ec":0,"fl":[],"issct":0,"score":0,"is_top":0},{"cid":"3265489555363264965","aid":"1","pid":"3237867677215947250","n":"2025-04","m":0,"cc":"","sh":"0","pc":"faz6fq0yu7lw7o4hto","t":"1761285911","te":"1761285911","tu":"1761285911","tp":"1759292689","to":"1768272991","e":"","p":0,"ns":"2025-04","u":"","fc":0,"fdes":0,"hdf":0,"ispl":0,"fvs":0,"check_code":0,"check_msg":"","fuuid":37610873,"ec":0,"fl":[],"issct":0,"score":0,"is_top":0},{"cid":"3265489351369095318","aid":"1","pid":"3237867677215947250","n":"2025-07","m":0,"cc":"","sh":"0","pc":"fb5qshjp7wb98vw84t","t":"1765374024","te":"1765374024","tu":"1765374024","tp":"1759292665","to":"1768654368","e":"","p":0,"ns":"2025-07","u":"","fc":0,"fdes":0,"hdf":0,"ispl":0,"fvs":0,"check_code":0,"check_msg":"","fuuid":37610873,"ec":0,"fl":[],"issct":0,"score":0,"is_top":0}],"count":4,"sys_count":0,"page_size":200,"aid":"1","cid":"3237867677215947250","is_asc":0,"star":0,"is_share":0,"type":0,"is_q":0,"r_all":0,"stdir":0,"cur":0,"min_size":0,"max_size":0,"record_open_time":"","path":[{"name":"\u6839\u76ee\u5f55","aid":"1","cid":"0","pid":"0","isp":"0"},{"cid":"3237867677215947250","name":"TV","aid":"1","pid":"0","p_cid":"305","isp":"0","iss":"0","fv":"","fvs":"0"}],"fields":"","order":"user_ptime","fc_mix":0,"cost_time_1":0.003373861312866211,"natsort":0,"uid":37610873,"offset":0,"limit":200,"suffix":"","last_utime":1770017134,"use_cache":0,"cost_time_2":0.0036978721618652344,"cost_time_3":0.003932952880859375,"cost_time_4":0.00393986701965332,"cost_time_5":0.008285999298095703,"cost_time_6":0.008289813995361328,"cost_time_7":0.009985923767089844,"cost_time_8":0.00998687744140625,"state":true,"error":"","errNo":0}
02-15 10:34:28.259 4350  23811 W Retrofit: <-- END HTTP
02-15 10:34:28.262 4350  23811 W Retrofit: --> GET https://webapi.115.com/files?aid=<redacted>&cid=<redacted>&offset=<redacted>&limit=<redacted>&show_dir=<redacted>&format=<redacted> http/1.1
02-15 10:34:28.262 4350  23811 W Retrofit: 	Cookie: UID=<redacted>; CID=<redacted>; SEID=<redacted>; KID=<redacted>
02-15 10:34:28.262 4350  23811 W Retrofit: 	User-Agent: Mozilla/5.0 115Browser/27.0.0.0
02-15 10:34:28.262 4350  23811 W Retrofit:
02-15 10:34:28.262 4350  23811 W Retrofit: --> END GET
02-15 10:34:28.299 2130  10695 I MiStcImpl: Dispatching command: 35 SET_HISTOGRAM
02-15 10:34:28.329 3436  5564  I libsensor-displayalgo: the value of channelCali C:33.008874,R:19.481696,G:12.047271,B:5.207807,scales C:0.975640,R:0.954020,G:0.938446,B:1.138384
02-15 10:34:28.330 3436  5564  D libsensor-displayalgo: brightness:223.000000,R:2329.996108,G:2140.426046,B:1561.108366,EVENT C:1258.296387,R:823.813904,G:431.166748,B:249.702072, lux: 15.188610,cct:5535.864258, irPara: 0
02-15 10:34:28.334 2870  3069  D BarFollowAnimation: isAppTaskBarOnTop win:Window{f15d049 u0 com.okamihoro.ddplaytv.debug/com.xyoye.storage_component.ui.activities.storage_file.StorageFileActivity} (mCurrentTopTask:Task{a08106c #22580 type=standard A=10588:com.okamihoro.ddplaytv.debug} : true); (mAssociatedTask:Task{a08106c #22580 type=standard A=10588:com.okamihoro.ddplaytv.debug} : true); (mHomeTask:Task{24c4b17 #22534 type=home} : false); mReparentToOriginParent:false mLastAppBarVisible:true mLastHomeBarVisible:false
02-15 10:34:28.335 2870  3069  D MiuiRefreshRatePolicy: reset
02-15 10:34:28.342 2870  3069  D SystemPerformanceHinter: endSession#HighPerfSession-d0-WindowAnimation
02-15 10:34:28.343 2870  3069  D BarFollowAnimation: isAppTaskBarOnTop win:Window{f15d049 u0 com.okamihoro.ddplaytv.debug/com.xyoye.storage_component.ui.activities.storage_file.StorageFileActivity} (mCurrentTopTask:Task{a08106c #22580 type=standard A=10588:com.okamihoro.ddplaytv.debug} : true); (mAssociatedTask:Task{a08106c #22580 type=standard A=10588:com.okamihoro.ddplaytv.debug} : true); (mHomeTask:Task{24c4b17 #22534 type=home} : false); mReparentToOriginParent:false mLastAppBarVisible:true mLastHomeBarVisible:false
02-15 10:34:28.343 2870  3069  D MiuiRefreshRatePolicy: reset
02-15 10:34:28.359 4350  23811 W Retrofit: <-- 200 OK https://webapi.115.com/files?aid=<redacted>&cid=<redacted>&offset=<redacted>&limit=<redacted>&show_dir=<redacted>&format=<redacted> (96ms）
02-15 10:34:28.360 4350  23811 W Retrofit: 	Date: Sun, 15 Feb 2026 02:34:28 GMT
02-15 10:34:28.360 4350  23811 W Retrofit: 	Content-Type: text/html; charset=UTF-8
02-15 10:34:28.360 4350  23811 W Retrofit: 	Transfer-Encoding: chunked
02-15 10:34:28.360 4350  23811 W Retrofit: 	Connection: keep-alive
02-15 10:34:28.360 4350  23811 W Retrofit: 	Set-Cookie: <redacted>
02-15 10:34:28.360 4350  23811 W Retrofit: 	Expires: Mon, 26 Jul 1997 05:00:00 GMT
02-15 10:34:28.361 4350  23811 W Retrofit: 	Last-Modified: Sun, 15 Feb 2026 02:34:28 GMT
02-15 10:34:28.361 4350  23811 W Retrofit: 	Cache-Control: no-store, no-cache, must-revalidate
02-15 10:34:28.361 4350  23811 W Retrofit: 	Cache-Control: post-check=0, pre-check=0
02-15 10:34:28.361 4350  23811 W Retrofit: 	Pragma: no-cache
02-15 10:34:28.361 4350  23811 W Retrofit: 	Powered-By-115: HN1_wp-web1
02-15 10:34:28.361 4350  23811 W Retrofit: 	Origin-Agent-Cluster: ?0
02-15 10:34:28.361 4350  23811 W Retrofit:
02-15 10:34:28.362 2870  6230  D MiuiNM: tcp fail rate reach: 93
02-15 10:34:28.362 2870  6230  W ContextImpl: Calling a method in the system process without a qualified user: android.app.ContextImpl.sendBroadcast:1280 android.content.ContextWrapper.sendBroadcast:522 com.android.server.wifi.MiuiNetworkMonitor.sendBroadcastForNetwork:775 com.android.server.wifi.MiuiNetworkMonitor.notifyNetworkWarning:716 com.android.server.wifi.MiuiNetworkMonitor.evaluateNetworkQoE:628
02-15 10:34:28.365 2870  3113  D BroadcastQueue: Logging broadcast for android, stopped=false, firstLaunch=false
02-15 10:34:28.366 4350  23811 W Retrofit: 	body:{"data":[{"cid":"3359974357038070471","aid":"1","pid":"3344014803322338267","n":"\u91d1\u724c\u5f97\u4e3b \u7b2c\u4e8c\u5b63","m":0,"cc":"","sh":"0","pc":"fekxtuxfuki1re3n6g","t":"1770793294","te":"1770793294","tu":"1770793294","tp":"1770556156","to":0,"e":"","p":0,"ns":"\u91d1\u724c\u5f97\u4e3b \u7b2c\u4e8c\u5b63","u":"","fc":0,"fdes":0,"hdf":0,"ispl":0,"fvs":0,"check_code":0,"check_msg":"","fuuid":37610873,"ec":0,"fl":[],"issct":0,"score":0,"is_top":0},{"cid":"3358394534595459525","aid":"1","pid":"3344014803322338267","n":"[Comicat&kisssub][Sousou no Frieren S2][03][1080P][GB][MP4].mp4","m":0,"cc":"","sh":"0","pc":"fbdv13vpxku5ttw84t","t":"1770367826","te":"1770367826","tu":"1770367826","tp":"1770367826","to":0,"e":"","p":0,"ns":"[Comicat&kisssub][Sousou no Frieren S2][03][1080P][GB][MP4].mp4","u":"","fc":0,"fdes":0,"hdf":0,"ispl":0,"fvs":0,"check_code":0,"check_msg":"","fuuid":37610873,"ec":0,"fl":[],"issct":0,"score":0,"is_top":0},{"cid":"3357697061434489819","aid":"1","pid":"3344014803322338267","n":"\u846c\u9001\u7684\u8299\u8389\u83b2 \u7b2c\u4e8c\u5b63","m":0,"cc":"","sh":"0","pc":"fcg6kx9t6uux7zruhy","t":"1770285008","te":"1770285008","tu":"1770285008","tp":"1770284681","to":"1770284764","e":"","p":0,"ns":"\u846c\u9001\u7684\u8299\u8389\u83b2 \u7b2c\u4e8c\u5b63","u":"","fc":0,"fdes":0,"hdf":0,"ispl":0,"fvs":0,"check_code":0,"check_msg":"","fuuid":37610873,"ec":0,"fl":[],"issct":0,"score":0,"is_top":0},{"cid":"3353338230340385527","aid":"1","pid":"3344014803322338267","n":"\u53ef\u4ee5\u5e2e\u5fd9\u6d17\u5e72\u51c0\u5417\uff1f","m":0,"cc":"","sh":"0","pc":"fbdoph2ws879l2w84t","t":"1770106709","te":"1770106709","tu":"1770106709","tp":"1769765068","to":"1770106592","e":"","p":0,"ns":"\u53ef\u4ee5\u5e2e\u5fd9\u6d17\u5e72\u51c0\u5417\uff1f","u":"","fc":0,"fdes":0,"hdf":0,"ispl":0,"fvs":0,"check_code":0,"check_msg":"","fuuid":37610873,"ec":0,"fl":[],"issct":0,"score":0,"is_top":0},{"cid":"3352647795104086510","aid":"1","pid":"3344014803322338267","n":"\u5224\u5904\u52c7\u8005\u5211","m":0,"cc":"","sh":"0","pc":"fekjtxj4cczv623n6g","t":"1770038958","te":"1770038958","tu":"1770038958","tp":"1769682761","to":"1769697475","e":"","p":0,"ns":"\u5224\u5904\u52c7\u8005\u5211","u":"","fc":0,"fdes":0,"hdf":0,"ispl":0,"fvs":0,"check_code":0,"check_msg":"","fuuid":37610873,"ec":0,"fl":[],"issct":0,"score":0,"is_top":0},{"cid":"3352647526349863190","aid":"1","pid":"3344014803322338267","n":"\u5384\u91cc\u65af\u7684\u5723\u676f","m":0,"cc":"","sh":"0","pc":"fd9kmupmfehf2b5q7r","t":"1770038966","te":"1770038966","tu":"1770038966","tp":"1769682729","to":"1770027580","e":"","p":0,"ns":"\u5384\u91cc\u65af\u7684\u5723\u676f","u":"","fc":0,"fdes":0,"hdf":0,"ispl":0,"fvs":0,"check_code":0,"check_msg":"","fuuid":37610873,"ec":0,"fl":[],"issct":0,"score":0,"is_top":0},{"cid":"3352647507869759594","aid":"1","pid":"3344014803322338267","n":"\u300c\u51ed\u59b3\u4e5f\u60f3\u8ba8\u4f10\u9b54\u738b\uff1f\u300d\u88ab\u52c7\u8005\u5c0f\u961f\u9010\u51fa\u961f\u4f0d\uff0c\u53ea\u597d\u5728\u738b\u90fd\u81ea\u5728\u8fc7\u6d3b","m":0,"cc":"","sh":"0","pc":"fa7curnk2dmquw4hto","t":"1770038976","te":"1770038976","tu":"1770038976","tp":"1769682727","to":"1770027582","e":"","p":0,"ns":"\u300c\u51ed\u59b3\u4e5f\u60f3\u8ba8\u4f10\u9b54\u738b\uff1f\u300d\u88ab\u52c7\u8005\u5c0f\u961f\u9010\u51fa\u961f\u4f0d\uff0c\u53ea\u597d\u5728\u738b\u90fd\u81ea\u5728\u8fc7\u6d3b","u":"","fc":0,"fdes":0,"hdf":0,"ispl":0,"fvs":0,"check_code":0,"check_msg":"","fuuid":37610873,"ec":0,"fl":[],"issct":0,"score":0,"is_top":0},{"cid":"3352647473300306821","aid":"1","pid":"3344014803322338267","n":"\u8611\u83c7\u9b54\u5973","m":0,"cc":"","sh":"0","pc":"fekjtx7bdx8txi3n6g","t":"1770038990","te":"1770038990","tu":"1770038990","tp":"1769682723","to":"1769697474","e":"","p":0,"ns":"\u8611\u83c7\u9b54\u5973","u":"","fc":0,"fdes":0,"hdf":0,"ispl":0,"fvs":0,"check_code":0,"check_msg":"","fuuid":37610873,"ec":0,"fl":[],"issct":0,"score":0,"is_top":0},{"cid":"3352647469407992678","aid":"1","pid":"3344014803322338267","n":"29\u5c81\u5355\u8eab\u
02-15 10:34:28.366 4350  23811 W Retrofit: <-- END HTTP
02-15 10:34:28.371 4350  23811 W Retrofit: --> GET https://webapi.115.com/files?aid=<redacted>&cid=<redacted>&offset=<redacted>&limit=<redacted>&show_dir=<redacted>&format=<redacted> http/1.1
02-15 10:34:28.371 4350  23811 W Retrofit: 	Cookie: UID=<redacted>; CID=<redacted>; SEID=<redacted>; KID=<redacted>
02-15 10:34:28.371 4350  23811 W Retrofit: 	User-Agent: Mozilla/5.0 115Browser/27.0.0.0
02-15 10:34:28.371 4350  23811 W Retrofit:
02-15 10:34:28.371 4350  23811 W Retrofit: --> END GET
02-15 10:34:28.397 2391  2832  E HWComposer: getLuts: getLuts failed for display 4630946738963277955: UNSUPPORTED (8)
02-15 10:34:28.402 2130  4268  I vendor.qti.hardware.display.composer-service: FrameNotifyProcess Sensor: notify citsensorservice to trigger cwb
02-15 10:34:28.403 3436  5559  I libsensor-parseRGB: request dump start for mRequestDisplayId 0
02-15 10:34:28.403 3436  5559  D vendor.xiaomi.sensor.citsensorservice@2.0-service: handle id:22 wxh:1536x3200 uwxuh:1440x3200 size: 14745600 fd:19 fd_meta:20 flags:0x228 usage:0x33  format:0x3 layer_count: 1 reserved_size = 0
02-15 10:34:28.403 2130  2815  W SDM: HWCSession::GetDisplayIndex: Display index not found for display 1.
02-15 10:34:28.403 2130  2815  W SDM: HWCSession::GetDisplayIndex: Display index not found for display 3.
02-15 10:34:28.403 2130  2815  D SDM: HWCSession::SetCWBOutputBuffer: CWB config passed by cwb_client : tappoint 1  CWB_ROI : (768.000000 40.000000 1009.000000 281.000000). Display 0
02-15 10:34:28.420 2130  2377  D SDM: HWDeviceDRM::SetupConcurrentWriteback: Tear down the Concurrent Writeback topology
02-15 10:34:28.426 2130  5577  D SDM: HWCSession::NotifyCWBStatus: Notify the client about buffer status 0. Display: 0
